__tests__/api/alerts.test.ts(21,6): error TS2300: Duplicate identifier 'Role'.
__tests__/api/alerts.test.ts(68,7): error TS2451: Cannot redeclare block-scoped variable 'prisma'.
__tests__/api/patients.test.ts(28,6): error TS2300: Duplicate identifier 'Role'.
__tests__/api/patients.test.ts(72,7): error TS2451: Cannot redeclare block-scoped variable 'prisma'.
__tests__/middleware/rbac.test.ts(9,6): error TS2300: Duplicate identifier 'Role'.
__tests__/models/patient.test.ts(7,22): error TS2307: Cannot find module 'mongoose' or its corresponding type declarations.
app/admin/alerts/[id]/page.tsx(7,3): error TS2305: Module '"lucide-react"' has no exported member 'Clock'.
app/admin/alerts/[id]/page.tsx(8,3): error TS2305: Module '"lucide-react"' has no exported member 'CheckCircle'.
app/admin/alerts/[id]/page.tsx(9,3): error TS2305: Module '"lucide-react"' has no exported member 'ArrowLeft'.
app/admin/alerts/[id]/page.tsx(10,3): error TS2305: Module '"lucide-react"' has no exported member 'User'.
app/admin/alerts/[id]/page.tsx(11,3): error TS2305: Module '"lucide-react"' has no exported member 'Activity'.
app/admin/alerts/[id]/page.tsx(12,3): error TS2305: Module '"lucide-react"' has no exported member 'AlertTriangle'.
app/admin/alerts/[id]/page.tsx(13,3): error TS2305: Module '"lucide-react"' has no exported member 'Info'.
app/admin/alerts/[id]/page.tsx(14,3): error TS2305: Module '"lucide-react"' has no exported member 'Mail'.
app/admin/alerts/[id]/page.tsx(15,3): error TS2305: Module '"lucide-react"' has no exported member 'Phone'.
app/admin/alerts/[id]/page.tsx(16,3): error TS2305: Module '"lucide-react"' has no exported member 'Heart'.
app/admin/alerts/[id]/page.tsx(17,3): error TS2305: Module '"lucide-react"' has no exported member 'Thermometer'.
app/admin/alerts/[id]/page.tsx(18,3): error TS2305: Module '"lucide-react"' has no exported member 'Wind'.
app/admin/alerts/[id]/page.tsx(19,3): error TS2305: Module '"lucide-react"' has no exported member 'Gauge'.
app/admin/alerts/[id]/page.tsx(20,3): error TS2305: Module '"lucide-react"' has no exported member 'Sparkles'.
app/admin/alerts/page.tsx(10,3): error TS2305: Module '"lucide-react"' has no exported member 'AlertCircle'.
app/admin/alerts/page.tsx(11,3): error TS2305: Module '"lucide-react"' has no exported member 'Clock'.
app/admin/alerts/page.tsx(12,3): error TS2305: Module '"lucide-react"' has no exported member 'CheckCircle'.
app/admin/alerts/page.tsx(13,3): error TS2305: Module '"lucide-react"' has no exported member 'Search'.
app/admin/alerts/page.tsx(14,3): error TS2305: Module '"lucide-react"' has no exported member 'Filter'.
app/admin/alerts/page.tsx(15,3): error TS2305: Module '"lucide-react"' has no exported member 'ArrowLeft'.
app/admin/alerts/page.tsx(16,3): error TS2305: Module '"lucide-react"' has no exported member 'ChevronRight'.
app/admin/alerts/page.tsx(17,3): error TS2305: Module '"lucide-react"' has no exported member 'User'.
app/admin/alerts/page.tsx(18,3): error TS2305: Module '"lucide-react"' has no exported member 'Calendar'.
app/admin/alerts/page.tsx(19,3): error TS2305: Module '"lucide-react"' has no exported member 'AlertTriangle'.
app/admin/alerts/page.tsx(20,3): error TS2305: Module '"lucide-react"' has no exported member 'Info'.
app/admin/analytics/page.tsx(8,3): error TS2305: Module '"lucide-react"' has no exported member 'ArrowLeft'.
app/admin/analytics/page.tsx(9,3): error TS2305: Module '"lucide-react"' has no exported member 'TrendingUp'.
app/admin/analytics/page.tsx(10,3): error TS2305: Module '"lucide-react"' has no exported member 'Users'.
app/admin/analytics/page.tsx(11,3): error TS2305: Module '"lucide-react"' has no exported member 'Activity'.
app/admin/analytics/page.tsx(12,3): error TS2305: Module '"lucide-react"' has no exported member 'AlertCircle'.
app/admin/analytics/page.tsx(13,3): error TS2305: Module '"lucide-react"' has no exported member 'Download'.
app/admin/analytics/page.tsx(14,3): error TS2305: Module '"lucide-react"' has no exported member 'Database'.
app/admin/audit/page.tsx(6,3): error TS2305: Module '"lucide-react"' has no exported member 'ArrowLeft'.
app/admin/audit/page.tsx(6,14): error TS2305: Module '"lucide-react"' has no exported member 'Search'.
app/admin/audit/page.tsx(6,22): error TS2305: Module '"lucide-react"' has no exported member 'Clock'.
app/admin/audit/page.tsx(6,29): error TS2305: Module '"lucide-react"' has no exported member 'FileText'.
app/admin/audit/page.tsx(6,39): error TS2305: Module '"lucide-react"' has no exported member 'Loader2'.
app/admin/audit/page.tsx(6,48): error TS2305: Module '"lucide-react"' has no exported member 'Globe'.
app/admin/audit/page.tsx(6,55): error TS2305: Module '"lucide-react"' has no exported member 'Cpu'.
app/admin/audit/page.tsx(54,37): error TS2559: Type 'string' has no properties in common with type '{ action?: string | undefined; entityType?: string | undefined; userId?: string | undefined; startDate?: Date | undefined; endDate?: Date | undefined; limit?: number | undefined; }'.
app/admin/blockchain-transactions/page.tsx(7,3): error TS2305: Module '"lucide-react"' has no exported member 'RefreshCw'.
app/admin/blockchain-transactions/page.tsx(8,3): error TS2305: Module '"lucide-react"' has no exported member 'Wallet'.
app/admin/blockchain-transactions/page.tsx(9,3): error TS2305: Module '"lucide-react"' has no exported member 'Lock'.
app/admin/blockchain-transactions/page.tsx(10,3): error TS2305: Module '"lucide-react"' has no exported member 'Unlock'.
app/admin/blockchain-transactions/page.tsx(11,3): error TS2305: Module '"lucide-react"' has no exported member 'Eye'.
app/admin/blockchain-transactions/page.tsx(12,3): error TS2305: Module '"lucide-react"' has no exported member 'AlertCircle'.
app/admin/blockchain-transactions/page.tsx(13,3): error TS2305: Module '"lucide-react"' has no exported member 'Zap'.
app/admin/blockchain-transactions/page.tsx(14,3): error TS2305: Module '"lucide-react"' has no exported member 'BarChart3'.
app/admin/blockchain-transactions/page.tsx(15,3): error TS2305: Module '"lucide-react"' has no exported member 'Users'.
app/admin/blockchain-transactions/page.tsx(16,3): error TS2305: Module '"lucide-react"' has no exported member 'TrendingUp'.
app/admin/blockchain-transactions/page.tsx(17,3): error TS2305: Module '"lucide-react"' has no exported member 'Filter'.
app/admin/blockchain-transactions/page.tsx(18,3): error TS2305: Module '"lucide-react"' has no exported member 'Download'.
app/admin/blockchain/page.tsx(6,3): error TS2305: Module '"lucide-react"' has no exported member 'Shield'.
app/admin/blockchain/page.tsx(7,3): error TS2305: Module '"lucide-react"' has no exported member 'CheckCircle'.
app/admin/blockchain/page.tsx(8,3): error TS2305: Module '"lucide-react"' has no exported member 'XCircle'.
app/admin/blockchain/page.tsx(9,3): error TS2305: Module '"lucide-react"' has no exported member 'AlertCircle'.
app/admin/blockchain/page.tsx(10,3): error TS2305: Module '"lucide-react"' has no exported member 'Loader2'.
app/admin/blockchain/page.tsx(11,3): error TS2305: Module '"lucide-react"' has no exported member 'Users'.
app/admin/blockchain/page.tsx(12,3): error TS2305: Module '"lucide-react"' has no exported member 'Key'.
app/admin/blockchain/page.tsx(13,3): error TS2305: Module '"lucide-react"' has no exported member 'Clock'.
app/admin/blockchain/page.tsx(14,3): error TS2305: Module '"lucide-react"' has no exported member 'ExternalLink'.
app/admin/blockchain/page.tsx(15,3): error TS2305: Module '"lucide-react"' has no exported member 'RefreshCw'.
app/admin/blockchain/page.tsx(16,3): error TS2305: Module '"lucide-react"' has no exported member 'Wallet'.
app/admin/blockchain/page.tsx(17,3): error TS2305: Module '"lucide-react"' has no exported member 'Copy'.
app/admin/blockchain/page.tsx(18,3): error TS2305: Module '"lucide-react"' has no exported member 'Check'.
app/admin/blockchain/page.tsx(19,3): error TS2305: Module '"lucide-react"' has no exported member 'UserCheck'.
app/admin/blockchain/page.tsx(20,3): error TS2305: Module '"lucide-react"' has no exported member 'UserX'.
app/admin/export/page.tsx(6,3): error TS2305: Module '"lucide-react"' has no exported member 'ArrowLeft'.
app/admin/export/page.tsx(7,3): error TS2305: Module '"lucide-react"' has no exported member 'Download'.
app/admin/export/page.tsx(8,3): error TS2305: Module '"lucide-react"' has no exported member 'FileSpreadsheet'.
app/admin/export/page.tsx(9,3): error TS2305: Module '"lucide-react"' has no exported member 'FileText'.
app/admin/export/page.tsx(10,3): error TS2305: Module '"lucide-react"' has no exported member 'Loader2'.
app/admin/export/page.tsx(11,3): error TS2305: Module '"lucide-react"' has no exported member 'Users'.
app/admin/export/page.tsx(12,3): error TS2305: Module '"lucide-react"' has no exported member 'Activity'.
app/admin/export/page.tsx(13,3): error TS2305: Module '"lucide-react"' has no exported member 'AlertCircle'.
app/admin/layout.tsx(3,10): error TS2305: Module '"lucide-react"' has no exported member 'Search'.
app/admin/notifications/page.tsx(4,10): error TS2305: Module '"lucide-react"' has no exported member 'Bell'.
app/admin/notifications/page.tsx(4,16): error TS2305: Module '"lucide-react"' has no exported member 'AlertCircle'.
app/admin/notifications/page.tsx(4,29): error TS2305: Module '"lucide-react"' has no exported member 'Loader2'.
app/admin/pending-patients/page.tsx(5,3): error TS2305: Module '"lucide-react"' has no exported member 'Mail'.
app/admin/pending-patients/page.tsx(6,3): error TS2305: Module '"lucide-react"' has no exported member 'Phone'.
app/admin/pending-patients/page.tsx(7,3): error TS2305: Module '"lucide-react"' has no exported member 'CheckCircle'.
app/admin/pending-patients/page.tsx(8,3): error TS2305: Module '"lucide-react"' has no exported member 'XCircle'.
app/admin/pending-patients/page.tsx(9,3): error TS2305: Module '"lucide-react"' has no exported member 'Loader2'.
app/admin/pending-patients/page.tsx(10,3): error TS2305: Module '"lucide-react"' has no exported member 'Clock'.
app/admin/pending-patients/page.tsx(11,3): error TS2305: Module '"lucide-react"' has no exported member 'User'.
app/admin/pending-patients/page.tsx(35,19): error TS2345: Argument of type '({ user: { id: string; isActive: boolean; createdAt: Date; email: string; firstName: string; lastName: string; role: Role; phoneNumber: string | null; }; } & { id: string; userId: string; ... 16 more ...; vitalThresholds: { ...; } | null; })[]' is not assignable to parameter of type 'SetStateAction<PatientWithUser[]>'.
  Type '({ user: { id: string; isActive: boolean; createdAt: Date; email: string; firstName: string; lastName: string; role: Role; phoneNumber: string | null; }; } & { id: string; userId: string; ... 16 more ...; vitalThresholds: { ...; } | null; })[]' is not assignable to type 'PatientWithUser[]'.
    Type '{ user: { id: string; isActive: boolean; createdAt: Date; email: string; firstName: string; lastName: string; role: Role; phoneNumber: string | null; }; } & { id: string; userId: string; ... 16 more ...; vitalThresholds: { ...; } | null; }' is not assignable to type 'PatientWithUser'.
      Type '{ user: { id: string; isActive: boolean; createdAt: Date; email: string; firstName: string; lastName: string; role: Role; phoneNumber: string | null; }; } & { id: string; userId: string; ... 16 more ...; vitalThresholds: { ...; } | null; }' is not assignable to type 'Patient'.
        Types of property 'gender' are incompatible.
          Type 'import("C:/Users/arijm/Music/Esprit-FullStackJs-4twin4-2526-MediFollow/node_modules/.prisma/client/index").$Enums.Gender' is not assignable to type 'import("C:/Users/arijm/Music/Esprit-FullStackJs-4twin4-2526-MediFollow/types/medifollow.types").Gender'.
            Type '"MALE"' is not assignable to type 'Gender'.
app/admin/profile/page.tsx(6,3): error TS2305: Module '"lucide-react"' has no exported member 'User'.
app/admin/profile/page.tsx(7,3): error TS2305: Module '"lucide-react"' has no exported member 'Mail'.
app/admin/profile/page.tsx(8,3): error TS2305: Module '"lucide-react"' has no exported member 'Phone'.
app/admin/profile/page.tsx(9,3): error TS2305: Module '"lucide-react"' has no exported member 'Camera'.
app/admin/profile/page.tsx(10,3): error TS2305: Module '"lucide-react"' has no exported member 'Lock'.
app/admin/profile/page.tsx(11,3): error TS2305: Module '"lucide-react"' has no exported member 'Eye'.
app/admin/profile/page.tsx(12,3): error TS2305: Module '"lucide-react"' has no exported member 'EyeOff'.
app/admin/profile/page.tsx(13,3): error TS2305: Module '"lucide-react"' has no exported member 'Loader2'.
app/admin/profile/page.tsx(14,3): error TS2305: Module '"lucide-react"' has no exported member 'CheckCircle'.
app/admin/profile/page.tsx(15,3): error TS2305: Module '"lucide-react"' has no exported member 'Shield'.
app/admin/profile/page.tsx(16,3): error TS2305: Module '"lucide-react"' has no exported member 'Trash2'.
app/admin/profile/page.tsx(17,3): error TS2305: Module '"lucide-react"' has no exported member 'AlertTriangle'.
app/admin/questionnaires/page.tsx(6,3): error TS2305: Module '"lucide-react"' has no exported member 'ArrowLeft'.
app/admin/questionnaires/page.tsx(7,3): error TS2305: Module '"lucide-react"' has no exported member 'Plus'.
app/admin/questionnaires/page.tsx(8,3): error TS2305: Module '"lucide-react"' has no exported member 'Trash2'.
app/admin/questionnaires/page.tsx(9,3): error TS2305: Module '"lucide-react"' has no exported member 'Edit3'.
app/admin/questionnaires/page.tsx(10,3): error TS2305: Module '"lucide-react"' has no exported member 'FileText'.
app/admin/questionnaires/page.tsx(11,3): error TS2305: Module '"lucide-react"' has no exported member 'Save'.
app/admin/questionnaires/page.tsx(12,3): error TS2305: Module '"lucide-react"' has no exported member 'X'.
app/admin/questionnaires/page.tsx(13,3): error TS2305: Module '"lucide-react"' has no exported member 'CheckCircle'.
app/admin/questionnaires/page.tsx(14,3): error TS2305: Module '"lucide-react"' has no exported member 'Users'.
app/admin/questionnaires/page.tsx(15,3): error TS2305: Module '"lucide-react"' has no exported member 'Building2'.
app/admin/questionnaires/page.tsx(183,24): error TS18048: 'summary' is possibly 'undefined'.
app/admin/questionnaires/page.tsx(184,31): error TS18048: 'summary' is possibly 'undefined'.
app/admin/questionnaires/page.tsx(185,23): error TS18048: 'summary' is possibly 'undefined'.
app/admin/questionnaires/page.tsx(186,22): error TS18048: 'summary' is possibly 'undefined'.
app/admin/search/page.tsx(8,3): error TS2305: Module '"lucide-react"' has no exported member 'Search'.
app/admin/search/page.tsx(9,3): error TS2305: Module '"lucide-react"' has no exported member 'ArrowLeft'.
app/admin/search/page.tsx(10,3): error TS2305: Module '"lucide-react"' has no exported member 'Loader2'.
app/admin/search/page.tsx(11,3): error TS2305: Module '"lucide-react"' has no exported member 'AlertTriangle'.
app/admin/search/page.tsx(12,3): error TS2305: Module '"lucide-react"' has no exported member 'User'.
app/admin/search/page.tsx(13,3): error TS2305: Module '"lucide-react"' has no exported member 'Bell'.
app/admin/search/page.tsx(14,3): error TS2305: Module '"lucide-react"' has no exported member 'ChevronRight'.
app/admin/search/page.tsx(15,3): error TS2305: Module '"lucide-react"' has no exported member 'Database'.
app/admin/search/page.tsx(16,3): error TS2305: Module '"lucide-react"' has no exported member 'XCircle'.
app/admin/services/[id]/edit/page.tsx(6,10): error TS2305: Module '"lucide-react"' has no exported member 'ArrowLeft'.
app/admin/services/[id]/edit/page.tsx(6,21): error TS2305: Module '"lucide-react"' has no exported member 'Save'.
app/admin/services/[id]/page.tsx(5,10): error TS2305: Module '"lucide-react"' has no exported member 'ArrowLeft'.
app/admin/services/[id]/page.tsx(5,21): error TS2305: Module '"lucide-react"' has no exported member 'Building2'.
app/admin/services/[id]/page.tsx(5,32): error TS2305: Module '"lucide-react"' has no exported member 'Edit3'.
app/admin/services/[id]/page.tsx(5,39): error TS2305: Module '"lucide-react"' has no exported member 'Stethoscope'.
app/admin/services/[id]/page.tsx(5,52): error TS2305: Module '"lucide-react"' has no exported member 'Users'.
app/admin/services/page.tsx(6,3): error TS2305: Module '"lucide-react"' has no exported member 'ArrowLeft'.
app/admin/services/page.tsx(7,3): error TS2305: Module '"lucide-react"' has no exported member 'Building2'.
app/admin/services/page.tsx(8,3): error TS2305: Module '"lucide-react"' has no exported member 'Plus'.
app/admin/services/page.tsx(9,3): error TS2305: Module '"lucide-react"' has no exported member 'Save'.
app/admin/services/page.tsx(10,3): error TS2305: Module '"lucide-react"' has no exported member 'Trash2'.
app/admin/services/page.tsx(11,3): error TS2305: Module '"lucide-react"' has no exported member 'Users'.
app/admin/services/page.tsx(12,3): error TS2305: Module '"lucide-react"' has no exported member 'Stethoscope'.
app/admin/services/page.tsx(13,3): error TS2305: Module '"lucide-react"' has no exported member 'Sparkles'.
app/admin/services/page.tsx(14,3): error TS2305: Module '"lucide-react"' has no exported member 'Loader2'.
app/admin/services/page.tsx(15,3): error TS2305: Module '"lucide-react"' has no exported member 'CheckCircle'.
app/admin/services/page.tsx(16,3): error TS2305: Module '"lucide-react"' has no exported member 'AlertCircle'.
app/admin/settings/page.tsx(4,10): error TS2305: Module '"lucide-react"' has no exported member 'Bell'.
app/admin/settings/page.tsx(4,16): error TS2305: Module '"lucide-react"' has no exported member 'Lock'.
app/admin/settings/page.tsx(4,22): error TS2305: Module '"lucide-react"' has no exported member 'Eye'.
app/admin/settings/page.tsx(4,27): error TS2305: Module '"lucide-react"' has no exported member 'Save'.
app/admin/settings/page.tsx(4,33): error TS2305: Module '"lucide-react"' has no exported member 'AlertCircle'.
app/admin/users/[id]/edit/page.tsx(7,3): error TS2305: Module '"lucide-react"' has no exported member 'ArrowLeft'.
app/admin/users/[id]/edit/page.tsx(8,3): error TS2305: Module '"lucide-react"' has no exported member 'Save'.
app/admin/users/[id]/edit/page.tsx(9,3): error TS2305: Module '"lucide-react"' has no exported member 'Trash2'.
app/admin/users/[id]/edit/page.tsx(10,3): error TS2305: Module '"lucide-react"' has no exported member 'Mail'.
app/admin/users/[id]/edit/page.tsx(11,3): error TS2305: Module '"lucide-react"' has no exported member 'Phone'.
app/admin/users/[id]/edit/page.tsx(12,3): error TS2305: Module '"lucide-react"' has no exported member 'Shield'.
app/admin/users/[id]/edit/page.tsx(13,3): error TS2305: Module '"lucide-react"' has no exported member 'UserCog'.
app/admin/users/[id]/edit/page.tsx(14,3): error TS2305: Module '"lucide-react"' has no exported member 'Activity'.
app/admin/users/[id]/edit/page.tsx(15,3): error TS2305: Module '"lucide-react"' has no exported member 'Loader2'.
app/admin/users/[id]/edit/page.tsx(16,3): error TS2305: Module '"lucide-react"' has no exported member 'CheckCircle2'.
app/admin/users/[id]/edit/page.tsx(64,11): error TS2322: Type 'Role' is not assignable to type '"PATIENT" | "DOCTOR" | "ADMIN" | "NURSE" | "COORDINATOR"'.
  Type '"AUDITOR"' is not assignable to type '"PATIENT" | "DOCTOR" | "ADMIN" | "NURSE" | "COORDINATOR"'.
app/admin/users/[id]/page.tsx(7,3): error TS2305: Module '"lucide-react"' has no exported member 'Mail'.
app/admin/users/[id]/page.tsx(8,3): error TS2305: Module '"lucide-react"' has no exported member 'Phone'.
app/admin/users/[id]/page.tsx(9,3): error TS2305: Module '"lucide-react"' has no exported member 'Calendar'.
app/admin/users/[id]/page.tsx(10,3): error TS2305: Module '"lucide-react"' has no exported member 'UserCog'.
app/admin/users/[id]/page.tsx(11,3): error TS2305: Module '"lucide-react"' has no exported member 'Activity'.
app/admin/users/[id]/page.tsx(12,3): error TS2305: Module '"lucide-react"' has no exported member 'Shield'.
app/admin/users/[id]/page.tsx(13,3): error TS2305: Module '"lucide-react"' has no exported member 'Edit'.
app/admin/users/[id]/page.tsx(14,3): error TS2305: Module '"lucide-react"' has no exported member 'Trash2'.
app/admin/users/[id]/page.tsx(15,3): error TS2305: Module '"lucide-react"' has no exported member 'ArrowLeft'.
app/admin/users/[id]/page.tsx(16,3): error TS2305: Module '"lucide-react"' has no exported member 'Clock'.
app/admin/users/[id]/page.tsx(17,3): error TS2305: Module '"lucide-react"' has no exported member 'AlertCircle'.
app/admin/users/[id]/page.tsx(18,3): error TS2305: Module '"lucide-react"' has no exported member 'RefreshCcw'.
app/admin/users/[id]/page.tsx(19,3): error TS2305: Module '"lucide-react"' has no exported member 'User'.
app/admin/users/[id]/page.tsx(20,3): error TS2305: Module '"lucide-react"' has no exported member 'Loader2'.
app/admin/users/[id]/page.tsx(62,17): error TS2345: Argument of type '{ name: string; id: string; isActive: boolean; createdAt: Date; updatedAt: Date; email: string; passwordHash: string; firstName: string; lastName: string; role: $Enums.Role; ... 22 more ...; profilePhoto: string | null; }' is not assignable to parameter of type 'SetStateAction<User | null>'.
  Type '{ name: string; id: string; isActive: boolean; createdAt: Date; updatedAt: Date; email: string; passwordHash: string; firstName: string; lastName: string; role: $Enums.Role; ... 22 more ...; profilePhoto: string | null; }' is not assignable to type 'User'.
    Types of property 'role' are incompatible.
      Type 'Role' is not assignable to type '"PATIENT" | "DOCTOR" | "ADMIN" | "NURSE" | "COORDINATOR"'.
        Type '"AUDITOR"' is not assignable to type '"PATIENT" | "DOCTOR" | "ADMIN" | "NURSE" | "COORDINATOR"'.
app/admin/users/page.tsx(7,3): error TS2305: Module '"lucide-react"' has no exported member 'Users'.
app/admin/users/page.tsx(8,3): error TS2305: Module '"lucide-react"' has no exported member 'Search'.
app/admin/users/page.tsx(9,3): error TS2305: Module '"lucide-react"' has no exported member 'Mail'.
app/admin/users/page.tsx(10,3): error TS2305: Module '"lucide-react"' has no exported member 'Phone'.
app/admin/users/page.tsx(11,3): error TS2305: Module '"lucide-react"' has no exported member 'UserCog'.
app/admin/users/page.tsx(12,3): error TS2305: Module '"lucide-react"' has no exported member 'Activity'.
app/admin/users/page.tsx(13,3): error TS2305: Module '"lucide-react"' has no exported member 'Shield'.
app/admin/users/page.tsx(14,3): error TS2305: Module '"lucide-react"' has no exported member 'Eye'.
app/admin/users/page.tsx(15,3): error TS2305: Module '"lucide-react"' has no exported member 'Edit'.
app/admin/users/page.tsx(16,3): error TS2305: Module '"lucide-react"' has no exported member 'ArrowLeft'.
app/admin/users/page.tsx(17,3): error TS2305: Module '"lucide-react"' has no exported member 'UserPlus'.
app/admin/users/page.tsx(18,3): error TS2305: Module '"lucide-react"' has no exported member 'X'.
app/admin/users/page.tsx(19,3): error TS2305: Module '"lucide-react"' has no exported member 'RotateCcw'.
app/admin/users/page.tsx(20,3): error TS2305: Module '"lucide-react"' has no exported member 'Loader2'.
app/admin/users/page.tsx(161,26): error TS2345: Argument of type '{ id: string; label: string; email: string; role: Role; }[]' is not assignable to parameter of type 'SetStateAction<TeamMemberOption[]>'.
  Type '{ id: string; label: string; email: string; role: Role; }[]' is not assignable to type 'TeamMemberOption[]'.
    Type '{ id: string; label: string; email: string; role: $Enums.Role; }' is not assignable to type 'TeamMemberOption'.
      Types of property 'role' are incompatible.
        Type 'Role' is not assignable to type '"PATIENT" | "DOCTOR" | "ADMIN" | "NURSE" | "COORDINATOR" | "AUDITOR"'.
          Type '"SUPERADMIN"' is not assignable to type '"PATIENT" | "DOCTOR" | "ADMIN" | "NURSE" | "COORDINATOR" | "AUDITOR"'.
app/api/blockchain/export/route.ts(33,39): error TS2345: Argument of type '{ success: boolean; csv: string; count: any; error?: undefined; } | { success: boolean; error: string; csv?: undefined; count?: undefined; }' is not assignable to parameter of type 'BodyInit | null | undefined'.
  Type '{ success: boolean; csv: string; count: any; error?: undefined; }' is not assignable to type 'BodyInit | null | undefined'.
app/api/coordinator/guide/video/route.ts(22,23): error TS2802: Type 'RegExpStringIterator<RegExpExecArray>' can only be iterated through when using the '--downlevelIteration' flag or with a '--target' of 'es2015' or higher.
app/api/documents/extract-text-blob/route.ts(105,19): error TS2345: Argument of type 'string | Buffer<ArrayBufferLike>' is not assignable to parameter of type 'Uint8Array<ArrayBufferLike>'.
  Type 'string' is not assignable to type 'Uint8Array<ArrayBufferLike>'.
app/api/download/[...path]/route.ts(65,19): error TS2345: Argument of type 'string | Buffer<ArrayBufferLike>' is not assignable to parameter of type 'Uint8Array<ArrayBufferLike>'.
  Type 'string' is not assignable to type 'Uint8Array<ArrayBufferLike>'.
app/api/patient/chatbot/route.ts(68,7): error TS2769: No overload matches this call.
  Overload 1 of 3, '(body: ChatCompletionCreateParamsNonStreaming, options?: RequestOptions | undefined): APIPromise<ChatCompletion>', gave the following error.
    Type '{ role: string; content: string; }[]' is not assignable to type 'ChatCompletionMessageParam[]'.
      Type '{ role: string; content: string; }' is not assignable to type 'ChatCompletionMessageParam'.
        Property 'name' is missing in type '{ role: string; content: string; }' but required in type 'ChatCompletionFunctionMessageParam'.
  Overload 2 of 3, '(body: ChatCompletionCreateParamsStreaming, options?: RequestOptions | undefined): APIPromise<Stream<ChatCompletionChunk>>', gave the following error.
    Type '{ role: string; content: string; }[]' is not assignable to type 'ChatCompletionMessageParam[]'.
      Type '{ role: string; content: string; }' is not assignable to type 'ChatCompletionMessageParam'.
        Property 'name' is missing in type '{ role: string; content: string; }' but required in type 'ChatCompletionFunctionMessageParam'.
  Overload 3 of 3, '(body: ChatCompletionCreateParamsBase, options?: RequestOptions | undefined): APIPromise<ChatCompletion | Stream<...>>', gave the following error.
    Type '{ role: string; content: string; }[]' is not assignable to type 'ChatCompletionMessageParam[]'.
      Type '{ role: string; content: string; }' is not assignable to type 'ChatCompletionMessageParam'.
        Property 'name' is missing in type '{ role: string; content: string; }' but required in type 'ChatCompletionFunctionMessageParam'.
app/api/patient/vitals-symptoms/route.ts(121,11): error TS2353: Object literal may only specify known properties, and 'currentMedications' does not exist in type 'PatientInclude<DefaultArgs>'.
app/api/patient/vitals-symptoms/route.ts(136,28): error TS2339: Property 'specialty' does not exist on type '{ id: string; userId: string; medicalRecordNumber: string; dateOfBirth: Date; gender: Gender; bloodType: BloodType | null; profileImage: string | null; bio: string | null; ... 10 more ...; vitalThresholds: { ...; } | null; }'.
app/api/patient/vitals-symptoms/route.ts(137,33): error TS2339: Property 'medicalBackground' does not exist on type '{ id: string; userId: string; medicalRecordNumber: string; dateOfBirth: Date; gender: Gender; bloodType: BloodType | null; profileImage: string | null; bio: string | null; ... 10 more ...; vitalThresholds: { ...; } | null; }'.
app/api/patient/vitals-symptoms/route.ts(138,36): error TS2339: Property 'medicalBackground' does not exist on type '{ id: string; userId: string; medicalRecordNumber: string; dateOfBirth: Date; gender: Gender; bloodType: BloodType | null; profileImage: string | null; bio: string | null; ... 10 more ...; vitalThresholds: { ...; } | null; }'.
app/api/patient/vitals-symptoms/route.ts(143,24): error TS2339: Property 'currentMedications' does not exist on type '{ id: string; userId: string; medicalRecordNumber: string; dateOfBirth: Date; gender: Gender; bloodType: BloodType | null; profileImage: string | null; bio: string | null; ... 10 more ...; vitalThresholds: { ...; } | null; }'.
app/api/patient/vitals-symptoms/route.ts(143,49): error TS7006: Parameter 'm' implicitly has an 'any' type.
app/api/questionnaires/analyze/route.ts(403,7): error TS2345: Argument of type 'string | null' is not assignable to parameter of type 'string'.
  Type 'null' is not assignable to type 'string'.
app/api/questionnaires/respond/route.ts(4,10): error TS2305: Module '"@prisma/client"' has no exported member 'AssignmentStatus'.
app/api/wearables/enzo/route.ts(91,18): error TS2339: Property 'wearableDevice' does not exist on type 'PrismaClient<PrismaClientOptions, never, DefaultArgs>'.
app/api/wearables/santeconnect/callback/route.ts(104,41): error TS2339: Property 'wearableDevice' does not exist on type 'PrismaClient<PrismaClientOptions, never, DefaultArgs>'.
app/change-password/page.tsx(6,3): error TS2305: Module '"lucide-react"' has no exported member 'Eye'.
app/change-password/page.tsx(7,3): error TS2305: Module '"lucide-react"' has no exported member 'EyeOff'.
app/change-password/page.tsx(8,3): error TS2305: Module '"lucide-react"' has no exported member 'AlertCircle'.
app/change-password/page.tsx(9,3): error TS2305: Module '"lucide-react"' has no exported member 'CheckCircle'.
app/change-password/page.tsx(10,3): error TS2305: Module '"lucide-react"' has no exported member 'Lock'.
app/change-password/page.tsx(11,3): error TS2305: Module '"lucide-react"' has no exported member 'ArrowRight'.
app/change-password/page.tsx(12,3): error TS2305: Module '"lucide-react"' has no exported member 'Shield'.
app/change-password/page.tsx(13,3): error TS2305: Module '"lucide-react"' has no exported member 'Zap'.
app/change-password/page.tsx(14,3): error TS2305: Module '"lucide-react"' has no exported member 'Activity'.
app/contact/page.tsx(6,3): error TS2305: Module '"lucide-react"' has no exported member 'Mail'.
app/contact/page.tsx(7,3): error TS2305: Module '"lucide-react"' has no exported member 'Phone'.
app/contact/page.tsx(8,3): error TS2305: Module '"lucide-react"' has no exported member 'MapPin'.
app/contact/page.tsx(9,3): error TS2305: Module '"lucide-react"' has no exported member 'Send'.
app/contact/page.tsx(10,3): error TS2305: Module '"lucide-react"' has no exported member 'Clock'.
app/contact/page.tsx(11,3): error TS2305: Module '"lucide-react"' has no exported member 'User'.
app/contact/page.tsx(12,3): error TS2305: Module '"lucide-react"' has no exported member 'MessageSquare'.
app/contact/page.tsx(13,3): error TS2305: Module '"lucide-react"' has no exported member 'CheckCircle2'.
app/contact/page.tsx(14,3): error TS2305: Module '"lucide-react"' has no exported member 'ArrowLeft'.
app/contact/page.tsx(15,3): error TS2305: Module '"lucide-react"' has no exported member 'Activity'.
app/contact/page.tsx(16,3): error TS2305: Module '"lucide-react"' has no exported member 'Star'.
app/contact/page.tsx(17,3): error TS2305: Module '"lucide-react"' has no exported member 'Zap'.
app/contact/page.tsx(18,3): error TS2305: Module '"lucide-react"' has no exported member 'Sparkles'.
app/contact/page.tsx(19,3): error TS2305: Module '"lucide-react"' has no exported member 'Menu'.
app/contact/page.tsx(20,3): error TS2305: Module '"lucide-react"' has no exported member 'X'.
app/contact/page.tsx(21,3): error TS2305: Module '"lucide-react"' has no exported member 'Heart'.
app/contact/page.tsx(22,3): error TS2305: Module '"lucide-react"' has no exported member 'Users'.
app/contact/page.tsx(23,3): error TS2305: Module '"lucide-react"' has no exported member 'Shield'.
app/contact/page.tsx(24,3): error TS2305: Module '"lucide-react"' has no exported member 'Lock'.
app/contact/page.tsx(25,3): error TS2305: Module '"lucide-react"' has no exported member 'AlertCircle'.
app/contact/page.tsx(26,3): error TS2305: Module '"lucide-react"' has no exported member 'TrendingUp'.
app/dashboard/auditor/audit-logs/page.tsx(5,3): error TS2305: Module '"lucide-react"' has no exported member 'Search'.
app/dashboard/auditor/audit-logs/page.tsx(6,3): error TS2305: Module '"lucide-react"' has no exported member 'Filter'.
app/dashboard/auditor/audit-logs/page.tsx(7,3): error TS2305: Module '"lucide-react"' has no exported member 'Download'.
app/dashboard/auditor/audit-logs/page.tsx(8,3): error TS2305: Module '"lucide-react"' has no exported member 'Clock'.
app/dashboard/auditor/audit-logs/page.tsx(9,3): error TS2305: Module '"lucide-react"' has no exported member 'User'.
app/dashboard/auditor/audit-logs/page.tsx(10,3): error TS2305: Module '"lucide-react"' has no exported member 'Loader'.
app/dashboard/auditor/audit-logs/page.tsx(11,3): error TS2305: Module '"lucide-react"' has no exported member 'X'.
app/dashboard/auditor/audit-logs/page.tsx(12,3): error TS2305: Module '"lucide-react"' has no exported member 'ArrowUpDown'.
app/dashboard/auditor/audit-logs/page.tsx(13,3): error TS2305: Module '"lucide-react"' has no exported member 'ArrowUp'.
app/dashboard/auditor/audit-logs/page.tsx(14,3): error TS2305: Module '"lucide-react"' has no exported member 'ArrowDown'.
app/dashboard/auditor/audit-logs/page.tsx(15,3): error TS2305: Module '"lucide-react"' has no exported member 'CheckCircle'.
app/dashboard/auditor/audit-logs/page.tsx(16,3): error TS2305: Module '"lucide-react"' has no exported member 'AlertCircle'.
app/dashboard/auditor/audit-logs/page.tsx(17,3): error TS2305: Module '"lucide-react"' has no exported member 'XCircle'.
app/dashboard/auditor/audit-logs/page.tsx(18,3): error TS2305: Module '"lucide-react"' has no exported member 'Plus'.
app/dashboard/auditor/audit-logs/page.tsx(19,3): error TS2305: Module '"lucide-react"' has no exported member 'Edit'.
app/dashboard/auditor/audit-logs/page.tsx(20,3): error TS2305: Module '"lucide-react"' has no exported member 'Trash2'.
app/dashboard/auditor/audit-logs/page.tsx(21,3): error TS2305: Module '"lucide-react"' has no exported member 'Eye'.
app/dashboard/auditor/audit-logs/page.tsx(22,3): error TS2305: Module '"lucide-react"' has no exported member 'Activity'.
app/dashboard/auditor/audit-logs/page.tsx(23,3): error TS2305: Module '"lucide-react"' has no exported member 'TrendingUp'.
app/dashboard/auditor/blockchain-transactions/page.tsx(7,3): error TS2305: Module '"lucide-react"' has no exported member 'BarChart3'.
app/dashboard/auditor/blockchain-transactions/page.tsx(8,3): error TS2305: Module '"lucide-react"' has no exported member 'Download'.
app/dashboard/auditor/blockchain-transactions/page.tsx(9,3): error TS2305: Module '"lucide-react"' has no exported member 'Filter'.
app/dashboard/auditor/blockchain-transactions/page.tsx(10,3): error TS2305: Module '"lucide-react"' has no exported member 'Search'.
app/dashboard/auditor/blockchain-transactions/page.tsx(11,3): error TS2305: Module '"lucide-react"' has no exported member 'RefreshCw'.
app/dashboard/auditor/blockchain-transactions/page.tsx(12,3): error TS2305: Module '"lucide-react"' has no exported member 'Wallet'.
app/dashboard/auditor/blockchain-transactions/page.tsx(13,3): error TS2305: Module '"lucide-react"' has no exported member 'Lock'.
app/dashboard/auditor/blockchain-transactions/page.tsx(14,3): error TS2305: Module '"lucide-react"' has no exported member 'Unlock'.
app/dashboard/auditor/blockchain-transactions/page.tsx(15,3): error TS2305: Module '"lucide-react"' has no exported member 'Eye'.
app/dashboard/auditor/blockchain-transactions/page.tsx(16,3): error TS2305: Module '"lucide-react"' has no exported member 'AlertCircle'.
app/dashboard/auditor/blockchain-transactions/page.tsx(17,3): error TS2305: Module '"lucide-react"' has no exported member 'Calendar'.
app/dashboard/auditor/incidents/page.tsx(5,3): error TS2305: Module '"lucide-react"' has no exported member 'AlertCircle'.
app/dashboard/auditor/incidents/page.tsx(6,3): error TS2305: Module '"lucide-react"' has no exported member 'Search'.
app/dashboard/auditor/incidents/page.tsx(7,3): error TS2305: Module '"lucide-react"' has no exported member 'Filter'.
app/dashboard/auditor/incidents/page.tsx(8,3): error TS2305: Module '"lucide-react"' has no exported member 'Download'.
app/dashboard/auditor/incidents/page.tsx(9,3): error TS2305: Module '"lucide-react"' has no exported member 'AlertTriangle'.
app/dashboard/auditor/incidents/page.tsx(10,3): error TS2305: Module '"lucide-react"' has no exported member 'Clock'.
app/dashboard/auditor/incidents/page.tsx(11,3): error TS2305: Module '"lucide-react"' has no exported member 'Loader'.
app/dashboard/auditor/layout.tsx(7,3): error TS2305: Module '"lucide-react"' has no exported member 'LayoutDashboard'.
app/dashboard/auditor/layout.tsx(8,3): error TS2305: Module '"lucide-react"' has no exported member 'Users'.
app/dashboard/auditor/layout.tsx(9,3): error TS2305: Module '"lucide-react"' has no exported member 'Bell'.
app/dashboard/auditor/layout.tsx(10,3): error TS2305: Module '"lucide-react"' has no exported member 'BarChart3'.
app/dashboard/auditor/layout.tsx(11,3): error TS2305: Module '"lucide-react"' has no exported member 'ClipboardList'.
app/dashboard/auditor/layout.tsx(12,3): error TS2305: Module '"lucide-react"' has no exported member 'Settings'.
app/dashboard/auditor/layout.tsx(13,3): error TS2305: Module '"lucide-react"' has no exported member 'LogOut'.
app/dashboard/auditor/layout.tsx(14,3): error TS2305: Module '"lucide-react"' has no exported member 'Menu'.
app/dashboard/auditor/layout.tsx(15,3): error TS2305: Module '"lucide-react"' has no exported member 'X'.
app/dashboard/auditor/layout.tsx(16,3): error TS2305: Module '"lucide-react"' has no exported member 'User'.
app/dashboard/auditor/layout.tsx(17,3): error TS2305: Module '"lucide-react"' has no exported member 'AlertCircle'.
app/dashboard/auditor/layout.tsx(18,3): error TS2305: Module '"lucide-react"' has no exported member 'Activity'.
app/dashboard/auditor/layout.tsx(19,3): error TS2305: Module '"lucide-react"' has no exported member 'FileText'.
app/dashboard/auditor/layout.tsx(20,3): error TS2305: Module '"lucide-react"' has no exported member 'Heart'.
app/dashboard/auditor/layout.tsx(21,3): error TS2305: Module '"lucide-react"' has no exported member 'Mic'.
app/dashboard/auditor/layout.tsx(22,3): error TS2305: Module '"lucide-react"' has no exported member 'Zap'.
app/dashboard/auditor/layout.tsx(23,3): error TS2305: Module '"lucide-react"' has no exported member 'Search'.
app/dashboard/auditor/layout.tsx(24,3): error TS2305: Module '"lucide-react"' has no exported member 'Moon'.
app/dashboard/auditor/layout.tsx(25,3): error TS2305: Module '"lucide-react"' has no exported member 'Sun'.
app/dashboard/auditor/layout.tsx(26,3): error TS2305: Module '"lucide-react"' has no exported member 'Wallet'.
app/dashboard/auditor/layout.tsx(27,3): error TS2305: Module '"lucide-react"' has no exported member 'Copy'.
app/dashboard/auditor/layout.tsx(28,3): error TS2305: Module '"lucide-react"' has no exported member 'Check'.
app/dashboard/auditor/layout.tsx(29,3): error TS2305: Module '"lucide-react"' has no exported member 'ExternalLink'.
app/dashboard/auditor/layout.tsx(30,3): error TS2305: Module '"lucide-react"' has no exported member 'BookOpen'.
app/dashboard/auditor/layout.tsx(31,3): error TS2305: Module '"lucide-react"' has no exported member 'History'.
app/dashboard/auditor/modifications-history/page.tsx(5,3): error TS2305: Module '"lucide-react"' has no exported member 'History'.
app/dashboard/auditor/modifications-history/page.tsx(6,3): error TS2305: Module '"lucide-react"' has no exported member 'Search'.
app/dashboard/auditor/modifications-history/page.tsx(7,3): error TS2305: Module '"lucide-react"' has no exported member 'Filter'.
app/dashboard/auditor/modifications-history/page.tsx(8,3): error TS2305: Module '"lucide-react"' has no exported member 'Download'.
app/dashboard/auditor/modifications-history/page.tsx(9,3): error TS2305: Module '"lucide-react"' has no exported member 'CheckCircle2'.
app/dashboard/auditor/modifications-history/page.tsx(10,3): error TS2305: Module '"lucide-react"' has no exported member 'XCircle'.
app/dashboard/auditor/modifications-history/page.tsx(11,3): error TS2305: Module '"lucide-react"' has no exported member 'Clock'.
app/dashboard/auditor/modifications-history/page.tsx(12,3): error TS2305: Module '"lucide-react"' has no exported member 'Loader'.
app/dashboard/auditor/page.tsx(6,3): error TS2305: Module '"lucide-react"' has no exported member 'BarChart3'.
app/dashboard/auditor/page.tsx(7,3): error TS2305: Module '"lucide-react"' has no exported member 'Users'.
app/dashboard/auditor/page.tsx(8,3): error TS2305: Module '"lucide-react"' has no exported member 'AlertCircle'.
app/dashboard/auditor/page.tsx(9,3): error TS2305: Module '"lucide-react"' has no exported member 'FileText'.
app/dashboard/auditor/page.tsx(10,3): error TS2305: Module '"lucide-react"' has no exported member 'TrendingUp'.
app/dashboard/auditor/page.tsx(11,3): error TS2305: Module '"lucide-react"' has no exported member 'Activity'.
app/dashboard/auditor/page.tsx(12,3): error TS2305: Module '"lucide-react"' has no exported member 'Shield'.
app/dashboard/auditor/page.tsx(13,3): error TS2305: Module '"lucide-react"' has no exported member 'Clock'.
app/dashboard/auditor/patients/page.tsx(4,10): error TS2305: Module '"lucide-react"' has no exported member 'Users'.
app/dashboard/auditor/patients/page.tsx(4,17): error TS2305: Module '"lucide-react"' has no exported member 'Search'.
app/dashboard/auditor/patients/page.tsx(4,25): error TS2305: Module '"lucide-react"' has no exported member 'Filter'.
app/dashboard/auditor/patients/page.tsx(4,33): error TS2305: Module '"lucide-react"' has no exported member 'Download'.
app/dashboard/auditor/patients/page.tsx(4,43): error TS2305: Module '"lucide-react"' has no exported member 'Eye'.
app/dashboard/auditor/patients/page.tsx(4,48): error TS2305: Module '"lucide-react"' has no exported member 'Loader'.
app/dashboard/auditor/profile/page.tsx(4,10): error TS2305: Module '"lucide-react"' has no exported member 'User'.
app/dashboard/auditor/profile/page.tsx(4,16): error TS2305: Module '"lucide-react"' has no exported member 'Mail'.
app/dashboard/auditor/profile/page.tsx(4,22): error TS2305: Module '"lucide-react"' has no exported member 'Phone'.
app/dashboard/auditor/profile/page.tsx(4,29): error TS2305: Module '"lucide-react"' has no exported member 'Camera'.
app/dashboard/auditor/profile/page.tsx(4,37): error TS2305: Module '"lucide-react"' has no exported member 'Save'.
app/dashboard/auditor/reports/page.tsx(4,10): error TS2305: Module '"lucide-react"' has no exported member 'FileText'.
app/dashboard/auditor/reports/page.tsx(4,20): error TS2305: Module '"lucide-react"' has no exported member 'Download'.
app/dashboard/auditor/reports/page.tsx(4,30): error TS2305: Module '"lucide-react"' has no exported member 'Filter'.
app/dashboard/auditor/reports/page.tsx(4,38): error TS2305: Module '"lucide-react"' has no exported member 'Calendar'.
app/dashboard/auditor/reports/page.tsx(4,48): error TS2305: Module '"lucide-react"' has no exported member 'BarChart3'.
app/dashboard/auditor/settings/page.tsx(4,10): error TS2305: Module '"lucide-react"' has no exported member 'Settings'.
app/dashboard/auditor/settings/page.tsx(4,20): error TS2305: Module '"lucide-react"' has no exported member 'Bell'.
app/dashboard/auditor/settings/page.tsx(4,26): error TS2305: Module '"lucide-react"' has no exported member 'Lock'.
app/dashboard/auditor/settings/page.tsx(4,32): error TS2305: Module '"lucide-react"' has no exported member 'Eye'.
app/dashboard/auditor/settings/page.tsx(4,37): error TS2305: Module '"lucide-react"' has no exported member 'Save'.
app/dashboard/auditor/users/[id]/edit/page.tsx(4,10): error TS2305: Module '"lucide-react"' has no exported member 'User'.
app/dashboard/auditor/users/[id]/edit/page.tsx(4,16): error TS2305: Module '"lucide-react"' has no exported member 'Mail'.
app/dashboard/auditor/users/[id]/edit/page.tsx(4,22): error TS2305: Module '"lucide-react"' has no exported member 'Shield'.
app/dashboard/auditor/users/[id]/edit/page.tsx(4,30): error TS2305: Module '"lucide-react"' has no exported member 'Save'.
app/dashboard/auditor/users/[id]/edit/page.tsx(4,36): error TS2305: Module '"lucide-react"' has no exported member 'X'.
app/dashboard/auditor/users/page.tsx(5,3): error TS2305: Module '"lucide-react"' has no exported member 'Users'.
app/dashboard/auditor/users/page.tsx(6,3): error TS2305: Module '"lucide-react"' has no exported member 'Search'.
app/dashboard/auditor/users/page.tsx(7,3): error TS2305: Module '"lucide-react"' has no exported member 'Filter'.
app/dashboard/auditor/users/page.tsx(8,3): error TS2305: Module '"lucide-react"' has no exported member 'Plus'.
app/dashboard/auditor/users/page.tsx(9,3): error TS2305: Module '"lucide-react"' has no exported member 'Edit'.
app/dashboard/auditor/users/page.tsx(10,3): error TS2305: Module '"lucide-react"' has no exported member 'Trash2'.
app/dashboard/auditor/users/page.tsx(11,3): error TS2305: Module '"lucide-react"' has no exported member 'Shield'.
app/dashboard/auditor/users/page.tsx(12,3): error TS2305: Module '"lucide-react"' has no exported member 'Mail'.
app/dashboard/auditor/users/page.tsx(13,3): error TS2305: Module '"lucide-react"' has no exported member 'Loader'.
app/dashboard/auditor/users/page.tsx(14,3): error TS2305: Module '"lucide-react"' has no exported member 'X'.
app/dashboard/auditor/users/page.tsx(15,3): error TS2305: Module '"lucide-react"' has no exported member 'AlertCircle'.
app/dashboard/auditor/users/page.tsx(16,3): error TS2305: Module '"lucide-react"' has no exported member 'CheckCircle'.
app/dashboard/auditor/users/page.tsx(17,3): error TS2305: Module '"lucide-react"' has no exported member 'RotateCcw'.
app/dashboard/coordinator/alerts/page.tsx(3,10): error TS2305: Module '"lucide-react"' has no exported member 'AlertTriangle'.
app/dashboard/coordinator/alerts/page.tsx(3,25): error TS2305: Module '"lucide-react"' has no exported member 'Loader2'.
app/dashboard/coordinator/alerts/page.tsx(3,34): error TS2305: Module '"lucide-react"' has no exported member 'Shield'.
app/dashboard/coordinator/alerts/page.tsx(3,42): error TS2305: Module '"lucide-react"' has no exported member 'Sparkles'.
app/dashboard/coordinator/guide/page.tsx(4,3): error TS2305: Module '"lucide-react"' has no exported member 'BookOpen'.
app/dashboard/coordinator/guide/page.tsx(5,3): error TS2305: Module '"lucide-react"' has no exported member 'CheckCircle2'.
app/dashboard/coordinator/guide/page.tsx(6,3): error TS2305: Module '"lucide-react"' has no exported member 'Heart'.
app/dashboard/coordinator/guide/page.tsx(7,3): error TS2305: Module '"lucide-react"' has no exported member 'Thermometer'.
app/dashboard/coordinator/guide/page.tsx(8,3): error TS2305: Module '"lucide-react"' has no exported member 'Loader2'.
app/dashboard/coordinator/guide/page.tsx(9,3): error TS2305: Module '"lucide-react"' has no exported member 'Play'.
app/dashboard/coordinator/guide/page.tsx(10,3): error TS2305: Module '"lucide-react"' has no exported member 'Pause'.
app/dashboard/coordinator/guide/page.tsx(11,3): error TS2305: Module '"lucide-react"' has no exported member 'SkipBack'.
app/dashboard/coordinator/guide/page.tsx(12,3): error TS2305: Module '"lucide-react"' has no exported member 'SkipForward'.
app/dashboard/coordinator/layout.tsx(7,3): error TS2305: Module '"lucide-react"' has no exported member 'LayoutDashboard'.
app/dashboard/coordinator/layout.tsx(8,3): error TS2305: Module '"lucide-react"' has no exported member 'Activity'.
app/dashboard/coordinator/layout.tsx(9,3): error TS2305: Module '"lucide-react"' has no exported member 'Bell'.
app/dashboard/coordinator/layout.tsx(10,3): error TS2305: Module '"lucide-react"' has no exported member 'LogOut'.
app/dashboard/coordinator/layout.tsx(11,3): error TS2305: Module '"lucide-react"' has no exported member 'Menu'.
app/dashboard/coordinator/layout.tsx(12,3): error TS2305: Module '"lucide-react"' has no exported member 'X'.
app/dashboard/coordinator/layout.tsx(13,3): error TS2305: Module '"lucide-react"' has no exported member 'User'.
app/dashboard/coordinator/layout.tsx(14,3): error TS2305: Module '"lucide-react"' has no exported member 'Moon'.
app/dashboard/coordinator/layout.tsx(15,3): error TS2305: Module '"lucide-react"' has no exported member 'Sun'.
app/dashboard/coordinator/layout.tsx(16,3): error TS2305: Module '"lucide-react"' has no exported member 'Wallet'.
app/dashboard/coordinator/layout.tsx(17,3): error TS2305: Module '"lucide-react"' has no exported member 'Copy'.
app/dashboard/coordinator/layout.tsx(18,3): error TS2305: Module '"lucide-react"' has no exported member 'Check'.
app/dashboard/coordinator/layout.tsx(19,3): error TS2305: Module '"lucide-react"' has no exported member 'ExternalLink'.
app/dashboard/coordinator/layout.tsx(20,3): error TS2305: Module '"lucide-react"' has no exported member 'Search'.
app/dashboard/coordinator/layout.tsx(21,3): error TS2305: Module '"lucide-react"' has no exported member 'Users'.
app/dashboard/coordinator/layout.tsx(22,3): error TS2305: Module '"lucide-react"' has no exported member 'Send'.
app/dashboard/coordinator/layout.tsx(23,3): error TS2305: Module '"lucide-react"' has no exported member 'ClipboardList'.
app/dashboard/coordinator/layout.tsx(24,3): error TS2305: Module '"lucide-react"' has no exported member 'BookOpen'.
app/dashboard/coordinator/layout.tsx(25,3): error TS2305: Module '"lucide-react"' has no exported member 'Settings'.
app/dashboard/coordinator/page.tsx(4,3): error TS2305: Module '"lucide-react"' has no exported member 'Activity'.
app/dashboard/coordinator/page.tsx(5,3): error TS2305: Module '"lucide-react"' has no exported member 'AlertTriangle'.
app/dashboard/coordinator/page.tsx(6,3): error TS2305: Module '"lucide-react"' has no exported member 'Brain'.
app/dashboard/coordinator/page.tsx(7,3): error TS2305: Module '"lucide-react"' has no exported member 'CheckCircle2'.
app/dashboard/coordinator/page.tsx(8,3): error TS2305: Module '"lucide-react"' has no exported member 'ClipboardList'.
app/dashboard/coordinator/page.tsx(9,3): error TS2305: Module '"lucide-react"' has no exported member 'Users'.
app/dashboard/coordinator/page.tsx(10,3): error TS2305: Module '"lucide-react"' has no exported member 'ChevronRight'.
app/dashboard/coordinator/page.tsx(11,3): error TS2305: Module '"lucide-react"' has no exported member 'TrendingUp'.
app/dashboard/coordinator/patients/page.tsx(4,3): error TS2305: Module '"lucide-react"' has no exported member 'Search'.
app/dashboard/coordinator/patients/page.tsx(5,3): error TS2305: Module '"lucide-react"' has no exported member 'ChevronRight'.
app/dashboard/coordinator/patients/page.tsx(6,3): error TS2305: Module '"lucide-react"' has no exported member 'CheckCircle2'.
app/dashboard/coordinator/patients/page.tsx(7,3): error TS2305: Module '"lucide-react"' has no exported member 'AlertCircle'.
app/dashboard/coordinator/patients/page.tsx(8,3): error TS2305: Module '"lucide-react"' has no exported member 'Filter'.
app/dashboard/coordinator/patients/page.tsx(9,3): error TS2305: Module '"lucide-react"' has no exported member 'Building2'.
app/dashboard/coordinator/patients/page.tsx(10,3): error TS2305: Module '"lucide-react"' has no exported member 'Stethoscope'.
app/dashboard/coordinator/patients/page.tsx(11,3): error TS2305: Module '"lucide-react"' has no exported member 'X'.
app/dashboard/coordinator/reminders/page.tsx(3,10): error TS2305: Module '"lucide-react"' has no exported member 'History'.
app/dashboard/coordinator/reminders/page.tsx(3,19): error TS2305: Module '"lucide-react"' has no exported member 'Loader2'.
app/dashboard/coordinator/reviews/page.tsx(4,10): error TS2305: Module '"lucide-react"' has no exported member 'Loader2'.
app/dashboard/coordinator/reviews/page.tsx(4,19): error TS2305: Module '"lucide-react"' has no exported member 'Bot'.
app/dashboard/coordinator/reviews/page.tsx(4,24): error TS2305: Module '"lucide-react"' has no exported member 'FileWarning'.
app/dashboard/doctor/alerts/[id]/alert-response-panel.tsx(5,3): error TS2305: Module '"lucide-react"' has no exported member 'CheckCircle'.
app/dashboard/doctor/alerts/[id]/alert-response-panel.tsx(6,3): error TS2305: Module '"lucide-react"' has no exported member 'Clock'.
app/dashboard/doctor/alerts/[id]/alert-response-panel.tsx(7,3): error TS2305: Module '"lucide-react"' has no exported member 'AlertCircle'.
app/dashboard/doctor/alerts/[id]/alert-response-panel.tsx(8,3): error TS2305: Module '"lucide-react"' has no exported member 'Loader2'.
app/dashboard/doctor/alerts/[id]/alert-response-panel.tsx(9,3): error TS2305: Module '"lucide-react"' has no exported member 'AlertTriangle'.
app/dashboard/doctor/alerts/[id]/alert-response-panel.tsx(10,3): error TS2305: Module '"lucide-react"' has no exported member 'Phone'.
app/dashboard/doctor/alerts/[id]/page.tsx(4,3): error TS2305: Module '"lucide-react"' has no exported member 'ArrowLeft'.
app/dashboard/doctor/alerts/[id]/page.tsx(5,3): error TS2305: Module '"lucide-react"' has no exported member 'AlertCircle'.
app/dashboard/doctor/alerts/[id]/page.tsx(6,3): error TS2305: Module '"lucide-react"' has no exported member 'Clock'.
app/dashboard/doctor/alerts/[id]/page.tsx(7,3): error TS2305: Module '"lucide-react"' has no exported member 'CheckCircle'.
app/dashboard/doctor/alerts/[id]/page.tsx(8,3): error TS2305: Module '"lucide-react"' has no exported member 'Heart'.
app/dashboard/doctor/alerts/[id]/page.tsx(9,3): error TS2305: Module '"lucide-react"' has no exported member 'Thermometer'.
app/dashboard/doctor/alerts/[id]/page.tsx(10,3): error TS2305: Module '"lucide-react"' has no exported member 'Wind'.
app/dashboard/doctor/alerts/[id]/page.tsx(11,3): error TS2305: Module '"lucide-react"' has no exported member 'Scale'.
app/dashboard/doctor/alerts/[id]/page.tsx(12,3): error TS2305: Module '"lucide-react"' has no exported member 'TrendingUp'.
app/dashboard/doctor/alerts/[id]/page.tsx(13,3): error TS2305: Module '"lucide-react"' has no exported member 'User'.
app/dashboard/doctor/alerts/[id]/page.tsx(14,3): error TS2305: Module '"lucide-react"' has no exported member 'Calendar'.
app/dashboard/doctor/alerts/[id]/page.tsx(15,3): error TS2305: Module '"lucide-react"' has no exported member 'FileText'.
app/dashboard/doctor/alerts/[id]/vital-review-form.tsx(4,10): error TS2305: Module '"lucide-react"' has no exported member 'CheckCircle'.
app/dashboard/doctor/alerts/[id]/vital-review-form.tsx(4,23): error TS2305: Module '"lucide-react"' has no exported member 'Loader2'.
app/dashboard/doctor/alerts/page.tsx(7,3): error TS2305: Module '"lucide-react"' has no exported member 'Search'.
app/dashboard/doctor/alerts/page.tsx(8,3): error TS2305: Module '"lucide-react"' has no exported member 'AlertCircle'.
app/dashboard/doctor/alerts/page.tsx(9,3): error TS2305: Module '"lucide-react"' has no exported member 'CheckCircle'.
app/dashboard/doctor/alerts/page.tsx(10,3): error TS2305: Module '"lucide-react"' has no exported member 'Clock'.
app/dashboard/doctor/alerts/page.tsx(11,3): error TS2305: Module '"lucide-react"' has no exported member 'ChevronRight'.
app/dashboard/doctor/alerts/page.tsx(12,3): error TS2305: Module '"lucide-react"' has no exported member 'XCircle'.
app/dashboard/doctor/analytics/page.tsx(3,3): error TS2305: Module '"lucide-react"' has no exported member 'BarChart3'.
app/dashboard/doctor/analytics/page.tsx(4,3): error TS2305: Module '"lucide-react"' has no exported member 'TrendingUp'.
app/dashboard/doctor/analytics/page.tsx(5,3): error TS2305: Module '"lucide-react"' has no exported member 'Users'.
app/dashboard/doctor/analytics/page.tsx(6,3): error TS2305: Module '"lucide-react"' has no exported member 'AlertCircle'.
app/dashboard/doctor/analytics/page.tsx(7,3): error TS2305: Module '"lucide-react"' has no exported member 'FlaskConical'.
app/dashboard/doctor/diagnostic/page.tsx(4,10): error TS2305: Module '"lucide-react"' has no exported member 'AlertCircle'.
app/dashboard/doctor/diagnostic/page.tsx(4,23): error TS2305: Module '"lucide-react"' has no exported member 'RefreshCw'.
app/dashboard/doctor/diagnostic/page.tsx(4,34): error TS2305: Module '"lucide-react"' has no exported member 'ChevronDown'.
app/dashboard/doctor/diagnostic/page.tsx(4,47): error TS2305: Module '"lucide-react"' has no exported member 'ChevronUp'.
app/dashboard/doctor/forms/page.tsx(6,3): error TS2305: Module '"lucide-react"' has no exported member 'Plus'.
app/dashboard/doctor/forms/page.tsx(7,3): error TS2305: Module '"lucide-react"' has no exported member 'Trash2'.
app/dashboard/doctor/forms/page.tsx(8,3): error TS2305: Module '"lucide-react"' has no exported member 'Edit2'.
app/dashboard/doctor/forms/page.tsx(9,3): error TS2305: Module '"lucide-react"' has no exported member 'Save'.
app/dashboard/doctor/forms/page.tsx(10,3): error TS2305: Module '"lucide-react"' has no exported member 'X'.
app/dashboard/doctor/forms/page.tsx(11,3): error TS2305: Module '"lucide-react"' has no exported member 'GripVertical'.
app/dashboard/doctor/forms/page.tsx(12,3): error TS2305: Module '"lucide-react"' has no exported member 'FileText'.
app/dashboard/doctor/forms/page.tsx(13,3): error TS2305: Module '"lucide-react"' has no exported member 'ChevronDown'.
app/dashboard/doctor/forms/page.tsx(14,3): error TS2305: Module '"lucide-react"' has no exported member 'ChevronUp'.
app/dashboard/doctor/forms/page.tsx(15,3): error TS2305: Module '"lucide-react"' has no exported member 'Copy'.
app/dashboard/doctor/forms/page.tsx(16,3): error TS2305: Module '"lucide-react"' has no exported member 'CheckCircle'.
app/dashboard/doctor/forms/page.tsx(17,3): error TS2305: Module '"lucide-react"' has no exported member 'AlertCircle'.
app/dashboard/doctor/forms/page.tsx(18,3): error TS2305: Module '"lucide-react"' has no exported member 'Loader2'.
app/dashboard/doctor/forms/page.tsx(19,3): error TS2305: Module '"lucide-react"' has no exported member 'ClipboardList'.
app/dashboard/doctor/forms/page.tsx(20,3): error TS2305: Module '"lucide-react"' has no exported member 'Hash'.
app/dashboard/doctor/forms/page.tsx(21,3): error TS2305: Module '"lucide-react"' has no exported member 'AlignLeft'.
app/dashboard/doctor/forms/page.tsx(22,3): error TS2305: Module '"lucide-react"' has no exported member 'ToggleLeft'.
app/dashboard/doctor/forms/page.tsx(23,3): error TS2305: Module '"lucide-react"' has no exported member 'Calendar'.
app/dashboard/doctor/forms/page.tsx(24,3): error TS2305: Module '"lucide-react"' has no exported member 'List'.
app/dashboard/doctor/forms/page.tsx(25,3): error TS2305: Module '"lucide-react"' has no exported member 'Type'.
app/dashboard/doctor/layout.tsx(7,3): error TS2305: Module '"lucide-react"' has no exported member 'LayoutDashboard'.
app/dashboard/doctor/layout.tsx(8,3): error TS2305: Module '"lucide-react"' has no exported member 'Users'.
app/dashboard/doctor/layout.tsx(9,3): error TS2305: Module '"lucide-react"' has no exported member 'Bell'.
app/dashboard/doctor/layout.tsx(10,3): error TS2305: Module '"lucide-react"' has no exported member 'BarChart3'.
app/dashboard/doctor/layout.tsx(11,3): error TS2305: Module '"lucide-react"' has no exported member 'ClipboardList'.
app/dashboard/doctor/layout.tsx(12,3): error TS2305: Module '"lucide-react"' has no exported member 'Settings'.
app/dashboard/doctor/layout.tsx(13,3): error TS2305: Module '"lucide-react"' has no exported member 'LogOut'.
app/dashboard/doctor/layout.tsx(14,3): error TS2305: Module '"lucide-react"' has no exported member 'Menu'.
app/dashboard/doctor/layout.tsx(15,3): error TS2305: Module '"lucide-react"' has no exported member 'X'.
app/dashboard/doctor/layout.tsx(16,3): error TS2305: Module '"lucide-react"' has no exported member 'User'.
app/dashboard/doctor/layout.tsx(17,3): error TS2305: Module '"lucide-react"' has no exported member 'AlertCircle'.
app/dashboard/doctor/layout.tsx(18,3): error TS2305: Module '"lucide-react"' has no exported member 'Activity'.
app/dashboard/doctor/layout.tsx(19,3): error TS2305: Module '"lucide-react"' has no exported member 'FileText'.
app/dashboard/doctor/layout.tsx(20,3): error TS2305: Module '"lucide-react"' has no exported member 'Heart'.
app/dashboard/doctor/layout.tsx(21,3): error TS2305: Module '"lucide-react"' has no exported member 'Mic'.
app/dashboard/doctor/layout.tsx(22,3): error TS2305: Module '"lucide-react"' has no exported member 'Zap'.
app/dashboard/doctor/layout.tsx(23,3): error TS2305: Module '"lucide-react"' has no exported member 'Search'.
app/dashboard/doctor/layout.tsx(24,3): error TS2305: Module '"lucide-react"' has no exported member 'Moon'.
app/dashboard/doctor/layout.tsx(25,3): error TS2305: Module '"lucide-react"' has no exported member 'Sun'.
app/dashboard/doctor/layout.tsx(26,3): error TS2305: Module '"lucide-react"' has no exported member 'Wallet'.
app/dashboard/doctor/layout.tsx(27,3): error TS2305: Module '"lucide-react"' has no exported member 'Copy'.
app/dashboard/doctor/layout.tsx(28,3): error TS2305: Module '"lucide-react"' has no exported member 'Check'.
app/dashboard/doctor/layout.tsx(29,3): error TS2305: Module '"lucide-react"' has no exported member 'ExternalLink'.
app/dashboard/doctor/layout.tsx(30,3): error TS2305: Module '"lucide-react"' has no exported member 'FlaskConical'.
app/dashboard/doctor/page.tsx(4,3): error TS2305: Module '"lucide-react"' has no exported member 'Users'.
app/dashboard/doctor/page.tsx(5,3): error TS2305: Module '"lucide-react"' has no exported member 'AlertCircle'.
app/dashboard/doctor/page.tsx(6,3): error TS2305: Module '"lucide-react"' has no exported member 'Activity'.
app/dashboard/doctor/page.tsx(7,3): error TS2305: Module '"lucide-react"' has no exported member 'TrendingUp'.
app/dashboard/doctor/page.tsx(8,3): error TS2305: Module '"lucide-react"' has no exported member 'AlertTriangle'.
app/dashboard/doctor/page.tsx(9,3): error TS2305: Module '"lucide-react"' has no exported member 'CheckCircle'.
app/dashboard/doctor/page.tsx(10,3): error TS2305: Module '"lucide-react"' has no exported member 'Bell'.
app/dashboard/doctor/page.tsx(11,3): error TS2305: Module '"lucide-react"' has no exported member 'Search'.
app/dashboard/doctor/page.tsx(12,3): error TS2305: Module '"lucide-react"' has no exported member 'Clock'.
app/dashboard/doctor/page.tsx(13,3): error TS2305: Module '"lucide-react"' has no exported member 'MoreVertical'.
app/dashboard/doctor/page.tsx(14,3): error TS2305: Module '"lucide-react"' has no exported member 'ChevronRight'.
app/dashboard/doctor/page.tsx(15,3): error TS2305: Module '"lucide-react"' has no exported member 'Stethoscope'.
app/dashboard/doctor/page.tsx(16,3): error TS2305: Module '"lucide-react"' has no exported member 'HeartPulse'.
app/dashboard/doctor/page.tsx(17,3): error TS2305: Module '"lucide-react"' has no exported member 'X'.
app/dashboard/doctor/page.tsx(18,3): error TS2305: Module '"lucide-react"' has no exported member 'Home'.
app/dashboard/doctor/page.tsx(19,3): error TS2305: Module '"lucide-react"' has no exported member 'Calendar'.
app/dashboard/doctor/page.tsx(20,3): error TS2305: Module '"lucide-react"' has no exported member 'FileText'.
app/dashboard/doctor/page.tsx(21,3): error TS2305: Module '"lucide-react"' has no exported member 'Settings'.
app/dashboard/doctor/page.tsx(22,3): error TS2305: Module '"lucide-react"' has no exported member 'LogOut'.
app/dashboard/doctor/page.tsx(23,3): error TS2305: Module '"lucide-react"' has no exported member 'Menu'.
app/dashboard/doctor/page.tsx(24,3): error TS2305: Module '"lucide-react"' has no exported member 'Sparkles'.
app/dashboard/doctor/page.tsx(25,3): error TS2305: Module '"lucide-react"' has no exported member 'BarChart3'.
app/dashboard/doctor/page.tsx(26,3): error TS2305: Module '"lucide-react"' has no exported member 'User'.
app/dashboard/doctor/page.tsx(27,3): error TS2305: Module '"lucide-react"' has no exported member 'Moon'.
app/dashboard/doctor/page.tsx(28,3): error TS2305: Module '"lucide-react"' has no exported member 'Sun'.
app/dashboard/doctor/page.tsx(29,3): error TS2305: Module '"lucide-react"' has no exported member 'Wallet'.
app/dashboard/doctor/page.tsx(30,3): error TS2305: Module '"lucide-react"' has no exported member 'Copy'.
app/dashboard/doctor/page.tsx(31,3): error TS2305: Module '"lucide-react"' has no exported member 'Check'.
app/dashboard/doctor/page.tsx(32,3): error TS2305: Module '"lucide-react"' has no exported member 'ExternalLink'.
app/dashboard/doctor/page.tsx(33,3): error TS2305: Module '"lucide-react"' has no exported member 'ClipboardList'.
app/dashboard/doctor/patients/[id]/page.tsx(4,3): error TS2305: Module '"lucide-react"' has no exported member 'ArrowLeft'.
app/dashboard/doctor/patients/[id]/page.tsx(5,3): error TS2305: Module '"lucide-react"' has no exported member 'Activity'.
app/dashboard/doctor/patients/[id]/page.tsx(6,3): error TS2305: Module '"lucide-react"' has no exported member 'AlertCircle'.
app/dashboard/doctor/patients/[id]/page.tsx(7,3): error TS2305: Module '"lucide-react"' has no exported member 'Calendar'.
app/dashboard/doctor/patients/[id]/page.tsx(8,3): error TS2305: Module '"lucide-react"' has no exported member 'Phone'.
app/dashboard/doctor/patients/[id]/page.tsx(9,3): error TS2305: Module '"lucide-react"' has no exported member 'MapPin'.
app/dashboard/doctor/patients/[id]/page.tsx(10,3): error TS2305: Module '"lucide-react"' has no exported member 'Droplets'.
app/dashboard/doctor/patients/[id]/page.tsx(11,3): error TS2305: Module '"lucide-react"' has no exported member 'Heart'.
app/dashboard/doctor/patients/[id]/page.tsx(12,3): error TS2305: Module '"lucide-react"' has no exported member 'Thermometer'.
app/dashboard/doctor/patients/[id]/page.tsx(13,3): error TS2305: Module '"lucide-react"' has no exported member 'Wind'.
app/dashboard/doctor/patients/[id]/page.tsx(14,3): error TS2305: Module '"lucide-react"' has no exported member 'User'.
app/dashboard/doctor/patients/[id]/page.tsx(15,3): error TS2305: Module '"lucide-react"' has no exported member 'FileText'.
app/dashboard/doctor/patients/page.tsx(3,10): error TS2305: Module '"lucide-react"' has no exported member 'AlertCircle'.
app/dashboard/doctor/patients/page.tsx(3,23): error TS2305: Module '"lucide-react"' has no exported member 'Activity'.
app/dashboard/doctor/patients/page.tsx(3,33): error TS2305: Module '"lucide-react"' has no exported member 'Calendar'.
app/dashboard/doctor/patients/page.tsx(3,43): error TS2305: Module '"lucide-react"' has no exported member 'Phone'.
app/dashboard/doctor/profile/page.tsx(6,3): error TS2305: Module '"lucide-react"' has no exported member 'User'.
app/dashboard/doctor/profile/page.tsx(7,3): error TS2305: Module '"lucide-react"' has no exported member 'Mail'.
app/dashboard/doctor/profile/page.tsx(8,3): error TS2305: Module '"lucide-react"' has no exported member 'Phone'.
app/dashboard/doctor/profile/page.tsx(9,3): error TS2305: Module '"lucide-react"' has no exported member 'MapPin'.
app/dashboard/doctor/profile/page.tsx(10,3): error TS2305: Module '"lucide-react"' has no exported member 'Briefcase'.
app/dashboard/doctor/profile/page.tsx(11,3): error TS2305: Module '"lucide-react"' has no exported member 'Calendar'.
app/dashboard/doctor/profile/page.tsx(12,3): error TS2305: Module '"lucide-react"' has no exported member 'Camera'.
app/dashboard/doctor/profile/page.tsx(13,3): error TS2305: Module '"lucide-react"' has no exported member 'Save'.
app/dashboard/doctor/profile/page.tsx(14,3): error TS2305: Module '"lucide-react"' has no exported member 'Plus'.
app/dashboard/doctor/profile/page.tsx(15,3): error TS2305: Module '"lucide-react"' has no exported member 'X'.
app/dashboard/doctor/profile/page.tsx(16,3): error TS2305: Module '"lucide-react"' has no exported member 'Award'.
app/dashboard/doctor/profile/page.tsx(17,3): error TS2305: Module '"lucide-react"' has no exported member 'Building'.
app/dashboard/doctor/profile/page.tsx(18,3): error TS2305: Module '"lucide-react"' has no exported member 'Edit2'.
app/dashboard/doctor/profile/page.tsx(19,3): error TS2305: Module '"lucide-react"' has no exported member 'ZoomIn'.
app/dashboard/doctor/profile/page.tsx(20,3): error TS2305: Module '"lucide-react"' has no exported member 'ZoomOut'.
app/dashboard/doctor/profile/page.tsx(21,3): error TS2305: Module '"lucide-react"' has no exported member 'Move'.
app/dashboard/doctor/profile/page.tsx(22,3): error TS2305: Module '"lucide-react"' has no exported member 'Check'.
app/dashboard/doctor/profile/page.tsx(23,3): error TS2305: Module '"lucide-react"' has no exported member 'ScanFace'.
app/dashboard/doctor/reports/page.tsx(6,3): error TS2305: Module '"lucide-react"' has no exported member 'FileText'.
app/dashboard/doctor/reports/page.tsx(7,3): error TS2305: Module '"lucide-react"' has no exported member 'Users'.
app/dashboard/doctor/reports/page.tsx(8,3): error TS2305: Module '"lucide-react"' has no exported member 'AlertCircle'.
app/dashboard/doctor/reports/page.tsx(9,3): error TS2305: Module '"lucide-react"' has no exported member 'Activity'.
app/dashboard/doctor/reports/page.tsx(10,3): error TS2305: Module '"lucide-react"' has no exported member 'BarChart3'.
app/dashboard/doctor/reports/page.tsx(11,3): error TS2305: Module '"lucide-react"' has no exported member 'Download'.
app/dashboard/doctor/reports/page.tsx(12,3): error TS2305: Module '"lucide-react"' has no exported member 'Calendar'.
app/dashboard/doctor/reports/page.tsx(13,3): error TS2305: Module '"lucide-react"' has no exported member 'TrendingUp'.
app/dashboard/doctor/reports/page.tsx(14,3): error TS2305: Module '"lucide-react"' has no exported member 'Loader2'.
app/dashboard/doctor/settings/page.tsx(6,3): error TS2305: Module '"lucide-react"' has no exported member 'User'.
app/dashboard/doctor/settings/page.tsx(7,3): error TS2305: Module '"lucide-react"' has no exported member 'Bell'.
app/dashboard/doctor/settings/page.tsx(8,3): error TS2305: Module '"lucide-react"' has no exported member 'Lock'.
app/dashboard/doctor/settings/page.tsx(9,3): error TS2305: Module '"lucide-react"' has no exported member 'Shield'.
app/dashboard/doctor/settings/page.tsx(10,3): error TS2305: Module '"lucide-react"' has no exported member 'Database'.
app/dashboard/doctor/settings/page.tsx(11,3): error TS2305: Module '"lucide-react"' has no exported member 'Moon'.
app/dashboard/doctor/settings/page.tsx(12,3): error TS2305: Module '"lucide-react"' has no exported member 'Globe'.
app/dashboard/doctor/settings/page.tsx(13,3): error TS2305: Module '"lucide-react"' has no exported member 'AlertCircle'.
app/dashboard/doctor/settings/page.tsx(14,3): error TS2305: Module '"lucide-react"' has no exported member 'CheckCircle'.
app/dashboard/doctor/settings/page.tsx(15,3): error TS2305: Module '"lucide-react"' has no exported member 'Eye'.
app/dashboard/doctor/settings/page.tsx(16,3): error TS2305: Module '"lucide-react"' has no exported member 'EyeOff'.
app/dashboard/doctor/vitals-review/page.tsx(36,3): error TS2305: Module '"lucide-react"' has no exported member 'Calendar'.
app/dashboard/doctor/vitals-review/page.tsx(37,3): error TS2305: Module '"lucide-react"' has no exported member 'Heart'.
app/dashboard/doctor/vitals-review/page.tsx(38,3): error TS2305: Module '"lucide-react"' has no exported member 'Thermometer'.
app/dashboard/doctor/vitals-review/page.tsx(39,3): error TS2305: Module '"lucide-react"' has no exported member 'Droplets'.
app/dashboard/doctor/vitals-review/page.tsx(40,3): error TS2305: Module '"lucide-react"' has no exported member 'BarChart3'.
app/dashboard/doctor/vitals/page.tsx(2,10): error TS2305: Module '"lucide-react"' has no exported member 'Activity'.
app/dashboard/doctor/vitals/page.tsx(2,20): error TS2305: Module '"lucide-react"' has no exported member 'Heart'.
app/dashboard/doctor/vitals/page.tsx(2,27): error TS2305: Module '"lucide-react"' has no exported member 'Thermometer'.
app/dashboard/doctor/vitals/page.tsx(2,40): error TS2305: Module '"lucide-react"' has no exported member 'Droplets'.
app/dashboard/doctor/vitals/page.tsx(2,50): error TS2305: Module '"lucide-react"' has no exported member 'Wind'.
app/dashboard/nurse/alerts/page.tsx(4,3): error TS2305: Module '"lucide-react"' has no exported member 'AlertCircle'.
app/dashboard/nurse/alerts/page.tsx(5,3): error TS2305: Module '"lucide-react"' has no exported member 'AlertTriangle'.
app/dashboard/nurse/alerts/page.tsx(6,3): error TS2305: Module '"lucide-react"' has no exported member 'Info'.
app/dashboard/nurse/alerts/page.tsx(7,3): error TS2305: Module '"lucide-react"' has no exported member 'Search'.
app/dashboard/nurse/alerts/page.tsx(8,3): error TS2305: Module '"lucide-react"' has no exported member 'Filter'.
app/dashboard/nurse/alerts/page.tsx(9,3): error TS2305: Module '"lucide-react"' has no exported member 'CheckCircle'.
app/dashboard/nurse/assign-patient/page.tsx(4,10): error TS2305: Module '"lucide-react"' has no exported member 'ChevronRight'.
app/dashboard/nurse/assign-patient/page.tsx(4,24): error TS2305: Module '"lucide-react"' has no exported member 'Loader2'.
app/dashboard/nurse/assign-patient/page.tsx(4,33): error TS2305: Module '"lucide-react"' has no exported member 'AlertCircle'.
app/dashboard/nurse/assign-patient/page.tsx(4,46): error TS2305: Module '"lucide-react"' has no exported member 'CheckCircle'.
app/dashboard/nurse/enter-data/page.tsx(5,10): error TS2305: Module '"lucide-react"' has no exported member 'Activity'.
app/dashboard/nurse/enter-data/page.tsx(5,20): error TS2305: Module '"lucide-react"' has no exported member 'ArrowLeft'.
app/dashboard/nurse/layout.tsx(4,3): error TS2305: Module '"lucide-react"' has no exported member 'Activity'.
app/dashboard/nurse/layout.tsx(5,3): error TS2305: Module '"lucide-react"' has no exported member 'Users'.
app/dashboard/nurse/layout.tsx(6,3): error TS2305: Module '"lucide-react"' has no exported member 'ClipboardList'.
app/dashboard/nurse/layout.tsx(7,3): error TS2305: Module '"lucide-react"' has no exported member 'AlertCircle'.
app/dashboard/nurse/layout.tsx(8,3): error TS2305: Module '"lucide-react"' has no exported member 'FileText'.
app/dashboard/nurse/layout.tsx(9,3): error TS2305: Module '"lucide-react"' has no exported member 'Settings'.
app/dashboard/nurse/layout.tsx(10,3): error TS2305: Module '"lucide-react"' has no exported member 'LogOut'.
app/dashboard/nurse/layout.tsx(11,3): error TS2305: Module '"lucide-react"' has no exported member 'Menu'.
app/dashboard/nurse/layout.tsx(12,3): error TS2305: Module '"lucide-react"' has no exported member 'X'.
app/dashboard/nurse/layout.tsx(13,3): error TS2305: Module '"lucide-react"' has no exported member 'Moon'.
app/dashboard/nurse/layout.tsx(14,3): error TS2305: Module '"lucide-react"' has no exported member 'Sun'.
app/dashboard/nurse/layout.tsx(15,3): error TS2305: Module '"lucide-react"' has no exported member 'Home'.
app/dashboard/nurse/layout.tsx(16,3): error TS2305: Module '"lucide-react"' has no exported member 'Bell'.
app/dashboard/nurse/layout.tsx(17,3): error TS2305: Module '"lucide-react"' has no exported member 'User'.
app/dashboard/nurse/layout.tsx(18,3): error TS2305: Module '"lucide-react"' has no exported member 'Clock'.
app/dashboard/nurse/layout.tsx(19,3): error TS2305: Module '"lucide-react"' has no exported member 'UserPlus'.
app/dashboard/nurse/notifications/page.tsx(4,10): error TS2305: Module '"lucide-react"' has no exported member 'Bell'.
app/dashboard/nurse/notifications/page.tsx(4,16): error TS2305: Module '"lucide-react"' has no exported member 'AlertCircle'.
app/dashboard/nurse/notifications/page.tsx(4,29): error TS2305: Module '"lucide-react"' has no exported member 'Loader2'.
app/dashboard/nurse/page.tsx(4,3): error TS2305: Module '"lucide-react"' has no exported member 'Users'.
app/dashboard/nurse/page.tsx(5,3): error TS2305: Module '"lucide-react"' has no exported member 'AlertCircle'.
app/dashboard/nurse/page.tsx(6,3): error TS2305: Module '"lucide-react"' has no exported member 'Activity'.
app/dashboard/nurse/page.tsx(7,3): error TS2305: Module '"lucide-react"' has no exported member 'ClipboardList'.
app/dashboard/nurse/page.tsx(8,3): error TS2305: Module '"lucide-react"' has no exported member 'Plus'.
app/dashboard/nurse/page.tsx(9,3): error TS2305: Module '"lucide-react"' has no exported member 'Search'.
app/dashboard/nurse/page.tsx(10,3): error TS2305: Module '"lucide-react"' has no exported member 'Bell'.
app/dashboard/nurse/page.tsx(11,3): error TS2305: Module '"lucide-react"' has no exported member 'TrendingUp'.
app/dashboard/nurse/patients/[id]/page.tsx(4,3): error TS2305: Module '"lucide-react"' has no exported member 'ArrowLeft'.
app/dashboard/nurse/patients/[id]/page.tsx(5,3): error TS2305: Module '"lucide-react"' has no exported member 'Activity'.
app/dashboard/nurse/patients/[id]/page.tsx(6,3): error TS2305: Module '"lucide-react"' has no exported member 'AlertCircle'.
app/dashboard/nurse/patients/[id]/page.tsx(7,3): error TS2305: Module '"lucide-react"' has no exported member 'Calendar'.
app/dashboard/nurse/patients/[id]/page.tsx(8,3): error TS2305: Module '"lucide-react"' has no exported member 'Phone'.
app/dashboard/nurse/patients/[id]/page.tsx(9,3): error TS2305: Module '"lucide-react"' has no exported member 'User'.
app/dashboard/nurse/patients/[id]/page.tsx(10,3): error TS2305: Module '"lucide-react"' has no exported member 'FileText'.
app/dashboard/nurse/patients/[id]/page.tsx(11,3): error TS2305: Module '"lucide-react"' has no exported member 'Clock'.
app/dashboard/nurse/patients/[id]/page.tsx(12,3): error TS2305: Module '"lucide-react"' has no exported member 'TrendingUp'.
app/dashboard/nurse/patients/page.tsx(4,3): error TS2305: Module '"lucide-react"' has no exported member 'Search'.
app/dashboard/nurse/patients/page.tsx(5,3): error TS2305: Module '"lucide-react"' has no exported member 'AlertCircle'.
app/dashboard/nurse/patients/page.tsx(6,3): error TS2305: Module '"lucide-react"' has no exported member 'Activity'.
app/dashboard/nurse/patients/page.tsx(7,3): error TS2305: Module '"lucide-react"' has no exported member 'Clock'.
app/dashboard/nurse/patients/page.tsx(8,3): error TS2305: Module '"lucide-react"' has no exported member 'ChevronRight'.
app/dashboard/nurse/profile/page.tsx(5,3): error TS2305: Module '"lucide-react"' has no exported member 'User'.
app/dashboard/nurse/profile/page.tsx(6,3): error TS2305: Module '"lucide-react"' has no exported member 'Mail'.
app/dashboard/nurse/profile/page.tsx(7,3): error TS2305: Module '"lucide-react"' has no exported member 'Phone'.
app/dashboard/nurse/profile/page.tsx(8,3): error TS2305: Module '"lucide-react"' has no exported member 'MapPin'.
app/dashboard/nurse/profile/page.tsx(9,3): error TS2305: Module '"lucide-react"' has no exported member 'Award'.
app/dashboard/nurse/profile/page.tsx(10,3): error TS2305: Module '"lucide-react"' has no exported member 'Calendar'.
app/dashboard/nurse/profile/page.tsx(11,3): error TS2305: Module '"lucide-react"' has no exported member 'Lock'.
app/dashboard/nurse/profile/page.tsx(12,3): error TS2305: Module '"lucide-react"' has no exported member 'Activity'.
app/dashboard/nurse/reminders/page.tsx(6,3): error TS2305: Module '"lucide-react"' has no exported member 'Clock'.
app/dashboard/nurse/reminders/page.tsx(7,3): error TS2305: Module '"lucide-react"' has no exported member 'Plus'.
app/dashboard/nurse/reminders/page.tsx(8,3): error TS2305: Module '"lucide-react"' has no exported member 'Search'.
app/dashboard/nurse/reminders/page.tsx(9,3): error TS2305: Module '"lucide-react"' has no exported member 'Calendar'.
app/dashboard/nurse/reminders/page.tsx(10,3): error TS2305: Module '"lucide-react"' has no exported member 'User'.
app/dashboard/nurse/reminders/page.tsx(11,3): error TS2305: Module '"lucide-react"' has no exported member 'Trash2'.
app/dashboard/nurse/reminders/page.tsx(12,3): error TS2305: Module '"lucide-react"' has no exported member 'Send'.
app/dashboard/nurse/reminders/page.tsx(13,3): error TS2305: Module '"lucide-react"' has no exported member 'CheckCircle2'.
app/dashboard/nurse/reminders/page.tsx(14,3): error TS2305: Module '"lucide-react"' has no exported member 'AlertCircle'.
app/dashboard/nurse/reminders/page.tsx(15,3): error TS2305: Module '"lucide-react"' has no exported member 'Activity'.
app/dashboard/patient/access/page.tsx(5,3): error TS2305: Module '"lucide-react"' has no exported member 'Shield'.
app/dashboard/patient/access/page.tsx(6,3): error TS2305: Module '"lucide-react"' has no exported member 'ShieldCheck'.
app/dashboard/patient/access/page.tsx(7,3): error TS2305: Module '"lucide-react"' has no exported member 'ShieldOff'.
app/dashboard/patient/access/page.tsx(8,3): error TS2305: Module '"lucide-react"' has no exported member 'Clock'.
app/dashboard/patient/access/page.tsx(9,3): error TS2305: Module '"lucide-react"' has no exported member 'Wallet'.
app/dashboard/patient/access/page.tsx(10,3): error TS2305: Module '"lucide-react"' has no exported member 'AlertCircle'.
app/dashboard/patient/access/page.tsx(11,3): error TS2305: Module '"lucide-react"' has no exported member 'CheckCircle2'.
app/dashboard/patient/access/page.tsx(12,3): error TS2305: Module '"lucide-react"' has no exported member 'XCircle'.
app/dashboard/patient/access/page.tsx(13,3): error TS2305: Module '"lucide-react"' has no exported member 'ExternalLink'.
app/dashboard/patient/access/page.tsx(14,3): error TS2305: Module '"lucide-react"' has no exported member 'Loader2'.
app/dashboard/patient/access/page.tsx(15,3): error TS2305: Module '"lucide-react"' has no exported member 'RefreshCw'.
app/dashboard/patient/access/page.tsx(16,3): error TS2305: Module '"lucide-react"' has no exported member 'UserRound'.
app/dashboard/patient/access/page.tsx(17,3): error TS2305: Module '"lucide-react"' has no exported member 'Stethoscope'.
app/dashboard/patient/alerts/[id]/alert-detail-content.tsx(6,3): error TS2305: Module '"lucide-react"' has no exported member 'ArrowLeft'.
app/dashboard/patient/alerts/[id]/alert-detail-content.tsx(7,3): error TS2305: Module '"lucide-react"' has no exported member 'AlertCircle'.
app/dashboard/patient/alerts/[id]/alert-detail-content.tsx(8,3): error TS2305: Module '"lucide-react"' has no exported member 'AlertTriangle'.
app/dashboard/patient/alerts/[id]/alert-detail-content.tsx(9,3): error TS2305: Module '"lucide-react"' has no exported member 'Clock'.
app/dashboard/patient/alerts/[id]/alert-detail-content.tsx(10,3): error TS2305: Module '"lucide-react"' has no exported member 'Heart'.
app/dashboard/patient/alerts/[id]/alert-detail-content.tsx(11,3): error TS2305: Module '"lucide-react"' has no exported member 'Thermometer'.
app/dashboard/patient/alerts/[id]/alert-detail-content.tsx(12,3): error TS2305: Module '"lucide-react"' has no exported member 'Wind'.
app/dashboard/patient/alerts/[id]/alert-detail-content.tsx(13,3): error TS2305: Module '"lucide-react"' has no exported member 'Scale'.
app/dashboard/patient/alerts/[id]/alert-detail-content.tsx(14,3): error TS2305: Module '"lucide-react"' has no exported member 'TrendingUp'.
app/dashboard/patient/alerts/[id]/alert-detail-content.tsx(15,3): error TS2305: Module '"lucide-react"' has no exported member 'CheckCircle'.
app/dashboard/patient/alerts/[id]/vital-review-form.tsx(44,28): error TS2339: Property 'id' does not exist on type '{ success: boolean; record: { id: string; createdAt: Date; updatedAt: Date | null; symptoms: JsonValue; status: VitalStatus; patientId: string; heartRate: number | null; ... 18 more ...; reviewedById: string | null; } | null; error?: undefined; } | { ...; }'.
  Property 'id' does not exist on type '{ success: boolean; record: { id: string; createdAt: Date; updatedAt: Date | null; symptoms: JsonValue; status: VitalStatus; patientId: string; heartRate: number | null; ... 18 more ...; reviewedById: string | null; } | null; error?: undefined; }'.
app/dashboard/patient/alerts/[id]/vital-review-form.tsx(45,33): error TS2339: Property 'id' does not exist on type '{ success: boolean; record: { id: string; createdAt: Date; updatedAt: Date | null; symptoms: JsonValue; status: VitalStatus; patientId: string; heartRate: number | null; ... 18 more ...; reviewedById: string | null; } | null; error?: undefined; } | { ...; }'.
  Property 'id' does not exist on type '{ success: boolean; record: { id: string; createdAt: Date; updatedAt: Date | null; symptoms: JsonValue; status: VitalStatus; patientId: string; heartRate: number | null; ... 18 more ...; reviewedById: string | null; } | null; error?: undefined; }'.
app/dashboard/patient/alerts/page.tsx(7,3): error TS2305: Module '"lucide-react"' has no exported member 'Search'.
app/dashboard/patient/alerts/page.tsx(8,3): error TS2305: Module '"lucide-react"' has no exported member 'AlertCircle'.
app/dashboard/patient/alerts/page.tsx(9,3): error TS2305: Module '"lucide-react"' has no exported member 'CheckCircle'.
app/dashboard/patient/alerts/page.tsx(10,3): error TS2305: Module '"lucide-react"' has no exported member 'Clock'.
app/dashboard/patient/alerts/page.tsx(11,3): error TS2305: Module '"lucide-react"' has no exported member 'ChevronRight'.
app/dashboard/patient/alerts/page.tsx(12,3): error TS2305: Module '"lucide-react"' has no exported member 'XCircle'.
app/dashboard/patient/appointments/page.tsx(6,3): error TS2305: Module '"lucide-react"' has no exported member 'Search'.
app/dashboard/patient/appointments/page.tsx(7,3): error TS2305: Module '"lucide-react"' has no exported member 'Calendar'.
app/dashboard/patient/appointments/page.tsx(8,3): error TS2305: Module '"lucide-react"' has no exported member 'Plus'.
app/dashboard/patient/appointments/page.tsx(9,3): error TS2305: Module '"lucide-react"' has no exported member 'Clock'.
app/dashboard/patient/appointments/page.tsx(10,3): error TS2305: Module '"lucide-react"' has no exported member 'User'.
app/dashboard/patient/appointments/page.tsx(11,3): error TS2305: Module '"lucide-react"' has no exported member 'MapPin'.
app/dashboard/patient/appointments/page.tsx(12,3): error TS2305: Module '"lucide-react"' has no exported member 'Phone'.
app/dashboard/patient/appointments/page.tsx(13,3): error TS2305: Module '"lucide-react"' has no exported member 'ChevronRight'.
app/dashboard/patient/appointments/page.tsx(14,3): error TS2305: Module '"lucide-react"' has no exported member 'Video'.
app/dashboard/patient/appointments/page.tsx(15,3): error TS2305: Module '"lucide-react"' has no exported member 'CheckCircle'.
app/dashboard/patient/appointments/page.tsx(16,3): error TS2305: Module '"lucide-react"' has no exported member 'XCircle'.
app/dashboard/patient/appointments/page.tsx(17,3): error TS2305: Module '"lucide-react"' has no exported member 'AlertCircle'.
app/dashboard/patient/guide/page.tsx(4,3): error TS2305: Module '"lucide-react"' has no exported member 'CheckCircle2'.
app/dashboard/patient/guide/page.tsx(5,3): error TS2305: Module '"lucide-react"' has no exported member 'Heart'.
app/dashboard/patient/guide/page.tsx(6,3): error TS2305: Module '"lucide-react"' has no exported member 'Thermometer'.
app/dashboard/patient/guide/page.tsx(7,3): error TS2305: Module '"lucide-react"' has no exported member 'Loader2'.
app/dashboard/patient/guide/page.tsx(8,3): error TS2305: Module '"lucide-react"' has no exported member 'UserCircle'.
app/dashboard/patient/history/page.tsx(6,3): error TS2305: Module '"lucide-react"' has no exported member 'Search'.
app/dashboard/patient/history/page.tsx(7,3): error TS2305: Module '"lucide-react"' has no exported member 'Clock'.
app/dashboard/patient/history/page.tsx(8,3): error TS2305: Module '"lucide-react"' has no exported member 'Activity'.
app/dashboard/patient/history/page.tsx(9,3): error TS2305: Module '"lucide-react"' has no exported member 'FileText'.
app/dashboard/patient/history/page.tsx(10,3): error TS2305: Module '"lucide-react"' has no exported member 'Calendar'.
app/dashboard/patient/history/page.tsx(11,3): error TS2305: Module '"lucide-react"' has no exported member 'Pill'.
app/dashboard/patient/history/page.tsx(12,3): error TS2305: Module '"lucide-react"' has no exported member 'Stethoscope'.
app/dashboard/patient/history/page.tsx(13,3): error TS2305: Module '"lucide-react"' has no exported member 'AlertCircle'.
app/dashboard/patient/history/page.tsx(14,3): error TS2305: Module '"lucide-react"' has no exported member 'TrendingUp'.
app/dashboard/patient/history/page.tsx(15,3): error TS2305: Module '"lucide-react"' has no exported member 'Heart'.
app/dashboard/patient/history/page.tsx(16,3): error TS2305: Module '"lucide-react"' has no exported member 'Droplet'.
app/dashboard/patient/history/page.tsx(17,3): error TS2305: Module '"lucide-react"' has no exported member 'Thermometer'.
app/dashboard/patient/history/page.tsx(18,3): error TS2305: Module '"lucide-react"' has no exported member 'Plus'.
app/dashboard/patient/history/page.tsx(19,3): error TS2305: Module '"lucide-react"' has no exported member 'X'.
app/dashboard/patient/history/page.tsx(20,3): error TS2305: Module '"lucide-react"' has no exported member 'Save'.
app/dashboard/patient/history/page.tsx(21,3): error TS2305: Module '"lucide-react"' has no exported member 'Loader2'.
app/dashboard/patient/history/page.tsx(22,3): error TS2305: Module '"lucide-react"' has no exported member 'Edit'.
app/dashboard/patient/history/page.tsx(87,56): error TS18047: 'user.patient' is possibly 'null'.
app/dashboard/patient/history/page.tsx(280,70): error TS2554: Expected 2 arguments, but got 3.
app/dashboard/patient/layout.tsx(7,3): error TS2305: Module '"lucide-react"' has no exported member 'LayoutDashboard'.
app/dashboard/patient/layout.tsx(8,3): error TS2305: Module '"lucide-react"' has no exported member 'Activity'.
app/dashboard/patient/layout.tsx(9,3): error TS2305: Module '"lucide-react"' has no exported member 'Bell'.
app/dashboard/patient/layout.tsx(10,3): error TS2305: Module '"lucide-react"' has no exported member 'Calendar'.
app/dashboard/patient/layout.tsx(11,3): error TS2305: Module '"lucide-react"' has no exported member 'FileText'.
app/dashboard/patient/layout.tsx(12,3): error TS2305: Module '"lucide-react"' has no exported member 'Settings'.
app/dashboard/patient/layout.tsx(13,3): error TS2305: Module '"lucide-react"' has no exported member 'LogOut'.
app/dashboard/patient/layout.tsx(14,3): error TS2305: Module '"lucide-react"' has no exported member 'Menu'.
app/dashboard/patient/layout.tsx(15,3): error TS2305: Module '"lucide-react"' has no exported member 'X'.
app/dashboard/patient/layout.tsx(16,3): error TS2305: Module '"lucide-react"' has no exported member 'Heart'.
app/dashboard/patient/layout.tsx(17,3): error TS2305: Module '"lucide-react"' has no exported member 'Clock'.
app/dashboard/patient/layout.tsx(18,3): error TS2305: Module '"lucide-react"' has no exported member 'Shield'.
app/dashboard/patient/layout.tsx(19,3): error TS2305: Module '"lucide-react"' has no exported member 'User'.
app/dashboard/patient/layout.tsx(20,3): error TS2305: Module '"lucide-react"' has no exported member 'Moon'.
app/dashboard/patient/layout.tsx(21,3): error TS2305: Module '"lucide-react"' has no exported member 'Sun'.
app/dashboard/patient/layout.tsx(22,3): error TS2305: Module '"lucide-react"' has no exported member 'Wallet'.
app/dashboard/patient/layout.tsx(23,3): error TS2305: Module '"lucide-react"' has no exported member 'Copy'.
app/dashboard/patient/layout.tsx(24,3): error TS2305: Module '"lucide-react"' has no exported member 'Check'.
app/dashboard/patient/layout.tsx(25,3): error TS2305: Module '"lucide-react"' has no exported member 'ExternalLink'.
app/dashboard/patient/layout.tsx(26,3): error TS2305: Module '"lucide-react"' has no exported member 'Search'.
app/dashboard/patient/layout.tsx(27,3): error TS2305: Module '"lucide-react"' has no exported member 'ClipboardList'.
app/dashboard/patient/layout.tsx(28,3): error TS2305: Module '"lucide-react"' has no exported member 'Beaker'.
app/dashboard/patient/layout.tsx(29,3): error TS2305: Module '"lucide-react"' has no exported member 'BookOpen'.
app/dashboard/patient/layout.tsx(30,3): error TS2305: Module '"lucide-react"' has no exported member 'Trash2'.
app/dashboard/patient/page.tsx(4,3): error TS2305: Module '"lucide-react"' has no exported member 'Activity'.
app/dashboard/patient/page.tsx(5,3): error TS2305: Module '"lucide-react"' has no exported member 'Heart'.
app/dashboard/patient/page.tsx(6,3): error TS2305: Module '"lucide-react"' has no exported member 'Thermometer'.
app/dashboard/patient/page.tsx(7,3): error TS2305: Module '"lucide-react"' has no exported member 'Wind'.
app/dashboard/patient/page.tsx(8,3): error TS2305: Module '"lucide-react"' has no exported member 'TrendingUp'.
app/dashboard/patient/page.tsx(9,3): error TS2305: Module '"lucide-react"' has no exported member 'AlertCircle'.
app/dashboard/patient/page.tsx(10,3): error TS2305: Module '"lucide-react"' has no exported member 'Plus'.
app/dashboard/patient/page.tsx(11,3): error TS2305: Module '"lucide-react"' has no exported member 'Clock'.
app/dashboard/patient/page.tsx(12,3): error TS2305: Module '"lucide-react"' has no exported member 'CheckCircle'.
app/dashboard/patient/page.tsx(13,3): error TS2305: Module '"lucide-react"' has no exported member 'XCircle'.
app/dashboard/patient/page.tsx(14,3): error TS2305: Module '"lucide-react"' has no exported member 'Search'.
app/dashboard/patient/page.tsx(15,3): error TS2305: Module '"lucide-react"' has no exported member 'ChevronRight'.
app/dashboard/patient/page.tsx(16,3): error TS2305: Module '"lucide-react"' has no exported member 'MoreVertical'.
app/dashboard/patient/page.tsx(17,3): error TS2305: Module '"lucide-react"' has no exported member 'Calendar'.
app/dashboard/patient/page.tsx(18,3): error TS2305: Module '"lucide-react"' has no exported member 'BookOpen'.
app/dashboard/patient/profile/page.tsx(6,3): error TS2305: Module '"lucide-react"' has no exported member 'User'.
app/dashboard/patient/profile/page.tsx(7,3): error TS2305: Module '"lucide-react"' has no exported member 'Mail'.
app/dashboard/patient/profile/page.tsx(8,3): error TS2305: Module '"lucide-react"' has no exported member 'Phone'.
app/dashboard/patient/profile/page.tsx(9,3): error TS2305: Module '"lucide-react"' has no exported member 'MapPin'.
app/dashboard/patient/profile/page.tsx(10,3): error TS2305: Module '"lucide-react"' has no exported member 'Calendar'.
app/dashboard/patient/profile/page.tsx(11,3): error TS2305: Module '"lucide-react"' has no exported member 'Camera'.
app/dashboard/patient/profile/page.tsx(12,3): error TS2305: Module '"lucide-react"' has no exported member 'Save'.
app/dashboard/patient/profile/page.tsx(13,3): error TS2305: Module '"lucide-react"' has no exported member 'Edit2'.
app/dashboard/patient/profile/page.tsx(14,3): error TS2305: Module '"lucide-react"' has no exported member 'ZoomIn'.
app/dashboard/patient/profile/page.tsx(15,3): error TS2305: Module '"lucide-react"' has no exported member 'ZoomOut'.
app/dashboard/patient/profile/page.tsx(16,3): error TS2305: Module '"lucide-react"' has no exported member 'Move'.
app/dashboard/patient/profile/page.tsx(17,3): error TS2305: Module '"lucide-react"' has no exported member 'Check'.
app/dashboard/patient/profile/page.tsx(18,3): error TS2305: Module '"lucide-react"' has no exported member 'ScanFace'.
app/dashboard/patient/profile/page.tsx(19,3): error TS2305: Module '"lucide-react"' has no exported member 'Heart'.
app/dashboard/patient/profile/page.tsx(20,3): error TS2305: Module '"lucide-react"' has no exported member 'AlertCircle'.
app/dashboard/patient/profile/page.tsx(21,3): error TS2305: Module '"lucide-react"' has no exported member 'Droplets'.
app/dashboard/patient/profile/page.tsx(22,3): error TS2305: Module '"lucide-react"' has no exported member 'Home'.
app/dashboard/patient/profile/page.tsx(23,3): error TS2305: Module '"lucide-react"' has no exported member 'Activity'.
app/dashboard/patient/profile/page.tsx(24,3): error TS2305: Module '"lucide-react"' has no exported member 'Pill'.
app/dashboard/patient/profile/page.tsx(25,3): error TS2305: Module '"lucide-react"' has no exported member 'Stethoscope'.
app/dashboard/patient/profile/page.tsx(26,3): error TS2305: Module '"lucide-react"' has no exported member 'Users'.
app/dashboard/patient/profile/page.tsx(27,3): error TS2305: Module '"lucide-react"' has no exported member 'Plus'.
app/dashboard/patient/profile/page.tsx(28,3): error TS2305: Module '"lucide-react"' has no exported member 'X'.
app/dashboard/patient/questionnaires/[id]/page.tsx(5,10): error TS2305: Module '"lucide-react"' has no exported member 'ArrowLeft'.
app/dashboard/patient/questionnaires/page.tsx(4,10): error TS2305: Module '"lucide-react"' has no exported member 'Loader2'.
app/dashboard/patient/questionnaires/page.tsx(4,19): error TS2305: Module '"lucide-react"' has no exported member 'AlertCircle'.
app/dashboard/patient/questionnaires/page.tsx(4,32): error TS2305: Module '"lucide-react"' has no exported member 'CheckCircle2'.
app/dashboard/patient/questionnaires/page.tsx(4,46): error TS2305: Module '"lucide-react"' has no exported member 'Clock'.
app/dashboard/patient/reports/page.tsx(6,3): error TS2305: Module '"lucide-react"' has no exported member 'Search'.
app/dashboard/patient/reports/page.tsx(7,3): error TS2305: Module '"lucide-react"' has no exported member 'FileText'.
app/dashboard/patient/reports/page.tsx(8,3): error TS2305: Module '"lucide-react"' has no exported member 'Download'.
app/dashboard/patient/reports/page.tsx(9,3): error TS2305: Module '"lucide-react"' has no exported member 'Eye'.
app/dashboard/patient/reports/page.tsx(10,3): error TS2305: Module '"lucide-react"' has no exported member 'ChevronRight'.
app/dashboard/patient/reports/page.tsx(11,3): error TS2305: Module '"lucide-react"' has no exported member 'Calendar'.
app/dashboard/patient/reports/page.tsx(12,3): error TS2305: Module '"lucide-react"' has no exported member 'Upload'.
app/dashboard/patient/reports/page.tsx(13,3): error TS2305: Module '"lucide-react"' has no exported member 'Activity'.
app/dashboard/patient/reports/page.tsx(14,3): error TS2305: Module '"lucide-react"' has no exported member 'Droplet'.
app/dashboard/patient/reports/page.tsx(15,3): error TS2305: Module '"lucide-react"' has no exported member 'Heart'.
app/dashboard/patient/reports/page.tsx(16,3): error TS2305: Module '"lucide-react"' has no exported member 'Brain'.
app/dashboard/patient/reports/page.tsx(17,3): error TS2305: Module '"lucide-react"' has no exported member 'Trash2'.
app/dashboard/patient/reports/page.tsx(18,3): error TS2305: Module '"lucide-react"' has no exported member 'Image'.
app/dashboard/patient/reports/page.tsx(19,3): error TS2305: Module '"lucide-react"' has no exported member 'FileImage'.
app/dashboard/patient/reports/page.tsx(20,3): error TS2305: Module '"lucide-react"' has no exported member 'X'.
app/dashboard/patient/reports/page.tsx(21,3): error TS2305: Module '"lucide-react"' has no exported member 'ZoomIn'.
app/dashboard/patient/reports/page.tsx(22,3): error TS2305: Module '"lucide-react"' has no exported member 'ZoomOut'.
app/dashboard/patient/settings/page.tsx(6,3): error TS2305: Module '"lucide-react"' has no exported member 'User'.
app/dashboard/patient/settings/page.tsx(7,3): error TS2305: Module '"lucide-react"' has no exported member 'Mail'.
app/dashboard/patient/settings/page.tsx(8,3): error TS2305: Module '"lucide-react"' has no exported member 'Phone'.
app/dashboard/patient/settings/page.tsx(9,3): error TS2305: Module '"lucide-react"' has no exported member 'MapPin'.
app/dashboard/patient/settings/page.tsx(10,3): error TS2305: Module '"lucide-react"' has no exported member 'Calendar'.
app/dashboard/patient/settings/page.tsx(11,3): error TS2305: Module '"lucide-react"' has no exported member 'Shield'.
app/dashboard/patient/settings/page.tsx(12,3): error TS2305: Module '"lucide-react"' has no exported member 'Bell'.
app/dashboard/patient/settings/page.tsx(13,3): error TS2305: Module '"lucide-react"' has no exported member 'Lock'.
app/dashboard/patient/settings/page.tsx(14,3): error TS2305: Module '"lucide-react"' has no exported member 'Heart'.
app/dashboard/patient/settings/page.tsx(15,3): error TS2305: Module '"lucide-react"' has no exported member 'Save'.
app/dashboard/patient/settings/page.tsx(16,3): error TS2305: Module '"lucide-react"' has no exported member 'Edit2'.
app/dashboard/patient/settings/page.tsx(17,3): error TS2305: Module '"lucide-react"' has no exported member 'AlertCircle'.
app/dashboard/patient/settings/page.tsx(18,3): error TS2305: Module '"lucide-react"' has no exported member 'CheckCircle'.
app/dashboard/patient/settings/page.tsx(81,15): error TS18047: 'currentUser.patient.address' is possibly 'null'.
app/dashboard/patient/settings/page.tsx(86,15): error TS18047: 'currentUser.patient.emergencyContact' is possibly 'null'.
app/dashboard/patient/settings/page.tsx(90,15): error TS18047: 'currentUser.patient.emergencyContact' is possibly 'null'.
app/dashboard/patient/settings/page.tsx(90,52): error TS2339: Property 'phone' does not exist on type '{ name: string; relationship: string; phoneNumber: string; email: string | null; }'.
app/dashboard/patient/symptoms/page.tsx(3,10): error TS2305: Module '"lucide-react"' has no exported member 'AlertCircle'.
app/dashboard/patient/symptoms/page.tsx(3,23): error TS2305: Module '"lucide-react"' has no exported member 'CheckCircle2'.
app/dashboard/patient/symptoms/page.tsx(3,37): error TS2305: Module '"lucide-react"' has no exported member 'Heart'.
app/dashboard/patient/symptoms/page.tsx(3,44): error TS2305: Module '"lucide-react"' has no exported member 'TrendingUp'.
app/dashboard/patient/vitals/page.tsx(4,3): error TS2305: Module '"lucide-react"' has no exported member 'AlertCircle'.
app/dashboard/patient/vitals/page.tsx(5,3): error TS2305: Module '"lucide-react"' has no exported member 'CheckCircle2'.
app/dashboard/patient/vitals/page.tsx(6,3): error TS2305: Module '"lucide-react"' has no exported member 'Heart'.
app/dashboard/patient/vitals/page.tsx(7,3): error TS2305: Module '"lucide-react"' has no exported member 'Link'.
app/dashboard/patient/vitals/page.tsx(8,3): error TS2305: Module '"lucide-react"' has no exported member 'Loader2'.
app/dashboard/patient/vitals/page.tsx(9,3): error TS2305: Module '"lucide-react"' has no exported member 'Save'.
app/dashboard/patient/vitals/page.tsx(10,3): error TS2305: Module '"lucide-react"' has no exported member 'Scale'.
app/dashboard/patient/vitals/page.tsx(11,3): error TS2305: Module '"lucide-react"' has no exported member 'Thermometer'.
app/dashboard/patient/vitals/page.tsx(12,3): error TS2305: Module '"lucide-react"' has no exported member 'TrendingUp'.
app/dashboard/patient/vitals/page.tsx(13,3): error TS2305: Module '"lucide-react"' has no exported member 'Wind'.
app/dashboard/patient/vitals/page.tsx(14,3): error TS2305: Module '"lucide-react"' has no exported member 'Mic'.
app/dashboard/patient/wearables/enzo200-connect/page.tsx(7,3): error TS2305: Module '"lucide-react"' has no exported member 'ArrowLeft'.
app/dashboard/patient/wearables/enzo200-connect/page.tsx(8,3): error TS2305: Module '"lucide-react"' has no exported member 'CheckCircle2'.
app/dashboard/patient/wearables/enzo200-connect/page.tsx(9,3): error TS2305: Module '"lucide-react"' has no exported member 'AlertCircle'.
app/dashboard/patient/wearables/enzo200-connect/page.tsx(10,3): error TS2305: Module '"lucide-react"' has no exported member 'Smartphone'.
app/dashboard/patient/wearables/enzo200-connect/page.tsx(11,3): error TS2305: Module '"lucide-react"' has no exported member 'Loader2'.
app/dashboard/patient/wearables/page.tsx(6,3): error TS2305: Module '"lucide-react"' has no exported member 'ArrowLeft'.
app/dashboard/patient/wearables/page.tsx(7,3): error TS2305: Module '"lucide-react"' has no exported member 'Smartphone'.
app/dashboard/patient/wearables/page.tsx(8,3): error TS2305: Module '"lucide-react"' has no exported member 'Plus'.
app/dashboard/patient/wearables/page.tsx(9,3): error TS2305: Module '"lucide-react"' has no exported member 'Trash2'.
app/dashboard/patient/wearables/page.tsx(10,3): error TS2305: Module '"lucide-react"' has no exported member 'CheckCircle'.
app/dashboard/patient/wearables/page.tsx(11,3): error TS2305: Module '"lucide-react"' has no exported member 'Clock'.
app/dashboard/patient/wearables/page.tsx(12,3): error TS2305: Module '"lucide-react"' has no exported member 'AlertCircle'.
app/dashboard/patient/wearables/page.tsx(13,3): error TS2305: Module '"lucide-react"' has no exported member 'Shield'.
app/dashboard/questionnaires/[id]/page.tsx(102,27): error TS2339: Property 'isAiGenerated' does not exist on type '{ questions: { id: string; createdAt: Date; updatedAt: Date; description: string | null; options: JsonValue; templateId: string; questionNumber: number; questionText: string; ... 8 more ...; helpText: string | null; }[]; assignments: ({ ...; } & { ...; })[]; } & { ...; }'.
app/dashboard/questionnaires/[id]/page.tsx(122,29): error TS2551: Property 'isRequired' does not exist on type '{ id: string; createdAt: Date; updatedAt: Date; description: string | null; options: JsonValue; templateId: string; questionNumber: number; questionText: string; questionType: string; ... 7 more ...; helpText: string | null; }'. Did you mean 'required'?
app/forgot-password/page.tsx(3,10): error TS2305: Module '"lucide-react"' has no exported member 'Heart'.
app/forgot-password/page.tsx(3,17): error TS2305: Module '"lucide-react"' has no exported member 'Mail'.
app/forgot-password/page.tsx(3,23): error TS2305: Module '"lucide-react"' has no exported member 'AlertCircle'.
app/forgot-password/page.tsx(3,36): error TS2305: Module '"lucide-react"' has no exported member 'CheckCircle'.
app/forgot-password/page.tsx(3,49): error TS2305: Module '"lucide-react"' has no exported member 'ArrowLeft'.
app/login/page.tsx(4,3): error TS2305: Module '"lucide-react"' has no exported member 'Heart'.
app/login/page.tsx(5,3): error TS2305: Module '"lucide-react"' has no exported member 'Mail'.
app/login/page.tsx(6,3): error TS2305: Module '"lucide-react"' has no exported member 'Lock'.
app/login/page.tsx(7,3): error TS2305: Module '"lucide-react"' has no exported member 'AlertCircle'.
app/login/page.tsx(8,3): error TS2305: Module '"lucide-react"' has no exported member 'Activity'.
app/login/page.tsx(9,3): error TS2305: Module '"lucide-react"' has no exported member 'Sparkles'.
app/login/page.tsx(10,3): error TS2305: Module '"lucide-react"' has no exported member 'Shield'.
app/login/page.tsx(11,3): error TS2305: Module '"lucide-react"' has no exported member 'TrendingUp'.
app/login/page.tsx(12,3): error TS2305: Module '"lucide-react"' has no exported member 'ArrowRight'.
app/login/page.tsx(13,3): error TS2305: Module '"lucide-react"' has no exported member 'Eye'.
app/login/page.tsx(14,3): error TS2305: Module '"lucide-react"' has no exported member 'EyeOff'.
app/login/page.tsx(15,3): error TS2305: Module '"lucide-react"' has no exported member 'CheckCircle2'.
app/login/page.tsx(16,3): error TS2305: Module '"lucide-react"' has no exported member 'Copy'.
app/login/page.tsx(17,3): error TS2305: Module '"lucide-react"' has no exported member 'Check'.
app/login/page.tsx(18,3): error TS2305: Module '"lucide-react"' has no exported member 'Zap'.
app/login/page.tsx(19,3): error TS2305: Module '"lucide-react"' has no exported member 'Users'.
app/login/page.tsx(20,3): error TS2305: Module '"lucide-react"' has no exported member 'Clock'.
app/login/page.tsx(21,3): error TS2305: Module '"lucide-react"' has no exported member 'Star'.
app/login/page.tsx(22,3): error TS2305: Module '"lucide-react"' has no exported member 'ScanFace'.
app/login/page.tsx(63,20): error TS2339: Property 'mustChangePassword' does not exist on type '{ success: boolean; user: { id: string; email: string; firstName: string; lastName: string; role: Role; }; error?: undefined; }'.
app/page.tsx(8,3): error TS2305: Module '"lucide-react"' has no exported member 'Heart'.
app/page.tsx(9,3): error TS2305: Module '"lucide-react"' has no exported member 'Activity'.
app/page.tsx(10,3): error TS2305: Module '"lucide-react"' has no exported member 'Shield'.
app/page.tsx(11,3): error TS2305: Module '"lucide-react"' has no exported member 'Bell'.
app/page.tsx(12,3): error TS2305: Module '"lucide-react"' has no exported member 'Users'.
app/page.tsx(13,3): error TS2305: Module '"lucide-react"' has no exported member 'BarChart3'.
app/page.tsx(14,3): error TS2305: Module '"lucide-react"' has no exported member 'Lock'.
app/page.tsx(15,3): error TS2305: Module '"lucide-react"' has no exported member 'Clock'.
app/page.tsx(16,3): error TS2305: Module '"lucide-react"' has no exported member 'Smartphone'.
app/page.tsx(17,3): error TS2305: Module '"lucide-react"' has no exported member 'CheckCircle'.
app/page.tsx(18,3): error TS2305: Module '"lucide-react"' has no exported member 'TrendingUp'.
app/page.tsx(19,3): error TS2305: Module '"lucide-react"' has no exported member 'AlertCircle'.
app/page.tsx(20,3): error TS2305: Module '"lucide-react"' has no exported member 'Award'.
app/page.tsx(21,3): error TS2305: Module '"lucide-react"' has no exported member 'Zap'.
app/page.tsx(22,3): error TS2305: Module '"lucide-react"' has no exported member 'FileText'.
app/page.tsx(23,3): error TS2305: Module '"lucide-react"' has no exported member 'Phone'.
app/page.tsx(24,3): error TS2305: Module '"lucide-react"' has no exported member 'Mail'.
app/page.tsx(25,3): error TS2305: Module '"lucide-react"' has no exported member 'MapPin'.
app/page.tsx(26,3): error TS2305: Module '"lucide-react"' has no exported member 'ChevronDown'.
app/page.tsx(27,3): error TS2305: Module '"lucide-react"' has no exported member 'Star'.
app/page.tsx(28,3): error TS2305: Module '"lucide-react"' has no exported member 'MessageCircle'.
app/page.tsx(29,3): error TS2305: Module '"lucide-react"' has no exported member 'Menu'.
app/page.tsx(30,3): error TS2305: Module '"lucide-react"' has no exported member 'X'.
app/page.tsx(31,3): error TS2305: Module '"lucide-react"' has no exported member 'ArrowUp'.
app/page.tsx(32,3): error TS2305: Module '"lucide-react"' has no exported member 'Building2'.
app/page.tsx(33,3): error TS2305: Module '"lucide-react"' has no exported member 'Sparkles'.
app/patients/[userId]/new-appointment/page.tsx(22,13): error TS2322: Type 'string | undefined' is not assignable to type 'string'.
  Type 'undefined' is not assignable to type 'string'.
app/patients/[userId]/new-appointment/success/page.tsx(66,55): error TS2339: Property 'dateTime' does not exist on type 'string'.
app/patients/[userId]/register/page.tsx(25,25): error TS2322: Type '{ $id: string; name: string; email: string; phone: string; } | null' is not assignable to type 'User'.
  Type 'null' is not assignable to type 'User'.
app/questionnaire-profil/page.tsx(3,10): error TS2305: Module '"lucide-react"' has no exported member 'AlertCircle'.
app/questionnaire-profil/page.tsx(3,23): error TS2305: Module '"lucide-react"' has no exported member 'ArrowRight'.
app/questionnaire-profil/page.tsx(3,35): error TS2305: Module '"lucide-react"' has no exported member 'CheckCircle2'.
app/questionnaire-profil/page.tsx(3,49): error TS2305: Module '"lucide-react"' has no exported member 'Heart'.
app/register/page.tsx(4,3): error TS2305: Module '"lucide-react"' has no exported member 'Heart'.
app/register/page.tsx(5,3): error TS2305: Module '"lucide-react"' has no exported member 'Mail'.
app/register/page.tsx(6,3): error TS2305: Module '"lucide-react"' has no exported member 'Lock'.
app/register/page.tsx(7,3): error TS2305: Module '"lucide-react"' has no exported member 'User'.
app/register/page.tsx(8,3): error TS2305: Module '"lucide-react"' has no exported member 'Phone'.
app/register/page.tsx(9,3): error TS2305: Module '"lucide-react"' has no exported member 'AlertCircle'.
app/register/page.tsx(10,3): error TS2305: Module '"lucide-react"' has no exported member 'CheckCircle'.
app/register/page.tsx(11,3): error TS2305: Module '"lucide-react"' has no exported member 'Activity'.
app/register/page.tsx(12,3): error TS2305: Module '"lucide-react"' has no exported member 'Sparkles'.
app/register/page.tsx(13,3): error TS2305: Module '"lucide-react"' has no exported member 'Shield'.
app/register/page.tsx(14,3): error TS2305: Module '"lucide-react"' has no exported member 'TrendingUp'.
app/register/page.tsx(15,3): error TS2305: Module '"lucide-react"' has no exported member 'ArrowRight'.
app/register/page.tsx(16,3): error TS2305: Module '"lucide-react"' has no exported member 'Eye'.
app/register/page.tsx(17,3): error TS2305: Module '"lucide-react"' has no exported member 'EyeOff'.
app/register/page.tsx(18,3): error TS2305: Module '"lucide-react"' has no exported member 'CheckCircle2'.
app/register/page.tsx(19,3): error TS2305: Module '"lucide-react"' has no exported member 'Zap'.
app/register/page.tsx(20,3): error TS2305: Module '"lucide-react"' has no exported member 'Users'.
app/register/page.tsx(21,3): error TS2305: Module '"lucide-react"' has no exported member 'Clock'.
app/register/page.tsx(22,3): error TS2305: Module '"lucide-react"' has no exported member 'Star'.
app/reset-password/[token]/page.tsx(4,3): error TS2305: Module '"lucide-react"' has no exported member 'Heart'.
app/reset-password/[token]/page.tsx(5,3): error TS2305: Module '"lucide-react"' has no exported member 'Lock'.
app/reset-password/[token]/page.tsx(6,3): error TS2305: Module '"lucide-react"' has no exported member 'AlertCircle'.
app/reset-password/[token]/page.tsx(7,3): error TS2305: Module '"lucide-react"' has no exported member 'CheckCircle'.
app/reset-password/[token]/page.tsx(8,3): error TS2305: Module '"lucide-react"' has no exported member 'ArrowLeft'.
app/reset-password/[token]/page.tsx(9,3): error TS2305: Module '"lucide-react"' has no exported member 'Eye'.
app/reset-password/[token]/page.tsx(10,3): error TS2305: Module '"lucide-react"' has no exported member 'EyeOff'.
app/superadmin/audit/page.tsx(11,3): error TS2305: Module '"lucide-react"' has no exported member 'Search'.
app/superadmin/audit/page.tsx(12,3): error TS2305: Module '"lucide-react"' has no exported member 'Download'.
app/superadmin/audit/page.tsx(13,3): error TS2305: Module '"lucide-react"' has no exported member 'ChevronDown'.
app/superadmin/audit/page.tsx(14,3): error TS2305: Module '"lucide-react"' has no exported member 'ChevronRight'.
app/superadmin/audit/page.tsx(15,3): error TS2305: Module '"lucide-react"' has no exported member 'Loader2'.
app/superadmin/audit/page.tsx(16,3): error TS2305: Module '"lucide-react"' has no exported member 'ChevronLeft'.
app/superadmin/audit/page.tsx(17,3): error TS2305: Module '"lucide-react"' has no exported member 'RefreshCw'.
app/superadmin/page.tsx(9,3): error TS2305: Module '"lucide-react"' has no exported member 'Users'.
app/superadmin/page.tsx(10,3): error TS2305: Module '"lucide-react"' has no exported member 'UserCog'.
app/superadmin/page.tsx(11,3): error TS2305: Module '"lucide-react"' has no exported member 'Stethoscope'.
app/superadmin/page.tsx(12,3): error TS2305: Module '"lucide-react"' has no exported member 'HeartPulse'.
app/superadmin/page.tsx(13,3): error TS2305: Module '"lucide-react"' has no exported member 'ClipboardList'.
app/superadmin/page.tsx(14,3): error TS2305: Module '"lucide-react"' has no exported member 'UserCheck'.
app/superadmin/page.tsx(15,3): error TS2305: Module '"lucide-react"' has no exported member 'ShieldOff'.
app/superadmin/page.tsx(16,3): error TS2305: Module '"lucide-react"' has no exported member 'AlertTriangle'.
app/superadmin/page.tsx(17,3): error TS2305: Module '"lucide-react"' has no exported member 'Activity'.
app/superadmin/page.tsx(18,3): error TS2305: Module '"lucide-react"' has no exported member 'TrendingUp'.
components/AddAnalysisButton.tsx(4,10): error TS2305: Module '"lucide-react"' has no exported member 'Plus'.
components/AddVitalButton.tsx(4,10): error TS2305: Module '"lucide-react"' has no exported member 'Plus'.
components/admin/AdminHeader.tsx(3,10): error TS2305: Module '"lucide-react"' has no exported member 'LogOut'.
components/admin/AdminNotificationBell.tsx(4,10): error TS2305: Module '"lucide-react"' has no exported member 'Bell'.
components/admin/AdminNotificationBell.tsx(4,16): error TS2305: Module '"lucide-react"' has no exported member 'X'.
components/admin/AdminNotificationBell.tsx(4,19): error TS2305: Module '"lucide-react"' has no exported member 'AlertCircle'.
components/admin/AdminNotificationBell.tsx(4,32): error TS2305: Module '"lucide-react"' has no exported member 'Info'.
components/admin/AdminSidebar.tsx(7,3): error TS2305: Module '"lucide-react"' has no exported member 'Users'.
components/admin/AdminSidebar.tsx(8,3): error TS2305: Module '"lucide-react"' has no exported member 'AlertCircle'.
components/admin/AdminSidebar.tsx(9,3): error TS2305: Module '"lucide-react"' has no exported member 'FileText'.
components/admin/AdminSidebar.tsx(10,3): error TS2305: Module '"lucide-react"' has no exported member 'TrendingUp'.
components/admin/AdminSidebar.tsx(11,3): error TS2305: Module '"lucide-react"' has no exported member 'Building2'.
components/admin/AdminSidebar.tsx(12,3): error TS2305: Module '"lucide-react"' has no exported member 'LayoutDashboard'.
components/admin/AdminSidebar.tsx(13,3): error TS2305: Module '"lucide-react"' has no exported member 'UserCircle'.
components/admin/AdminSidebar.tsx(14,3): error TS2305: Module '"lucide-react"' has no exported member 'Zap'.
components/admin/AdminSidebar.tsx(15,3): error TS2305: Module '"lucide-react"' has no exported member 'ClipboardList'.
components/admin/AdminSidebar.tsx(16,3): error TS2305: Module '"lucide-react"' has no exported member 'Download'.
components/admin/AdminSidebar.tsx(17,3): error TS2305: Module '"lucide-react"' has no exported member 'Clock'.
components/admin/AdminSidebar.tsx(18,3): error TS2305: Module '"lucide-react"' has no exported member 'Bell'.
components/admin/LiveAdminDashboard.tsx(7,3): error TS2305: Module '"lucide-react"' has no exported member 'AlertCircle'.
components/admin/LiveAdminDashboard.tsx(8,3): error TS2305: Module '"lucide-react"' has no exported member 'Activity'.
components/admin/LiveAdminDashboard.tsx(9,3): error TS2305: Module '"lucide-react"' has no exported member 'UserCog'.
components/admin/LiveAdminDashboard.tsx(10,3): error TS2305: Module '"lucide-react"' has no exported member 'Users'.
components/admin/LiveAdminDashboard.tsx(11,3): error TS2305: Module '"lucide-react"' has no exported member 'Clock'.
components/admin/LiveAdminDashboard.tsx(12,3): error TS2305: Module '"lucide-react"' has no exported member 'Database'.
components/admin/LiveAdminDashboard.tsx(13,3): error TS2305: Module '"lucide-react"' has no exported member 'Server'.
components/admin/LiveAdminDashboard.tsx(14,3): error TS2305: Module '"lucide-react"' has no exported member 'Globe'.
components/admin/LiveAdminDashboard.tsx(15,3): error TS2305: Module '"lucide-react"' has no exported member 'Shield'.
components/admin/LiveAdminDashboard.tsx(16,3): error TS2305: Module '"lucide-react"' has no exported member 'Sparkles'.
components/admin/LiveAdminDashboard.tsx(17,3): error TS2305: Module '"lucide-react"' has no exported member 'Bot'.
components/admin/LiveAdminDashboard.tsx(18,3): error TS2305: Module '"lucide-react"' has no exported member 'Send'.
components/admin/LiveAdminDashboard.tsx(19,3): error TS2305: Module '"lucide-react"' has no exported member 'ArrowRight'.
components/admin/ThemeToggle.tsx(5,10): error TS2305: Module '"lucide-react"' has no exported member 'Sun'.
components/admin/ThemeToggle.tsx(5,15): error TS2305: Module '"lucide-react"' has no exported member 'Moon'.
components/AdminNotificationBell.tsx(6,10): error TS2305: Module '"lucide-react"' has no exported member 'Bell'.
components/AdminNotificationBell.tsx(6,16): error TS2305: Module '"lucide-react"' has no exported member 'AlertCircle'.
components/AdminNotificationBell.tsx(6,29): error TS2305: Module '"lucide-react"' has no exported member 'UserPlus'.
components/AnalysisManagement.tsx(23,10): error TS2305: Module '"lucide-react"' has no exported member 'Loader2'.
components/AnalysisManagement.tsx(23,19): error TS2305: Module '"lucide-react"' has no exported member 'Plus'.
components/AnalysisManagement.tsx(23,25): error TS2305: Module '"lucide-react"' has no exported member 'Search'.
components/AnalysisManagement.tsx(23,33): error TS2305: Module '"lucide-react"' has no exported member 'Download'.
components/AnalysisManagement.tsx(23,43): error TS2305: Module '"lucide-react"' has no exported member 'Eye'.
components/AnalysisModal.tsx(4,10): error TS2305: Module '"lucide-react"' has no exported member 'X'.
components/AnalysisModal.tsx(4,13): error TS2305: Module '"lucide-react"' has no exported member 'FlaskConical'.
components/AnalysisModal.tsx(4,27): error TS2305: Module '"lucide-react"' has no exported member 'FileText'.
components/AnalysisModal.tsx(4,37): error TS2305: Module '"lucide-react"' has no exported member 'Calendar'.
components/AnalysisModal.tsx(4,47): error TS2305: Module '"lucide-react"' has no exported member 'Building2'.
components/AnalysisTableActions.tsx(4,10): error TS2305: Module '"lucide-react"' has no exported member 'Pen'.
components/AnalysisTableActions.tsx(4,15): error TS2305: Module '"lucide-react"' has no exported member 'Trash2'.
components/AuditDashboard.tsx(32,10): error TS2305: Module '"lucide-react"' has no exported member 'BarChart3'.
components/AuditDashboard.tsx(32,21): error TS2305: Module '"lucide-react"' has no exported member 'Users'.
components/AuditDashboard.tsx(32,28): error TS2305: Module '"lucide-react"' has no exported member 'FileText'.
components/AuditDashboard.tsx(32,38): error TS2305: Module '"lucide-react"' has no exported member 'Activity'.
components/AuditDashboard.tsx(32,48): error TS2305: Module '"lucide-react"' has no exported member 'Wallet'.
components/AuditDashboard.tsx(149,15): error TS2345: Argument of type '{ timestamp: string; user: { id: string; email: string; firstName: string; lastName: string; role: Role; }; id: string; userId: string; blockchainTxHash: string | null; action: string; ipAddress: string | null; userAgent: string | null; entityType: string; changes: JsonValue; entityId: string | null; }[]' is not assignable to parameter of type 'SetStateAction<AuditLog[]>'.
  Type '{ timestamp: string; user: { id: string; email: string; firstName: string; lastName: string; role: Role; }; id: string; userId: string; blockchainTxHash: string | null; action: string; ipAddress: string | null; userAgent: string | null; entityType: string; changes: JsonValue; entityId: string | null; }[]' is not assignable to type 'AuditLog[]'.
    Type '{ timestamp: string; user: { id: string; email: string; firstName: string; lastName: string; role: $Enums.Role; }; id: string; userId: string; blockchainTxHash: string | null; action: string; ... 4 more ...; entityId: string | null; }' is not assignable to type 'AuditLog'.
      Types of property 'entityId' are incompatible.
        Type 'string | null' is not assignable to type 'string | undefined'.
          Type 'null' is not assignable to type 'string | undefined'.
components/AuditDashboard.tsx(182,15): error TS2345: Argument of type '{ timestamp: string; user: { id: string; email: string; firstName: string; lastName: string; role: Role; }; id: string; userId: string; blockchainTxHash: string | null; action: string; ipAddress: string | null; userAgent: string | null; entityType: string; changes: JsonValue; entityId: string | null; }[]' is not assignable to parameter of type 'SetStateAction<AuditLog[]>'.
  Type '{ timestamp: string; user: { id: string; email: string; firstName: string; lastName: string; role: Role; }; id: string; userId: string; blockchainTxHash: string | null; action: string; ipAddress: string | null; userAgent: string | null; entityType: string; changes: JsonValue; entityId: string | null; }[]' is not assignable to type 'AuditLog[]'.
    Type '{ timestamp: string; user: { id: string; email: string; firstName: string; lastName: string; role: $Enums.Role; }; id: string; userId: string; blockchainTxHash: string | null; action: string; ... 4 more ...; entityId: string | null; }' is not assignable to type 'AuditLog'.
      Types of property 'entityId' are incompatible.
        Type 'string | null' is not assignable to type 'string | undefined'.
          Type 'null' is not assignable to type 'string | undefined'.
components/auditor/BlockchainTransactionsList.tsx(7,3): error TS2305: Module '"lucide-react"' has no exported member 'FileText'.
components/auditor/BlockchainTransactionsList.tsx(8,3): error TS2305: Module '"lucide-react"' has no exported member 'ChevronDown'.
components/auditor/BlockchainTransactionsList.tsx(9,3): error TS2305: Module '"lucide-react"' has no exported member 'Check'.
components/auditor/BlockchainTransactionsList.tsx(10,3): error TS2305: Module '"lucide-react"' has no exported member 'AlertCircle'.
components/auditor/BlockchainTransactionsList.tsx(11,3): error TS2305: Module '"lucide-react"' has no exported member 'Wallet'.
components/auditor/BlockchainTransactionsList.tsx(12,3): error TS2305: Module '"lucide-react"' has no exported member 'Lock'.
components/auditor/BlockchainTransactionsList.tsx(13,3): error TS2305: Module '"lucide-react"' has no exported member 'Unlock'.
components/auditor/BlockchainTransactionsList.tsx(14,3): error TS2305: Module '"lucide-react"' has no exported member 'Eye'.
components/auditor/BlockchainTransactionsList.tsx(15,3): error TS2305: Module '"lucide-react"' has no exported member 'Download'.
components/auditor/BlockchainTransactionsList.tsx(16,3): error TS2305: Module '"lucide-react"' has no exported member 'Filter'.
components/auditor/BlockchainTransactionsList.tsx(17,3): error TS2305: Module '"lucide-react"' has no exported member 'Search'.
components/auditor/BlockchainTransactionsList.tsx(18,3): error TS2305: Module '"lucide-react"' has no exported member 'Zap'.
components/auditor/BlockchainTransactionsList.tsx(19,3): error TS2305: Module '"lucide-react"' has no exported member 'ExternalLink'.
components/auditor/BlockchainTransactionsList.tsx(20,3): error TS2305: Module '"lucide-react"' has no exported member 'Loader'.
components/BlockchainAuditTab.tsx(16,3): error TS2305: Module '"lucide-react"' has no exported member 'Wallet'.
components/BlockchainAuditTab.tsx(17,3): error TS2305: Module '"lucide-react"' has no exported member 'TrendingUp'.
components/BlockchainAuditTab.tsx(18,3): error TS2305: Module '"lucide-react"' has no exported member 'CheckCircle'.
components/BlockchainAuditTab.tsx(19,3): error TS2305: Module '"lucide-react"' has no exported member 'XCircle'.
components/BlockchainAuditTab.tsx(20,3): error TS2305: Module '"lucide-react"' has no exported member 'Loader'.
components/BlockchainAuditTab.tsx(21,3): error TS2305: Module '"lucide-react"' has no exported member 'RefreshCw'.
components/ChatBot.tsx(5,3): error TS2305: Module '"lucide-react"' has no exported member 'MessageCircle'.
components/ChatBot.tsx(6,3): error TS2305: Module '"lucide-react"' has no exported member 'X'.
components/ChatBot.tsx(7,3): error TS2305: Module '"lucide-react"' has no exported member 'Send'.
components/ChatBot.tsx(8,3): error TS2305: Module '"lucide-react"' has no exported member 'Bot'.
components/ChatBot.tsx(9,3): error TS2305: Module '"lucide-react"' has no exported member 'User'.
components/ChatBot.tsx(10,3): error TS2305: Module '"lucide-react"' has no exported member 'Loader2'.
components/ChatBot.tsx(11,3): error TS2305: Module '"lucide-react"' has no exported member 'Sparkles'.
components/ChatBot.tsx(12,3): error TS2305: Module '"lucide-react"' has no exported member 'UserCircle'.
components/ChatBot.tsx(13,3): error TS2305: Module '"lucide-react"' has no exported member 'ChevronDown'.
components/ChatBot.tsx(14,3): error TS2305: Module '"lucide-react"' has no exported member 'AlertCircle'.
components/ChatBot.tsx(15,3): error TS2305: Module '"lucide-react"' has no exported member 'Mic'.
components/ChatBot.tsx(16,3): error TS2305: Module '"lucide-react"' has no exported member 'MicOff'.
components/ChatBot.tsx(17,3): error TS2305: Module '"lucide-react"' has no exported member 'Volume2'.
components/ChatBot.tsx(18,3): error TS2305: Module '"lucide-react"' has no exported member 'VolumeX'.
components/ChatBot.tsx(19,3): error TS2305: Module '"lucide-react"' has no exported member 'Zap'.
components/CoordinatorGuideVideoMaker.tsx(4,10): error TS2305: Module '"lucide-react"' has no exported member 'Download'.
components/CoordinatorGuideVideoMaker.tsx(4,20): error TS2305: Module '"lucide-react"' has no exported member 'Film'.
components/CoordinatorGuideVideoMaker.tsx(4,26): error TS2305: Module '"lucide-react"' has no exported member 'Loader2'.
components/CoordinatorGuideVideoMaker.tsx(4,35): error TS2305: Module '"lucide-react"' has no exported member 'Play'.
components/CoordinatorGuideVideoMaker.tsx(4,41): error TS2305: Module '"lucide-react"' has no exported member 'Square'.
components/CoordinatorGuideVideoMaker.tsx(320,16): error TS2304: Cannot find name 'title'.
components/CreateQuestionnaire.tsx(29,10): error TS2305: Module '"lucide-react"' has no exported member 'Loader2'.
components/CreateQuestionnaire.tsx(29,19): error TS2305: Module '"lucide-react"' has no exported member 'Plus'.
components/CreateQuestionnaire.tsx(29,25): error TS2305: Module '"lucide-react"' has no exported member 'Sparkles'.
components/DoctorNotesSection.tsx(5,3): error TS2305: Module '"lucide-react"' has no exported member 'Send'.
components/DoctorNotesSection.tsx(6,3): error TS2305: Module '"lucide-react"' has no exported member 'Trash2'.
components/DoctorNotesSection.tsx(7,3): error TS2305: Module '"lucide-react"' has no exported member 'Edit2'.
components/DoctorNotesSection.tsx(8,3): error TS2305: Module '"lucide-react"' has no exported member 'Check'.
components/DoctorNotesSection.tsx(9,3): error TS2305: Module '"lucide-react"' has no exported member 'X'.
components/DoctorNotesSection.tsx(10,3): error TS2305: Module '"lucide-react"' has no exported member 'Loader2'.
components/DoctorNotesSection.tsx(11,3): error TS2305: Module '"lucide-react"' has no exported member 'AlertCircle'.
components/DoctorQuestionnaireResponses.tsx(14,10): error TS2305: Module '"lucide-react"' has no exported member 'Loader2'.
components/DoctorQuestionnaireResponses.tsx(14,19): error TS2305: Module '"lucide-react"' has no exported member 'Download'.
components/DoctorQuestionnaireResponses.tsx(14,29): error TS2305: Module '"lucide-react"' has no exported member 'Eye'.
components/DoctorQuestionnaireResponses.tsx(14,34): error TS2305: Module '"lucide-react"' has no exported member 'AlertCircle'.
components/DoctorQuestionnaireResponses.tsx(113,48): error TS2802: Type 'Set<string>' can only be iterated through when using the '--downlevelIteration' flag or with a '--target' of 'es2015' or higher.
components/DocumentActions.tsx(4,10): error TS2305: Module '"lucide-react"' has no exported member 'Pen'.
components/DocumentActions.tsx(4,15): error TS2305: Module '"lucide-react"' has no exported member 'Trash2'.
components/DocumentEditModal.tsx(4,10): error TS2305: Module '"lucide-react"' has no exported member 'X'.
components/DocumentEditModal.tsx(4,13): error TS2305: Module '"lucide-react"' has no exported member 'FileText'.
components/FaceEnrollModal.tsx(5,3): error TS2305: Module '"lucide-react"' has no exported member 'Camera'.
components/FaceEnrollModal.tsx(6,3): error TS2305: Module '"lucide-react"' has no exported member 'Loader2'.
components/FaceEnrollModal.tsx(7,3): error TS2305: Module '"lucide-react"' has no exported member 'CheckCircle2'.
components/FaceEnrollModal.tsx(8,3): error TS2305: Module '"lucide-react"' has no exported member 'AlertCircle'.
components/FaceEnrollModal.tsx(9,3): error TS2305: Module '"lucide-react"' has no exported member 'ScanFace'.
components/FaceEnrollModal.tsx(10,3): error TS2305: Module '"lucide-react"' has no exported member 'RefreshCw'.
components/FaceEnrollModal.tsx(11,3): error TS2305: Module '"lucide-react"' has no exported member 'X'.
components/FaceEnrollModal.tsx(12,3): error TS2305: Module '"lucide-react"' has no exported member 'Trash2'.
components/FaceLoginModal.tsx(6,3): error TS2305: Module '"lucide-react"' has no exported member 'Camera'.
components/FaceLoginModal.tsx(7,3): error TS2305: Module '"lucide-react"' has no exported member 'Loader2'.
components/FaceLoginModal.tsx(8,3): error TS2305: Module '"lucide-react"' has no exported member 'CheckCircle2'.
components/FaceLoginModal.tsx(9,3): error TS2305: Module '"lucide-react"' has no exported member 'AlertCircle'.
components/FaceLoginModal.tsx(10,3): error TS2305: Module '"lucide-react"' has no exported member 'ScanFace'.
components/FaceLoginModal.tsx(11,3): error TS2305: Module '"lucide-react"' has no exported member 'RefreshCw'.
components/FaceLoginModal.tsx(12,3): error TS2305: Module '"lucide-react"' has no exported member 'X'.
components/FileUploadMedical.tsx(4,10): error TS2305: Module '"lucide-react"' has no exported member 'Upload'.
components/FileUploadMedical.tsx(4,18): error TS2305: Module '"lucide-react"' has no exported member 'X'.
components/FileUploadMedical.tsx(4,21): error TS2305: Module '"lucide-react"' has no exported member 'FileText'.
components/FileUploadMedical.tsx(4,31): error TS2305: Module '"lucide-react"' has no exported member 'CheckCircle'.
components/FileUploadMedical.tsx(4,44): error TS2305: Module '"lucide-react"' has no exported member 'AlertCircle'.
components/forms/AppointmentForm.tsx(85,56): error TS2345: Argument of type '{ userId: string; patient: string; primaryPhysician: string | undefined; schedule: Date; reason: string; status: Status; note: string | undefined; }' is not assignable to parameter of type 'CreateAppointmentParams'.
  Types of property 'primaryPhysician' are incompatible.
    Type 'string | undefined' is not assignable to type 'string'.
      Type 'undefined' is not assignable to type 'string'.
components/forms/AppointmentForm.tsx(106,60): error TS2345: Argument of type '{ userId: string; appointmentId: string; appointment: { primaryPhysician: string | undefined; schedule: Date; status: Status; cancellationReason: string | undefined; }; type: "create" | "schedule" | "cancel"; }' is not assignable to parameter of type 'UpdateAppointmentParams'.
  Property 'timeZone' is missing in type '{ userId: string; appointmentId: string; appointment: { primaryPhysician: string | undefined; schedule: Date; status: Status; cancellationReason: string | undefined; }; type: "create" | "schedule" | "cancel"; }' but required in type 'UpdateAppointmentParams'.
components/forms/AppointmentForm.tsx(147,15): error TS2322: Type 'Control<{ schedule: Date; cancellationReason: string; note?: string | undefined; primaryPhysician?: string | undefined; reason?: string | undefined; } | { schedule: Date; primaryPhysician: string; note?: string | undefined; reason?: string | undefined; cancellationReason?: string | undefined; } | { ...; }, any, { .....' is not assignable to type 'Control<any>'.
  The types of '_options.validate' are incompatible between these types.
    Type 'ValidateForm<{ schedule: Date; cancellationReason: string; note?: string | undefined; primaryPhysician?: string | undefined; reason?: string | undefined; } | { schedule: Date; primaryPhysician: string; note?: string | undefined; reason?: string | undefined; cancellationReason?: string | undefined; } | { ...; }> | un...' is not assignable to type 'ValidateForm<any> | undefined'.
      Type 'ValidateForm<{ schedule: Date; cancellationReason: string; note?: string | undefined; primaryPhysician?: string | undefined; reason?: string | undefined; } | { schedule: Date; primaryPhysician: string; note?: string | undefined; reason?: string | undefined; cancellationReason?: string | undefined; } | { ...; }>' is not assignable to type 'ValidateForm<any>'.
        Types of parameters 'props' and 'props' are incompatible.
          Type '{ formValues: any; formState: FormState<any>; eventType?: ValidateFormEventType | undefined; name?: string | string[] | undefined; }' is not assignable to type '{ formValues: { schedule: Date; cancellationReason: string; note?: string | undefined; primaryPhysician?: string | undefined; reason?: string | undefined; } | { schedule: Date; primaryPhysician: string; note?: string | undefined; reason?: string | undefined; cancellationReason?: string | undefined; } | { ...; }; for...'.
            Types of property 'name' are incompatible.
              Type 'string | string[] | undefined' is not assignable to type '"note" | "schedule" | "primaryPhysician" | "reason" | "cancellationReason" | ("note" | "schedule" | "primaryPhysician" | "reason" | "cancellationReason")[] | undefined'.
                Type 'string' is not assignable to type '"note" | "schedule" | "primaryPhysician" | "reason" | "cancellationReason" | ("note" | "schedule" | "primaryPhysician" | "reason" | "cancellationReason")[] | undefined'.
components/forms/AppointmentForm.tsx(170,15): error TS2322: Type 'Control<{ schedule: Date; cancellationReason: string; note?: string | undefined; primaryPhysician?: string | undefined; reason?: string | undefined; } | { schedule: Date; primaryPhysician: string; note?: string | undefined; reason?: string | undefined; cancellationReason?: string | undefined; } | { ...; }, any, { .....' is not assignable to type 'Control<any>'.
  The types of '_options.validate' are incompatible between these types.
    Type 'ValidateForm<{ schedule: Date; cancellationReason: string; note?: string | undefined; primaryPhysician?: string | undefined; reason?: string | undefined; } | { schedule: Date; primaryPhysician: string; note?: string | undefined; reason?: string | undefined; cancellationReason?: string | undefined; } | { ...; }> | un...' is not assignable to type 'ValidateForm<any> | undefined'.
      Type 'ValidateForm<{ schedule: Date; cancellationReason: string; note?: string | undefined; primaryPhysician?: string | undefined; reason?: string | undefined; } | { schedule: Date; primaryPhysician: string; note?: string | undefined; reason?: string | undefined; cancellationReason?: string | undefined; } | { ...; }>' is not assignable to type 'ValidateForm<any>'.
        Types of parameters 'props' and 'props' are incompatible.
          Type '{ formValues: any; formState: FormState<any>; eventType?: ValidateFormEventType | undefined; name?: string | string[] | undefined; }' is not assignable to type '{ formValues: { schedule: Date; cancellationReason: string; note?: string | undefined; primaryPhysician?: string | undefined; reason?: string | undefined; } | { schedule: Date; primaryPhysician: string; note?: string | undefined; reason?: string | undefined; cancellationReason?: string | undefined; } | { ...; }; for...'.
            Types of property 'name' are incompatible.
              Type 'string | string[] | undefined' is not assignable to type '"note" | "schedule" | "primaryPhysician" | "reason" | "cancellationReason" | ("note" | "schedule" | "primaryPhysician" | "reason" | "cancellationReason")[] | undefined'.
                Type 'string' is not assignable to type '"note" | "schedule" | "primaryPhysician" | "reason" | "cancellationReason" | ("note" | "schedule" | "primaryPhysician" | "reason" | "cancellationReason")[] | undefined'.
components/forms/AppointmentForm.tsx(182,17): error TS2322: Type 'Control<{ schedule: Date; cancellationReason: string; note?: string | undefined; primaryPhysician?: string | undefined; reason?: string | undefined; } | { schedule: Date; primaryPhysician: string; note?: string | undefined; reason?: string | undefined; cancellationReason?: string | undefined; } | { ...; }, any, { .....' is not assignable to type 'Control<any>'.
  The types of '_options.validate' are incompatible between these types.
    Type 'ValidateForm<{ schedule: Date; cancellationReason: string; note?: string | undefined; primaryPhysician?: string | undefined; reason?: string | undefined; } | { schedule: Date; primaryPhysician: string; note?: string | undefined; reason?: string | undefined; cancellationReason?: string | undefined; } | { ...; }> | un...' is not assignable to type 'ValidateForm<any> | undefined'.
      Type 'ValidateForm<{ schedule: Date; cancellationReason: string; note?: string | undefined; primaryPhysician?: string | undefined; reason?: string | undefined; } | { schedule: Date; primaryPhysician: string; note?: string | undefined; reason?: string | undefined; cancellationReason?: string | undefined; } | { ...; }>' is not assignable to type 'ValidateForm<any>'.
        Types of parameters 'props' and 'props' are incompatible.
          Type '{ formValues: any; formState: FormState<any>; eventType?: ValidateFormEventType | undefined; name?: string | string[] | undefined; }' is not assignable to type '{ formValues: { schedule: Date; cancellationReason: string; note?: string | undefined; primaryPhysician?: string | undefined; reason?: string | undefined; } | { schedule: Date; primaryPhysician: string; note?: string | undefined; reason?: string | undefined; cancellationReason?: string | undefined; } | { ...; }; for...'.
            Types of property 'name' are incompatible.
              Type 'string | string[] | undefined' is not assignable to type '"note" | "schedule" | "primaryPhysician" | "reason" | "cancellationReason" | ("note" | "schedule" | "primaryPhysician" | "reason" | "cancellationReason")[] | undefined'.
                Type 'string' is not assignable to type '"note" | "schedule" | "primaryPhysician" | "reason" | "cancellationReason" | ("note" | "schedule" | "primaryPhysician" | "reason" | "cancellationReason")[] | undefined'.
components/forms/AppointmentForm.tsx(191,17): error TS2322: Type 'Control<{ schedule: Date; cancellationReason: string; note?: string | undefined; primaryPhysician?: string | undefined; reason?: string | undefined; } | { schedule: Date; primaryPhysician: string; note?: string | undefined; reason?: string | undefined; cancellationReason?: string | undefined; } | { ...; }, any, { .....' is not assignable to type 'Control<any>'.
  The types of '_options.validate' are incompatible between these types.
    Type 'ValidateForm<{ schedule: Date; cancellationReason: string; note?: string | undefined; primaryPhysician?: string | undefined; reason?: string | undefined; } | { schedule: Date; primaryPhysician: string; note?: string | undefined; reason?: string | undefined; cancellationReason?: string | undefined; } | { ...; }> | un...' is not assignable to type 'ValidateForm<any> | undefined'.
      Type 'ValidateForm<{ schedule: Date; cancellationReason: string; note?: string | undefined; primaryPhysician?: string | undefined; reason?: string | undefined; } | { schedule: Date; primaryPhysician: string; note?: string | undefined; reason?: string | undefined; cancellationReason?: string | undefined; } | { ...; }>' is not assignable to type 'ValidateForm<any>'.
        Types of parameters 'props' and 'props' are incompatible.
          Type '{ formValues: any; formState: FormState<any>; eventType?: ValidateFormEventType | undefined; name?: string | string[] | undefined; }' is not assignable to type '{ formValues: { schedule: Date; cancellationReason: string; note?: string | undefined; primaryPhysician?: string | undefined; reason?: string | undefined; } | { schedule: Date; primaryPhysician: string; note?: string | undefined; reason?: string | undefined; cancellationReason?: string | undefined; } | { ...; }; for...'.
            Types of property 'name' are incompatible.
              Type 'string | string[] | undefined' is not assignable to type '"note" | "schedule" | "primaryPhysician" | "reason" | "cancellationReason" | ("note" | "schedule" | "primaryPhysician" | "reason" | "cancellationReason")[] | undefined'.
                Type 'string' is not assignable to type '"note" | "schedule" | "primaryPhysician" | "reason" | "cancellationReason" | ("note" | "schedule" | "primaryPhysician" | "reason" | "cancellationReason")[] | undefined'.
components/forms/AppointmentForm.tsx(204,13): error TS2322: Type 'Control<{ schedule: Date; cancellationReason: string; note?: string | undefined; primaryPhysician?: string | undefined; reason?: string | undefined; } | { schedule: Date; primaryPhysician: string; note?: string | undefined; reason?: string | undefined; cancellationReason?: string | undefined; } | { ...; }, any, { .....' is not assignable to type 'Control<any>'.
  The types of '_options.validate' are incompatible between these types.
    Type 'ValidateForm<{ schedule: Date; cancellationReason: string; note?: string | undefined; primaryPhysician?: string | undefined; reason?: string | undefined; } | { schedule: Date; primaryPhysician: string; note?: string | undefined; reason?: string | undefined; cancellationReason?: string | undefined; } | { ...; }> | un...' is not assignable to type 'ValidateForm<any> | undefined'.
      Type 'ValidateForm<{ schedule: Date; cancellationReason: string; note?: string | undefined; primaryPhysician?: string | undefined; reason?: string | undefined; } | { schedule: Date; primaryPhysician: string; note?: string | undefined; reason?: string | undefined; cancellationReason?: string | undefined; } | { ...; }>' is not assignable to type 'ValidateForm<any>'.
        Types of parameters 'props' and 'props' are incompatible.
          Type '{ formValues: any; formState: FormState<any>; eventType?: ValidateFormEventType | undefined; name?: string | string[] | undefined; }' is not assignable to type '{ formValues: { schedule: Date; cancellationReason: string; note?: string | undefined; primaryPhysician?: string | undefined; reason?: string | undefined; } | { schedule: Date; primaryPhysician: string; note?: string | undefined; reason?: string | undefined; cancellationReason?: string | undefined; } | { ...; }; for...'.
            Types of property 'name' are incompatible.
              Type 'string | string[] | undefined' is not assignable to type '"note" | "schedule" | "primaryPhysician" | "reason" | "cancellationReason" | ("note" | "schedule" | "primaryPhysician" | "reason" | "cancellationReason")[] | undefined'.
                Type 'string' is not assignable to type '"note" | "schedule" | "primaryPhysician" | "reason" | "cancellationReason" | ("note" | "schedule" | "primaryPhysician" | "reason" | "cancellationReason")[] | undefined'.
components/forms/PatientForm.tsx(10,10): error TS2305: Module '"@/lib/actions/patient.actions"' has no exported member 'createUser'.
components/forms/PatientForm.tsx(11,10): error TS2305: Module '"@/lib/validation"' has no exported member 'UserFormValidation'.
components/forms/RegisterForm.tsx(90,48): error TS2345: Argument of type '{ userId: string; name: string; email: string; phone: string; birthDate: Date; gender: string; address: string; occupation: string; emergencyContactName: string; emergencyContactNumber: string; ... 12 more ...; privacyConsent: boolean; }' is not assignable to parameter of type 'PatientCreateInput'.
  Type '{ userId: string; name: string; email: string; phone: string; birthDate: Date; gender: string; address: string; occupation: string; emergencyContactName: string; emergencyContactNumber: string; ... 12 more ...; privacyConsent: boolean; }' is missing the following properties from type 'PatientCreateInput': medicalRecordNumber, dateOfBirth
components/forms/RegisterForm.tsx(122,13): error TS2322: Type 'Control<{ gender: string; address: string; email: string; name: string; phone: string; primaryPhysician: string; birthDate: Date; occupation: string; emergencyContactName: string; emergencyContactNumber: string; ... 11 more ...; identificationDocument?: any; }, any, { ...; }>' is not assignable to type 'Control<any>'.
  The types of '_options.validate' are incompatible between these types.
    Type 'ValidateForm<{ gender: string; address: string; email: string; name: string; phone: string; primaryPhysician: string; birthDate: Date; occupation: string; emergencyContactName: string; emergencyContactNumber: string; ... 11 more ...; identificationDocument?: any; }> | undefined' is not assignable to type 'ValidateForm<any> | undefined'.
      Type 'ValidateForm<{ gender: string; address: string; email: string; name: string; phone: string; primaryPhysician: string; birthDate: Date; occupation: string; emergencyContactName: string; emergencyContactNumber: string; ... 11 more ...; identificationDocument?: any; }>' is not assignable to type 'ValidateForm<any>'.
        Types of parameters 'props' and 'props' are incompatible.
          Type '{ formValues: any; formState: FormState<any>; eventType?: ValidateFormEventType | undefined; name?: string | string[] | undefined; }' is not assignable to type '{ formValues: { gender: string; address: string; email: string; name: string; phone: string; primaryPhysician: string; birthDate: Date; occupation: string; emergencyContactName: string; emergencyContactNumber: string; ... 11 more ...; identificationDocument?: any; }; formState: FormState<...>; eventType?: ValidateFo...'.
            Types of property 'name' are incompatible.
              Type 'string | string[] | undefined' is not assignable to type '"gender" | "address" | "email" | "name" | "phone" | "primaryPhysician" | "birthDate" | "occupation" | "emergencyContactName" | "emergencyContactNumber" | "insuranceProvider" | ... 13 more ... | undefined'.
                Type 'string' is not assignable to type '"gender" | "address" | "email" | "name" | "phone" | "primaryPhysician" | "birthDate" | "occupation" | "emergencyContactName" | "emergencyContactNumber" | "insuranceProvider" | ... 13 more ... | undefined'.
components/forms/RegisterForm.tsx(133,15): error TS2322: Type 'Control<{ gender: string; address: string; email: string; name: string; phone: string; primaryPhysician: string; birthDate: Date; occupation: string; emergencyContactName: string; emergencyContactNumber: string; ... 11 more ...; identificationDocument?: any; }, any, { ...; }>' is not assignable to type 'Control<any>'.
  The types of '_options.validate' are incompatible between these types.
    Type 'ValidateForm<{ gender: string; address: string; email: string; name: string; phone: string; primaryPhysician: string; birthDate: Date; occupation: string; emergencyContactName: string; emergencyContactNumber: string; ... 11 more ...; identificationDocument?: any; }> | undefined' is not assignable to type 'ValidateForm<any> | undefined'.
      Type 'ValidateForm<{ gender: string; address: string; email: string; name: string; phone: string; primaryPhysician: string; birthDate: Date; occupation: string; emergencyContactName: string; emergencyContactNumber: string; ... 11 more ...; identificationDocument?: any; }>' is not assignable to type 'ValidateForm<any>'.
        Types of parameters 'props' and 'props' are incompatible.
          Type '{ formValues: any; formState: FormState<any>; eventType?: ValidateFormEventType | undefined; name?: string | string[] | undefined; }' is not assignable to type '{ formValues: { gender: string; address: string; email: string; name: string; phone: string; primaryPhysician: string; birthDate: Date; occupation: string; emergencyContactName: string; emergencyContactNumber: string; ... 11 more ...; identificationDocument?: any; }; formState: FormState<...>; eventType?: ValidateFo...'.
            Types of property 'name' are incompatible.
              Type 'string | string[] | undefined' is not assignable to type '"gender" | "address" | "email" | "name" | "phone" | "primaryPhysician" | "birthDate" | "occupation" | "emergencyContactName" | "emergencyContactNumber" | "insuranceProvider" | ... 13 more ... | undefined'.
                Type 'string' is not assignable to type '"gender" | "address" | "email" | "name" | "phone" | "primaryPhysician" | "birthDate" | "occupation" | "emergencyContactName" | "emergencyContactNumber" | "insuranceProvider" | ... 13 more ... | undefined'.
components/forms/RegisterForm.tsx(143,15): error TS2322: Type 'Control<{ gender: string; address: string; email: string; name: string; phone: string; primaryPhysician: string; birthDate: Date; occupation: string; emergencyContactName: string; emergencyContactNumber: string; ... 11 more ...; identificationDocument?: any; }, any, { ...; }>' is not assignable to type 'Control<any>'.
  The types of '_options.validate' are incompatible between these types.
    Type 'ValidateForm<{ gender: string; address: string; email: string; name: string; phone: string; primaryPhysician: string; birthDate: Date; occupation: string; emergencyContactName: string; emergencyContactNumber: string; ... 11 more ...; identificationDocument?: any; }> | undefined' is not assignable to type 'ValidateForm<any> | undefined'.
      Type 'ValidateForm<{ gender: string; address: string; email: string; name: string; phone: string; primaryPhysician: string; birthDate: Date; occupation: string; emergencyContactName: string; emergencyContactNumber: string; ... 11 more ...; identificationDocument?: any; }>' is not assignable to type 'ValidateForm<any>'.
        Types of parameters 'props' and 'props' are incompatible.
          Type '{ formValues: any; formState: FormState<any>; eventType?: ValidateFormEventType | undefined; name?: string | string[] | undefined; }' is not assignable to type '{ formValues: { gender: string; address: string; email: string; name: string; phone: string; primaryPhysician: string; birthDate: Date; occupation: string; emergencyContactName: string; emergencyContactNumber: string; ... 11 more ...; identificationDocument?: any; }; formState: FormState<...>; eventType?: ValidateFo...'.
            Types of property 'name' are incompatible.
              Type 'string | string[] | undefined' is not assignable to type '"gender" | "address" | "email" | "name" | "phone" | "primaryPhysician" | "birthDate" | "occupation" | "emergencyContactName" | "emergencyContactNumber" | "insuranceProvider" | ... 13 more ... | undefined'.
                Type 'string' is not assignable to type '"gender" | "address" | "email" | "name" | "phone" | "primaryPhysician" | "birthDate" | "occupation" | "emergencyContactName" | "emergencyContactNumber" | "insuranceProvider" | ... 13 more ... | undefined'.
components/forms/RegisterForm.tsx(154,15): error TS2322: Type 'Control<{ gender: string; address: string; email: string; name: string; phone: string; primaryPhysician: string; birthDate: Date; occupation: string; emergencyContactName: string; emergencyContactNumber: string; ... 11 more ...; identificationDocument?: any; }, any, { ...; }>' is not assignable to type 'Control<any>'.
  The types of '_options.validate' are incompatible between these types.
    Type 'ValidateForm<{ gender: string; address: string; email: string; name: string; phone: string; primaryPhysician: string; birthDate: Date; occupation: string; emergencyContactName: string; emergencyContactNumber: string; ... 11 more ...; identificationDocument?: any; }> | undefined' is not assignable to type 'ValidateForm<any> | undefined'.
      Type 'ValidateForm<{ gender: string; address: string; email: string; name: string; phone: string; primaryPhysician: string; birthDate: Date; occupation: string; emergencyContactName: string; emergencyContactNumber: string; ... 11 more ...; identificationDocument?: any; }>' is not assignable to type 'ValidateForm<any>'.
        Types of parameters 'props' and 'props' are incompatible.
          Type '{ formValues: any; formState: FormState<any>; eventType?: ValidateFormEventType | undefined; name?: string | string[] | undefined; }' is not assignable to type '{ formValues: { gender: string; address: string; email: string; name: string; phone: string; primaryPhysician: string; birthDate: Date; occupation: string; emergencyContactName: string; emergencyContactNumber: string; ... 11 more ...; identificationDocument?: any; }; formState: FormState<...>; eventType?: ValidateFo...'.
            Types of property 'name' are incompatible.
              Type 'string | string[] | undefined' is not assignable to type '"gender" | "address" | "email" | "name" | "phone" | "primaryPhysician" | "birthDate" | "occupation" | "emergencyContactName" | "emergencyContactNumber" | "insuranceProvider" | ... 13 more ... | undefined'.
                Type 'string' is not assignable to type '"gender" | "address" | "email" | "name" | "phone" | "primaryPhysician" | "birthDate" | "occupation" | "emergencyContactName" | "emergencyContactNumber" | "insuranceProvider" | ... 13 more ... | undefined'.
components/forms/RegisterForm.tsx(161,15): error TS2322: Type 'Control<{ gender: string; address: string; email: string; name: string; phone: string; primaryPhysician: string; birthDate: Date; occupation: string; emergencyContactName: string; emergencyContactNumber: string; ... 11 more ...; identificationDocument?: any; }, any, { ...; }>' is not assignable to type 'Control<any>'.
  The types of '_options.validate' are incompatible between these types.
    Type 'ValidateForm<{ gender: string; address: string; email: string; name: string; phone: string; primaryPhysician: string; birthDate: Date; occupation: string; emergencyContactName: string; emergencyContactNumber: string; ... 11 more ...; identificationDocument?: any; }> | undefined' is not assignable to type 'ValidateForm<any> | undefined'.
      Type 'ValidateForm<{ gender: string; address: string; email: string; name: string; phone: string; primaryPhysician: string; birthDate: Date; occupation: string; emergencyContactName: string; emergencyContactNumber: string; ... 11 more ...; identificationDocument?: any; }>' is not assignable to type 'ValidateForm<any>'.
        Types of parameters 'props' and 'props' are incompatible.
          Type '{ formValues: any; formState: FormState<any>; eventType?: ValidateFormEventType | undefined; name?: string | string[] | undefined; }' is not assignable to type '{ formValues: { gender: string; address: string; email: string; name: string; phone: string; primaryPhysician: string; birthDate: Date; occupation: string; emergencyContactName: string; emergencyContactNumber: string; ... 11 more ...; identificationDocument?: any; }; formState: FormState<...>; eventType?: ValidateFo...'.
            Types of property 'name' are incompatible.
              Type 'string | string[] | undefined' is not assignable to type '"gender" | "address" | "email" | "name" | "phone" | "primaryPhysician" | "birthDate" | "occupation" | "emergencyContactName" | "emergencyContactNumber" | "insuranceProvider" | ... 13 more ... | undefined'.
                Type 'string' is not assignable to type '"gender" | "address" | "email" | "name" | "phone" | "primaryPhysician" | "birthDate" | "occupation" | "emergencyContactName" | "emergencyContactNumber" | "insuranceProvider" | ... 13 more ... | undefined'.
components/forms/RegisterForm.tsx(189,15): error TS2322: Type 'Control<{ gender: string; address: string; email: string; name: string; phone: string; primaryPhysician: string; birthDate: Date; occupation: string; emergencyContactName: string; emergencyContactNumber: string; ... 11 more ...; identificationDocument?: any; }, any, { ...; }>' is not assignable to type 'Control<any>'.
  The types of '_options.validate' are incompatible between these types.
    Type 'ValidateForm<{ gender: string; address: string; email: string; name: string; phone: string; primaryPhysician: string; birthDate: Date; occupation: string; emergencyContactName: string; emergencyContactNumber: string; ... 11 more ...; identificationDocument?: any; }> | undefined' is not assignable to type 'ValidateForm<any> | undefined'.
      Type 'ValidateForm<{ gender: string; address: string; email: string; name: string; phone: string; primaryPhysician: string; birthDate: Date; occupation: string; emergencyContactName: string; emergencyContactNumber: string; ... 11 more ...; identificationDocument?: any; }>' is not assignable to type 'ValidateForm<any>'.
        Types of parameters 'props' and 'props' are incompatible.
          Type '{ formValues: any; formState: FormState<any>; eventType?: ValidateFormEventType | undefined; name?: string | string[] | undefined; }' is not assignable to type '{ formValues: { gender: string; address: string; email: string; name: string; phone: string; primaryPhysician: string; birthDate: Date; occupation: string; emergencyContactName: string; emergencyContactNumber: string; ... 11 more ...; identificationDocument?: any; }; formState: FormState<...>; eventType?: ValidateFo...'.
            Types of property 'name' are incompatible.
              Type 'string | string[] | undefined' is not assignable to type '"gender" | "address" | "email" | "name" | "phone" | "primaryPhysician" | "birthDate" | "occupation" | "emergencyContactName" | "emergencyContactNumber" | "insuranceProvider" | ... 13 more ... | undefined'.
                Type 'string' is not assignable to type '"gender" | "address" | "email" | "name" | "phone" | "primaryPhysician" | "birthDate" | "occupation" | "emergencyContactName" | "emergencyContactNumber" | "insuranceProvider" | ... 13 more ... | undefined'.
components/forms/RegisterForm.tsx(197,15): error TS2322: Type 'Control<{ gender: string; address: string; email: string; name: string; phone: string; primaryPhysician: string; birthDate: Date; occupation: string; emergencyContactName: string; emergencyContactNumber: string; ... 11 more ...; identificationDocument?: any; }, any, { ...; }>' is not assignable to type 'Control<any>'.
  The types of '_options.validate' are incompatible between these types.
    Type 'ValidateForm<{ gender: string; address: string; email: string; name: string; phone: string; primaryPhysician: string; birthDate: Date; occupation: string; emergencyContactName: string; emergencyContactNumber: string; ... 11 more ...; identificationDocument?: any; }> | undefined' is not assignable to type 'ValidateForm<any> | undefined'.
      Type 'ValidateForm<{ gender: string; address: string; email: string; name: string; phone: string; primaryPhysician: string; birthDate: Date; occupation: string; emergencyContactName: string; emergencyContactNumber: string; ... 11 more ...; identificationDocument?: any; }>' is not assignable to type 'ValidateForm<any>'.
        Types of parameters 'props' and 'props' are incompatible.
          Type '{ formValues: any; formState: FormState<any>; eventType?: ValidateFormEventType | undefined; name?: string | string[] | undefined; }' is not assignable to type '{ formValues: { gender: string; address: string; email: string; name: string; phone: string; primaryPhysician: string; birthDate: Date; occupation: string; emergencyContactName: string; emergencyContactNumber: string; ... 11 more ...; identificationDocument?: any; }; formState: FormState<...>; eventType?: ValidateFo...'.
            Types of property 'name' are incompatible.
              Type 'string | string[] | undefined' is not assignable to type '"gender" | "address" | "email" | "name" | "phone" | "primaryPhysician" | "birthDate" | "occupation" | "emergencyContactName" | "emergencyContactNumber" | "insuranceProvider" | ... 13 more ... | undefined'.
                Type 'string' is not assignable to type '"gender" | "address" | "email" | "name" | "phone" | "primaryPhysician" | "birthDate" | "occupation" | "emergencyContactName" | "emergencyContactNumber" | "insuranceProvider" | ... 13 more ... | undefined'.
components/forms/RegisterForm.tsx(208,15): error TS2322: Type 'Control<{ gender: string; address: string; email: string; name: string; phone: string; primaryPhysician: string; birthDate: Date; occupation: string; emergencyContactName: string; emergencyContactNumber: string; ... 11 more ...; identificationDocument?: any; }, any, { ...; }>' is not assignable to type 'Control<any>'.
  The types of '_options.validate' are incompatible between these types.
    Type 'ValidateForm<{ gender: string; address: string; email: string; name: string; phone: string; primaryPhysician: string; birthDate: Date; occupation: string; emergencyContactName: string; emergencyContactNumber: string; ... 11 more ...; identificationDocument?: any; }> | undefined' is not assignable to type 'ValidateForm<any> | undefined'.
      Type 'ValidateForm<{ gender: string; address: string; email: string; name: string; phone: string; primaryPhysician: string; birthDate: Date; occupation: string; emergencyContactName: string; emergencyContactNumber: string; ... 11 more ...; identificationDocument?: any; }>' is not assignable to type 'ValidateForm<any>'.
        Types of parameters 'props' and 'props' are incompatible.
          Type '{ formValues: any; formState: FormState<any>; eventType?: ValidateFormEventType | undefined; name?: string | string[] | undefined; }' is not assignable to type '{ formValues: { gender: string; address: string; email: string; name: string; phone: string; primaryPhysician: string; birthDate: Date; occupation: string; emergencyContactName: string; emergencyContactNumber: string; ... 11 more ...; identificationDocument?: any; }; formState: FormState<...>; eventType?: ValidateFo...'.
            Types of property 'name' are incompatible.
              Type 'string | string[] | undefined' is not assignable to type '"gender" | "address" | "email" | "name" | "phone" | "primaryPhysician" | "birthDate" | "occupation" | "emergencyContactName" | "emergencyContactNumber" | "insuranceProvider" | ... 13 more ... | undefined'.
                Type 'string' is not assignable to type '"gender" | "address" | "email" | "name" | "phone" | "primaryPhysician" | "birthDate" | "occupation" | "emergencyContactName" | "emergencyContactNumber" | "insuranceProvider" | ... 13 more ... | undefined'.
components/forms/RegisterForm.tsx(216,15): error TS2322: Type 'Control<{ gender: string; address: string; email: string; name: string; phone: string; primaryPhysician: string; birthDate: Date; occupation: string; emergencyContactName: string; emergencyContactNumber: string; ... 11 more ...; identificationDocument?: any; }, any, { ...; }>' is not assignable to type 'Control<any>'.
  The types of '_options.validate' are incompatible between these types.
    Type 'ValidateForm<{ gender: string; address: string; email: string; name: string; phone: string; primaryPhysician: string; birthDate: Date; occupation: string; emergencyContactName: string; emergencyContactNumber: string; ... 11 more ...; identificationDocument?: any; }> | undefined' is not assignable to type 'ValidateForm<any> | undefined'.
      Type 'ValidateForm<{ gender: string; address: string; email: string; name: string; phone: string; primaryPhysician: string; birthDate: Date; occupation: string; emergencyContactName: string; emergencyContactNumber: string; ... 11 more ...; identificationDocument?: any; }>' is not assignable to type 'ValidateForm<any>'.
        Types of parameters 'props' and 'props' are incompatible.
          Type '{ formValues: any; formState: FormState<any>; eventType?: ValidateFormEventType | undefined; name?: string | string[] | undefined; }' is not assignable to type '{ formValues: { gender: string; address: string; email: string; name: string; phone: string; primaryPhysician: string; birthDate: Date; occupation: string; emergencyContactName: string; emergencyContactNumber: string; ... 11 more ...; identificationDocument?: any; }; formState: FormState<...>; eventType?: ValidateFo...'.
            Types of property 'name' are incompatible.
              Type 'string | string[] | undefined' is not assignable to type '"gender" | "address" | "email" | "name" | "phone" | "primaryPhysician" | "birthDate" | "occupation" | "emergencyContactName" | "emergencyContactNumber" | "insuranceProvider" | ... 13 more ... | undefined'.
                Type 'string' is not assignable to type '"gender" | "address" | "email" | "name" | "phone" | "primaryPhysician" | "birthDate" | "occupation" | "emergencyContactName" | "emergencyContactNumber" | "insuranceProvider" | ... 13 more ... | undefined'.
components/forms/RegisterForm.tsx(232,13): error TS2322: Type 'Control<{ gender: string; address: string; email: string; name: string; phone: string; primaryPhysician: string; birthDate: Date; occupation: string; emergencyContactName: string; emergencyContactNumber: string; ... 11 more ...; identificationDocument?: any; }, any, { ...; }>' is not assignable to type 'Control<any>'.
  The types of '_options.validate' are incompatible between these types.
    Type 'ValidateForm<{ gender: string; address: string; email: string; name: string; phone: string; primaryPhysician: string; birthDate: Date; occupation: string; emergencyContactName: string; emergencyContactNumber: string; ... 11 more ...; identificationDocument?: any; }> | undefined' is not assignable to type 'ValidateForm<any> | undefined'.
      Type 'ValidateForm<{ gender: string; address: string; email: string; name: string; phone: string; primaryPhysician: string; birthDate: Date; occupation: string; emergencyContactName: string; emergencyContactNumber: string; ... 11 more ...; identificationDocument?: any; }>' is not assignable to type 'ValidateForm<any>'.
        Types of parameters 'props' and 'props' are incompatible.
          Type '{ formValues: any; formState: FormState<any>; eventType?: ValidateFormEventType | undefined; name?: string | string[] | undefined; }' is not assignable to type '{ formValues: { gender: string; address: string; email: string; name: string; phone: string; primaryPhysician: string; birthDate: Date; occupation: string; emergencyContactName: string; emergencyContactNumber: string; ... 11 more ...; identificationDocument?: any; }; formState: FormState<...>; eventType?: ValidateFo...'.
            Types of property 'name' are incompatible.
              Type 'string | string[] | undefined' is not assignable to type '"gender" | "address" | "email" | "name" | "phone" | "primaryPhysician" | "birthDate" | "occupation" | "emergencyContactName" | "emergencyContactNumber" | "insuranceProvider" | ... 13 more ... | undefined'.
                Type 'string' is not assignable to type '"gender" | "address" | "email" | "name" | "phone" | "primaryPhysician" | "birthDate" | "occupation" | "emergencyContactName" | "emergencyContactNumber" | "insuranceProvider" | ... 13 more ... | undefined'.
components/forms/RegisterForm.tsx(257,15): error TS2322: Type 'Control<{ gender: string; address: string; email: string; name: string; phone: string; primaryPhysician: string; birthDate: Date; occupation: string; emergencyContactName: string; emergencyContactNumber: string; ... 11 more ...; identificationDocument?: any; }, any, { ...; }>' is not assignable to type 'Control<any>'.
  The types of '_options.validate' are incompatible between these types.
    Type 'ValidateForm<{ gender: string; address: string; email: string; name: string; phone: string; primaryPhysician: string; birthDate: Date; occupation: string; emergencyContactName: string; emergencyContactNumber: string; ... 11 more ...; identificationDocument?: any; }> | undefined' is not assignable to type 'ValidateForm<any> | undefined'.
      Type 'ValidateForm<{ gender: string; address: string; email: string; name: string; phone: string; primaryPhysician: string; birthDate: Date; occupation: string; emergencyContactName: string; emergencyContactNumber: string; ... 11 more ...; identificationDocument?: any; }>' is not assignable to type 'ValidateForm<any>'.
        Types of parameters 'props' and 'props' are incompatible.
          Type '{ formValues: any; formState: FormState<any>; eventType?: ValidateFormEventType | undefined; name?: string | string[] | undefined; }' is not assignable to type '{ formValues: { gender: string; address: string; email: string; name: string; phone: string; primaryPhysician: string; birthDate: Date; occupation: string; emergencyContactName: string; emergencyContactNumber: string; ... 11 more ...; identificationDocument?: any; }; formState: FormState<...>; eventType?: ValidateFo...'.
            Types of property 'name' are incompatible.
              Type 'string | string[] | undefined' is not assignable to type '"gender" | "address" | "email" | "name" | "phone" | "primaryPhysician" | "birthDate" | "occupation" | "emergencyContactName" | "emergencyContactNumber" | "insuranceProvider" | ... 13 more ... | undefined'.
                Type 'string' is not assignable to type '"gender" | "address" | "email" | "name" | "phone" | "primaryPhysician" | "birthDate" | "occupation" | "emergencyContactName" | "emergencyContactNumber" | "insuranceProvider" | ... 13 more ... | undefined'.
components/forms/RegisterForm.tsx(265,15): error TS2322: Type 'Control<{ gender: string; address: string; email: string; name: string; phone: string; primaryPhysician: string; birthDate: Date; occupation: string; emergencyContactName: string; emergencyContactNumber: string; ... 11 more ...; identificationDocument?: any; }, any, { ...; }>' is not assignable to type 'Control<any>'.
  The types of '_options.validate' are incompatible between these types.
    Type 'ValidateForm<{ gender: string; address: string; email: string; name: string; phone: string; primaryPhysician: string; birthDate: Date; occupation: string; emergencyContactName: string; emergencyContactNumber: string; ... 11 more ...; identificationDocument?: any; }> | undefined' is not assignable to type 'ValidateForm<any> | undefined'.
      Type 'ValidateForm<{ gender: string; address: string; email: string; name: string; phone: string; primaryPhysician: string; birthDate: Date; occupation: string; emergencyContactName: string; emergencyContactNumber: string; ... 11 more ...; identificationDocument?: any; }>' is not assignable to type 'ValidateForm<any>'.
        Types of parameters 'props' and 'props' are incompatible.
          Type '{ formValues: any; formState: FormState<any>; eventType?: ValidateFormEventType | undefined; name?: string | string[] | undefined; }' is not assignable to type '{ formValues: { gender: string; address: string; email: string; name: string; phone: string; primaryPhysician: string; birthDate: Date; occupation: string; emergencyContactName: string; emergencyContactNumber: string; ... 11 more ...; identificationDocument?: any; }; formState: FormState<...>; eventType?: ValidateFo...'.
            Types of property 'name' are incompatible.
              Type 'string | string[] | undefined' is not assignable to type '"gender" | "address" | "email" | "name" | "phone" | "primaryPhysician" | "birthDate" | "occupation" | "emergencyContactName" | "emergencyContactNumber" | "insuranceProvider" | ... 13 more ... | undefined'.
                Type 'string' is not assignable to type '"gender" | "address" | "email" | "name" | "phone" | "primaryPhysician" | "birthDate" | "occupation" | "emergencyContactName" | "emergencyContactNumber" | "insuranceProvider" | ... 13 more ... | undefined'.
components/forms/RegisterForm.tsx(276,15): error TS2322: Type 'Control<{ gender: string; address: string; email: string; name: string; phone: string; primaryPhysician: string; birthDate: Date; occupation: string; emergencyContactName: string; emergencyContactNumber: string; ... 11 more ...; identificationDocument?: any; }, any, { ...; }>' is not assignable to type 'Control<any>'.
  The types of '_options.validate' are incompatible between these types.
    Type 'ValidateForm<{ gender: string; address: string; email: string; name: string; phone: string; primaryPhysician: string; birthDate: Date; occupation: string; emergencyContactName: string; emergencyContactNumber: string; ... 11 more ...; identificationDocument?: any; }> | undefined' is not assignable to type 'ValidateForm<any> | undefined'.
      Type 'ValidateForm<{ gender: string; address: string; email: string; name: string; phone: string; primaryPhysician: string; birthDate: Date; occupation: string; emergencyContactName: string; emergencyContactNumber: string; ... 11 more ...; identificationDocument?: any; }>' is not assignable to type 'ValidateForm<any>'.
        Types of parameters 'props' and 'props' are incompatible.
          Type '{ formValues: any; formState: FormState<any>; eventType?: ValidateFormEventType | undefined; name?: string | string[] | undefined; }' is not assignable to type '{ formValues: { gender: string; address: string; email: string; name: string; phone: string; primaryPhysician: string; birthDate: Date; occupation: string; emergencyContactName: string; emergencyContactNumber: string; ... 11 more ...; identificationDocument?: any; }; formState: FormState<...>; eventType?: ValidateFo...'.
            Types of property 'name' are incompatible.
              Type 'string | string[] | undefined' is not assignable to type '"gender" | "address" | "email" | "name" | "phone" | "primaryPhysician" | "birthDate" | "occupation" | "emergencyContactName" | "emergencyContactNumber" | "insuranceProvider" | ... 13 more ... | undefined'.
                Type 'string' is not assignable to type '"gender" | "address" | "email" | "name" | "phone" | "primaryPhysician" | "birthDate" | "occupation" | "emergencyContactName" | "emergencyContactNumber" | "insuranceProvider" | ... 13 more ... | undefined'.
components/forms/RegisterForm.tsx(284,15): error TS2322: Type 'Control<{ gender: string; address: string; email: string; name: string; phone: string; primaryPhysician: string; birthDate: Date; occupation: string; emergencyContactName: string; emergencyContactNumber: string; ... 11 more ...; identificationDocument?: any; }, any, { ...; }>' is not assignable to type 'Control<any>'.
  The types of '_options.validate' are incompatible between these types.
    Type 'ValidateForm<{ gender: string; address: string; email: string; name: string; phone: string; primaryPhysician: string; birthDate: Date; occupation: string; emergencyContactName: string; emergencyContactNumber: string; ... 11 more ...; identificationDocument?: any; }> | undefined' is not assignable to type 'ValidateForm<any> | undefined'.
      Type 'ValidateForm<{ gender: string; address: string; email: string; name: string; phone: string; primaryPhysician: string; birthDate: Date; occupation: string; emergencyContactName: string; emergencyContactNumber: string; ... 11 more ...; identificationDocument?: any; }>' is not assignable to type 'ValidateForm<any>'.
        Types of parameters 'props' and 'props' are incompatible.
          Type '{ formValues: any; formState: FormState<any>; eventType?: ValidateFormEventType | undefined; name?: string | string[] | undefined; }' is not assignable to type '{ formValues: { gender: string; address: string; email: string; name: string; phone: string; primaryPhysician: string; birthDate: Date; occupation: string; emergencyContactName: string; emergencyContactNumber: string; ... 11 more ...; identificationDocument?: any; }; formState: FormState<...>; eventType?: ValidateFo...'.
            Types of property 'name' are incompatible.
              Type 'string | string[] | undefined' is not assignable to type '"gender" | "address" | "email" | "name" | "phone" | "primaryPhysician" | "birthDate" | "occupation" | "emergencyContactName" | "emergencyContactNumber" | "insuranceProvider" | ... 13 more ... | undefined'.
                Type 'string' is not assignable to type '"gender" | "address" | "email" | "name" | "phone" | "primaryPhysician" | "birthDate" | "occupation" | "emergencyContactName" | "emergencyContactNumber" | "insuranceProvider" | ... 13 more ... | undefined'.
components/forms/RegisterForm.tsx(295,15): error TS2322: Type 'Control<{ gender: string; address: string; email: string; name: string; phone: string; primaryPhysician: string; birthDate: Date; occupation: string; emergencyContactName: string; emergencyContactNumber: string; ... 11 more ...; identificationDocument?: any; }, any, { ...; }>' is not assignable to type 'Control<any>'.
  The types of '_options.validate' are incompatible between these types.
    Type 'ValidateForm<{ gender: string; address: string; email: string; name: string; phone: string; primaryPhysician: string; birthDate: Date; occupation: string; emergencyContactName: string; emergencyContactNumber: string; ... 11 more ...; identificationDocument?: any; }> | undefined' is not assignable to type 'ValidateForm<any> | undefined'.
      Type 'ValidateForm<{ gender: string; address: string; email: string; name: string; phone: string; primaryPhysician: string; birthDate: Date; occupation: string; emergencyContactName: string; emergencyContactNumber: string; ... 11 more ...; identificationDocument?: any; }>' is not assignable to type 'ValidateForm<any>'.
        Types of parameters 'props' and 'props' are incompatible.
          Type '{ formValues: any; formState: FormState<any>; eventType?: ValidateFormEventType | undefined; name?: string | string[] | undefined; }' is not assignable to type '{ formValues: { gender: string; address: string; email: string; name: string; phone: string; primaryPhysician: string; birthDate: Date; occupation: string; emergencyContactName: string; emergencyContactNumber: string; ... 11 more ...; identificationDocument?: any; }; formState: FormState<...>; eventType?: ValidateFo...'.
            Types of property 'name' are incompatible.
              Type 'string | string[] | undefined' is not assignable to type '"gender" | "address" | "email" | "name" | "phone" | "primaryPhysician" | "birthDate" | "occupation" | "emergencyContactName" | "emergencyContactNumber" | "insuranceProvider" | ... 13 more ... | undefined'.
                Type 'string' is not assignable to type '"gender" | "address" | "email" | "name" | "phone" | "primaryPhysician" | "birthDate" | "occupation" | "emergencyContactName" | "emergencyContactNumber" | "insuranceProvider" | ... 13 more ... | undefined'.
components/forms/RegisterForm.tsx(303,15): error TS2322: Type 'Control<{ gender: string; address: string; email: string; name: string; phone: string; primaryPhysician: string; birthDate: Date; occupation: string; emergencyContactName: string; emergencyContactNumber: string; ... 11 more ...; identificationDocument?: any; }, any, { ...; }>' is not assignable to type 'Control<any>'.
  The types of '_options.validate' are incompatible between these types.
    Type 'ValidateForm<{ gender: string; address: string; email: string; name: string; phone: string; primaryPhysician: string; birthDate: Date; occupation: string; emergencyContactName: string; emergencyContactNumber: string; ... 11 more ...; identificationDocument?: any; }> | undefined' is not assignable to type 'ValidateForm<any> | undefined'.
      Type 'ValidateForm<{ gender: string; address: string; email: string; name: string; phone: string; primaryPhysician: string; birthDate: Date; occupation: string; emergencyContactName: string; emergencyContactNumber: string; ... 11 more ...; identificationDocument?: any; }>' is not assignable to type 'ValidateForm<any>'.
        Types of parameters 'props' and 'props' are incompatible.
          Type '{ formValues: any; formState: FormState<any>; eventType?: ValidateFormEventType | undefined; name?: string | string[] | undefined; }' is not assignable to type '{ formValues: { gender: string; address: string; email: string; name: string; phone: string; primaryPhysician: string; birthDate: Date; occupation: string; emergencyContactName: string; emergencyContactNumber: string; ... 11 more ...; identificationDocument?: any; }; formState: FormState<...>; eventType?: ValidateFo...'.
            Types of property 'name' are incompatible.
              Type 'string | string[] | undefined' is not assignable to type '"gender" | "address" | "email" | "name" | "phone" | "primaryPhysician" | "birthDate" | "occupation" | "emergencyContactName" | "emergencyContactNumber" | "insuranceProvider" | ... 13 more ... | undefined'.
                Type 'string' is not assignable to type '"gender" | "address" | "email" | "name" | "phone" | "primaryPhysician" | "birthDate" | "occupation" | "emergencyContactName" | "emergencyContactNumber" | "insuranceProvider" | ... 13 more ... | undefined'.
components/forms/RegisterForm.tsx(318,13): error TS2322: Type 'Control<{ gender: string; address: string; email: string; name: string; phone: string; primaryPhysician: string; birthDate: Date; occupation: string; emergencyContactName: string; emergencyContactNumber: string; ... 11 more ...; identificationDocument?: any; }, any, { ...; }>' is not assignable to type 'Control<any>'.
  The types of '_options.validate' are incompatible between these types.
    Type 'ValidateForm<{ gender: string; address: string; email: string; name: string; phone: string; primaryPhysician: string; birthDate: Date; occupation: string; emergencyContactName: string; emergencyContactNumber: string; ... 11 more ...; identificationDocument?: any; }> | undefined' is not assignable to type 'ValidateForm<any> | undefined'.
      Type 'ValidateForm<{ gender: string; address: string; email: string; name: string; phone: string; primaryPhysician: string; birthDate: Date; occupation: string; emergencyContactName: string; emergencyContactNumber: string; ... 11 more ...; identificationDocument?: any; }>' is not assignable to type 'ValidateForm<any>'.
        Types of parameters 'props' and 'props' are incompatible.
          Type '{ formValues: any; formState: FormState<any>; eventType?: ValidateFormEventType | undefined; name?: string | string[] | undefined; }' is not assignable to type '{ formValues: { gender: string; address: string; email: string; name: string; phone: string; primaryPhysician: string; birthDate: Date; occupation: string; emergencyContactName: string; emergencyContactNumber: string; ... 11 more ...; identificationDocument?: any; }; formState: FormState<...>; eventType?: ValidateFo...'.
            Types of property 'name' are incompatible.
              Type 'string | string[] | undefined' is not assignable to type '"gender" | "address" | "email" | "name" | "phone" | "primaryPhysician" | "birthDate" | "occupation" | "emergencyContactName" | "emergencyContactNumber" | "insuranceProvider" | ... 13 more ... | undefined'.
                Type 'string' is not assignable to type '"gender" | "address" | "email" | "name" | "phone" | "primaryPhysician" | "birthDate" | "occupation" | "emergencyContactName" | "emergencyContactNumber" | "insuranceProvider" | ... 13 more ... | undefined'.
components/forms/RegisterForm.tsx(332,13): error TS2322: Type 'Control<{ gender: string; address: string; email: string; name: string; phone: string; primaryPhysician: string; birthDate: Date; occupation: string; emergencyContactName: string; emergencyContactNumber: string; ... 11 more ...; identificationDocument?: any; }, any, { ...; }>' is not assignable to type 'Control<any>'.
  The types of '_options.validate' are incompatible between these types.
    Type 'ValidateForm<{ gender: string; address: string; email: string; name: string; phone: string; primaryPhysician: string; birthDate: Date; occupation: string; emergencyContactName: string; emergencyContactNumber: string; ... 11 more ...; identificationDocument?: any; }> | undefined' is not assignable to type 'ValidateForm<any> | undefined'.
      Type 'ValidateForm<{ gender: string; address: string; email: string; name: string; phone: string; primaryPhysician: string; birthDate: Date; occupation: string; emergencyContactName: string; emergencyContactNumber: string; ... 11 more ...; identificationDocument?: any; }>' is not assignable to type 'ValidateForm<any>'.
        Types of parameters 'props' and 'props' are incompatible.
          Type '{ formValues: any; formState: FormState<any>; eventType?: ValidateFormEventType | undefined; name?: string | string[] | undefined; }' is not assignable to type '{ formValues: { gender: string; address: string; email: string; name: string; phone: string; primaryPhysician: string; birthDate: Date; occupation: string; emergencyContactName: string; emergencyContactNumber: string; ... 11 more ...; identificationDocument?: any; }; formState: FormState<...>; eventType?: ValidateFo...'.
            Types of property 'name' are incompatible.
              Type 'string | string[] | undefined' is not assignable to type '"gender" | "address" | "email" | "name" | "phone" | "primaryPhysician" | "birthDate" | "occupation" | "emergencyContactName" | "emergencyContactNumber" | "insuranceProvider" | ... 13 more ... | undefined'.
                Type 'string' is not assignable to type '"gender" | "address" | "email" | "name" | "phone" | "primaryPhysician" | "birthDate" | "occupation" | "emergencyContactName" | "emergencyContactNumber" | "insuranceProvider" | ... 13 more ... | undefined'.
components/forms/RegisterForm.tsx(340,13): error TS2322: Type 'Control<{ gender: string; address: string; email: string; name: string; phone: string; primaryPhysician: string; birthDate: Date; occupation: string; emergencyContactName: string; emergencyContactNumber: string; ... 11 more ...; identificationDocument?: any; }, any, { ...; }>' is not assignable to type 'Control<any>'.
  The types of '_options.validate' are incompatible between these types.
    Type 'ValidateForm<{ gender: string; address: string; email: string; name: string; phone: string; primaryPhysician: string; birthDate: Date; occupation: string; emergencyContactName: string; emergencyContactNumber: string; ... 11 more ...; identificationDocument?: any; }> | undefined' is not assignable to type 'ValidateForm<any> | undefined'.
      Type 'ValidateForm<{ gender: string; address: string; email: string; name: string; phone: string; primaryPhysician: string; birthDate: Date; occupation: string; emergencyContactName: string; emergencyContactNumber: string; ... 11 more ...; identificationDocument?: any; }>' is not assignable to type 'ValidateForm<any>'.
        Types of parameters 'props' and 'props' are incompatible.
          Type '{ formValues: any; formState: FormState<any>; eventType?: ValidateFormEventType | undefined; name?: string | string[] | undefined; }' is not assignable to type '{ formValues: { gender: string; address: string; email: string; name: string; phone: string; primaryPhysician: string; birthDate: Date; occupation: string; emergencyContactName: string; emergencyContactNumber: string; ... 11 more ...; identificationDocument?: any; }; formState: FormState<...>; eventType?: ValidateFo...'.
            Types of property 'name' are incompatible.
              Type 'string | string[] | undefined' is not assignable to type '"gender" | "address" | "email" | "name" | "phone" | "primaryPhysician" | "birthDate" | "occupation" | "emergencyContactName" | "emergencyContactNumber" | "insuranceProvider" | ... 13 more ... | undefined'.
                Type 'string' is not assignable to type '"gender" | "address" | "email" | "name" | "phone" | "primaryPhysician" | "birthDate" | "occupation" | "emergencyContactName" | "emergencyContactNumber" | "insuranceProvider" | ... 13 more ... | undefined'.
components/forms/RegisterForm.tsx(358,13): error TS2322: Type 'Control<{ gender: string; address: string; email: string; name: string; phone: string; primaryPhysician: string; birthDate: Date; occupation: string; emergencyContactName: string; emergencyContactNumber: string; ... 11 more ...; identificationDocument?: any; }, any, { ...; }>' is not assignable to type 'Control<any>'.
  The types of '_options.validate' are incompatible between these types.
    Type 'ValidateForm<{ gender: string; address: string; email: string; name: string; phone: string; primaryPhysician: string; birthDate: Date; occupation: string; emergencyContactName: string; emergencyContactNumber: string; ... 11 more ...; identificationDocument?: any; }> | undefined' is not assignable to type 'ValidateForm<any> | undefined'.
      Type 'ValidateForm<{ gender: string; address: string; email: string; name: string; phone: string; primaryPhysician: string; birthDate: Date; occupation: string; emergencyContactName: string; emergencyContactNumber: string; ... 11 more ...; identificationDocument?: any; }>' is not assignable to type 'ValidateForm<any>'.
        Types of parameters 'props' and 'props' are incompatible.
          Type '{ formValues: any; formState: FormState<any>; eventType?: ValidateFormEventType | undefined; name?: string | string[] | undefined; }' is not assignable to type '{ formValues: { gender: string; address: string; email: string; name: string; phone: string; primaryPhysician: string; birthDate: Date; occupation: string; emergencyContactName: string; emergencyContactNumber: string; ... 11 more ...; identificationDocument?: any; }; formState: FormState<...>; eventType?: ValidateFo...'.
            Types of property 'name' are incompatible.
              Type 'string | string[] | undefined' is not assignable to type '"gender" | "address" | "email" | "name" | "phone" | "primaryPhysician" | "birthDate" | "occupation" | "emergencyContactName" | "emergencyContactNumber" | "insuranceProvider" | ... 13 more ... | undefined'.
                Type 'string' is not assignable to type '"gender" | "address" | "email" | "name" | "phone" | "primaryPhysician" | "birthDate" | "occupation" | "emergencyContactName" | "emergencyContactNumber" | "insuranceProvider" | ... 13 more ... | undefined'.
components/forms/RegisterForm.tsx(365,13): error TS2322: Type 'Control<{ gender: string; address: string; email: string; name: string; phone: string; primaryPhysician: string; birthDate: Date; occupation: string; emergencyContactName: string; emergencyContactNumber: string; ... 11 more ...; identificationDocument?: any; }, any, { ...; }>' is not assignable to type 'Control<any>'.
  The types of '_options.validate' are incompatible between these types.
    Type 'ValidateForm<{ gender: string; address: string; email: string; name: string; phone: string; primaryPhysician: string; birthDate: Date; occupation: string; emergencyContactName: string; emergencyContactNumber: string; ... 11 more ...; identificationDocument?: any; }> | undefined' is not assignable to type 'ValidateForm<any> | undefined'.
      Type 'ValidateForm<{ gender: string; address: string; email: string; name: string; phone: string; primaryPhysician: string; birthDate: Date; occupation: string; emergencyContactName: string; emergencyContactNumber: string; ... 11 more ...; identificationDocument?: any; }>' is not assignable to type 'ValidateForm<any>'.
        Types of parameters 'props' and 'props' are incompatible.
          Type '{ formValues: any; formState: FormState<any>; eventType?: ValidateFormEventType | undefined; name?: string | string[] | undefined; }' is not assignable to type '{ formValues: { gender: string; address: string; email: string; name: string; phone: string; primaryPhysician: string; birthDate: Date; occupation: string; emergencyContactName: string; emergencyContactNumber: string; ... 11 more ...; identificationDocument?: any; }; formState: FormState<...>; eventType?: ValidateFo...'.
            Types of property 'name' are incompatible.
              Type 'string | string[] | undefined' is not assignable to type '"gender" | "address" | "email" | "name" | "phone" | "primaryPhysician" | "birthDate" | "occupation" | "emergencyContactName" | "emergencyContactNumber" | "insuranceProvider" | ... 13 more ... | undefined'.
                Type 'string' is not assignable to type '"gender" | "address" | "email" | "name" | "phone" | "primaryPhysician" | "birthDate" | "occupation" | "emergencyContactName" | "emergencyContactNumber" | "insuranceProvider" | ... 13 more ... | undefined'.
components/forms/RegisterForm.tsx(373,13): error TS2322: Type 'Control<{ gender: string; address: string; email: string; name: string; phone: string; primaryPhysician: string; birthDate: Date; occupation: string; emergencyContactName: string; emergencyContactNumber: string; ... 11 more ...; identificationDocument?: any; }, any, { ...; }>' is not assignable to type 'Control<any>'.
  The types of '_options.validate' are incompatible between these types.
    Type 'ValidateForm<{ gender: string; address: string; email: string; name: string; phone: string; primaryPhysician: string; birthDate: Date; occupation: string; emergencyContactName: string; emergencyContactNumber: string; ... 11 more ...; identificationDocument?: any; }> | undefined' is not assignable to type 'ValidateForm<any> | undefined'.
      Type 'ValidateForm<{ gender: string; address: string; email: string; name: string; phone: string; primaryPhysician: string; birthDate: Date; occupation: string; emergencyContactName: string; emergencyContactNumber: string; ... 11 more ...; identificationDocument?: any; }>' is not assignable to type 'ValidateForm<any>'.
        Types of parameters 'props' and 'props' are incompatible.
          Type '{ formValues: any; formState: FormState<any>; eventType?: ValidateFormEventType | undefined; name?: string | string[] | undefined; }' is not assignable to type '{ formValues: { gender: string; address: string; email: string; name: string; phone: string; primaryPhysician: string; birthDate: Date; occupation: string; emergencyContactName: string; emergencyContactNumber: string; ... 11 more ...; identificationDocument?: any; }; formState: FormState<...>; eventType?: ValidateFo...'.
            Types of property 'name' are incompatible.
              Type 'string | string[] | undefined' is not assignable to type '"gender" | "address" | "email" | "name" | "phone" | "primaryPhysician" | "birthDate" | "occupation" | "emergencyContactName" | "emergencyContactNumber" | "insuranceProvider" | ... 13 more ... | undefined'.
                Type 'string' is not assignable to type '"gender" | "address" | "email" | "name" | "phone" | "primaryPhysician" | "birthDate" | "occupation" | "emergencyContactName" | "emergencyContactNumber" | "insuranceProvider" | ... 13 more ... | undefined'.
components/HumanBody3DModel.tsx(12,10): error TS2305: Module '"lucide-react"' has no exported member 'Activity'.
components/HumanBody3DModel.tsx(12,20): error TS2305: Module '"lucide-react"' has no exported member 'Heart'.
components/HumanBody3DModel.tsx(12,27): error TS2305: Module '"lucide-react"' has no exported member 'Thermometer'.
components/HumanBody3DModel.tsx(12,40): error TS2305: Module '"lucide-react"' has no exported member 'Wind'.
components/JarvisVoiceModal.tsx(5,3): error TS2305: Module '"lucide-react"' has no exported member 'X'.
components/JarvisVoiceModal.tsx(6,3): error TS2305: Module '"lucide-react"' has no exported member 'Mic'.
components/JarvisVoiceModal.tsx(7,3): error TS2305: Module '"lucide-react"' has no exported member 'MicOff'.
components/JarvisVoiceModal.tsx(8,3): error TS2305: Module '"lucide-react"' has no exported member 'Volume2'.
components/JarvisVoiceModal.tsx(9,3): error TS2305: Module '"lucide-react"' has no exported member 'VolumeX'.
components/JarvisVoiceModal.tsx(10,3): error TS2305: Module '"lucide-react"' has no exported member 'Zap'.
components/JarvisVoiceModal.tsx(11,3): error TS2305: Module '"lucide-react"' has no exported member 'UserCircle'.
components/JarvisVoiceModal.tsx(12,3): error TS2305: Module '"lucide-react"' has no exported member 'ChevronDown'.
components/JarvisVoiceModal.tsx(13,3): error TS2305: Module '"lucide-react"' has no exported member 'AlertCircle'.
components/LogoutButton.tsx(3,10): error TS2305: Module '"lucide-react"' has no exported member 'LogOut'.
components/nurse/AIReportDialog.tsx(3,10): error TS2305: Module '"lucide-react"' has no exported member 'X'.
components/nurse/AIReportDialog.tsx(3,13): error TS2305: Module '"lucide-react"' has no exported member 'AlertCircle'.
components/nurse/AIReportDialog.tsx(3,26): error TS2305: Module '"lucide-react"' has no exported member 'TrendingUp'.
components/nurse/AIReportDialog.tsx(3,38): error TS2305: Module '"lucide-react"' has no exported member 'TrendingDown'.
components/nurse/AIReportDialog.tsx(3,52): error TS2305: Module '"lucide-react"' has no exported member 'Minus'.
components/nurse/AIReportDialog.tsx(3,59): error TS2305: Module '"lucide-react"' has no exported member 'FileText'.
components/nurse/TranscriptDisplay.tsx(3,10): error TS2305: Module '"lucide-react"' has no exported member 'Volume2'.
components/nurse/TranscriptDisplay.tsx(3,19): error TS2305: Module '"lucide-react"' has no exported member 'Check'.
components/nurse/TranscriptDisplay.tsx(3,26): error TS2305: Module '"lucide-react"' has no exported member 'X'.
components/nurse/VoiceEntryButton.tsx(3,10): error TS2305: Module '"lucide-react"' has no exported member 'Mic'.
components/nurse/VoiceEntryButton.tsx(3,15): error TS2305: Module '"lucide-react"' has no exported member 'MicOff'.
components/nurse/VoiceEntryButton.tsx(3,23): error TS2305: Module '"lucide-react"' has no exported member 'Loader2'.
components/PasskeyModal.tsx(21,10): error TS2305: Module '"@/lib/utils"' has no exported member 'decryptKey'.
components/PasskeyModal.tsx(21,22): error TS2305: Module '"@/lib/utils"' has no exported member 'encryptKey'.
components/PatientAISummary.tsx(5,3): error TS2305: Module '"lucide-react"' has no exported member 'Brain'.
components/PatientAISummary.tsx(6,3): error TS2305: Module '"lucide-react"' has no exported member 'TrendingUp'.
components/PatientAISummary.tsx(7,3): error TS2305: Module '"lucide-react"' has no exported member 'AlertTriangle'.
components/PatientAISummary.tsx(8,3): error TS2305: Module '"lucide-react"' has no exported member 'CheckCircle'.
components/PatientAISummary.tsx(9,3): error TS2305: Module '"lucide-react"' has no exported member 'Loader2'.
components/PatientAISummary.tsx(10,3): error TS2305: Module '"lucide-react"' has no exported member 'Copy'.
components/PatientAISummary.tsx(11,3): error TS2305: Module '"lucide-react"' has no exported member 'Download'.
components/PatientAnalysisView.tsx(17,3): error TS2305: Module '"lucide-react"' has no exported member 'Loader2'.
components/PatientAnalysisView.tsx(18,3): error TS2305: Module '"lucide-react"' has no exported member 'Upload'.
components/PatientAnalysisView.tsx(19,3): error TS2305: Module '"lucide-react"' has no exported member 'Calendar'.
components/PatientAnalysisView.tsx(20,3): error TS2305: Module '"lucide-react"' has no exported member 'Clock'.
components/PatientAnalysisView.tsx(21,3): error TS2305: Module '"lucide-react"' has no exported member 'FileUp'.
components/PatientAnalysisView.tsx(22,3): error TS2305: Module '"lucide-react"' has no exported member 'Download'.
components/PatientAnalysisView.tsx(221,23): error TS2345: Argument of type 'string | undefined' is not assignable to parameter of type 'string'.
  Type 'undefined' is not assignable to type 'string'.
components/PatientDocumentsViewer.tsx(5,3): error TS2305: Module '"lucide-react"' has no exported member 'FileText'.
components/PatientDocumentsViewer.tsx(6,3): error TS2305: Module '"lucide-react"' has no exported member 'Download'.
components/PatientDocumentsViewer.tsx(7,3): error TS2305: Module '"lucide-react"' has no exported member 'Eye'.
components/PatientDocumentsViewer.tsx(8,3): error TS2305: Module '"lucide-react"' has no exported member 'Calendar'.
components/PatientDocumentsViewer.tsx(9,3): error TS2305: Module '"lucide-react"' has no exported member 'X'.
components/PatientDocumentsViewer.tsx(10,3): error TS2305: Module '"lucide-react"' has no exported member 'Image'.
components/PatientDocumentsViewer.tsx(11,3): error TS2305: Module '"lucide-react"' has no exported member 'FileImage'.
components/PatientDocumentsViewer.tsx(12,3): error TS2305: Module '"lucide-react"' has no exported member 'Activity'.
components/PatientDocumentsViewer.tsx(13,3): error TS2305: Module '"lucide-react"' has no exported member 'Droplet'.
components/PatientDocumentsViewer.tsx(14,3): error TS2305: Module '"lucide-react"' has no exported member 'Heart'.
components/PatientDocumentsViewer.tsx(15,3): error TS2305: Module '"lucide-react"' has no exported member 'Brain'.
components/PatientDocumentsViewer.tsx(16,3): error TS2305: Module '"lucide-react"' has no exported member 'Pill'.
components/PatientDocumentsViewer.tsx(17,3): error TS2305: Module '"lucide-react"' has no exported member 'ClipboardList'.
components/PatientDocumentsViewer.tsx(18,3): error TS2305: Module '"lucide-react"' has no exported member 'FolderOpen'.
components/PatientDocumentsViewer.tsx(19,3): error TS2305: Module '"lucide-react"' has no exported member 'Shield'.
components/PatientDocumentsViewer.tsx(20,3): error TS2305: Module '"lucide-react"' has no exported member 'ShieldAlert'.
components/PatientGuideChatbot.tsx(5,3): error TS2305: Module '"lucide-react"' has no exported member 'Loader2'.
components/PatientGuideChatbot.tsx(6,3): error TS2305: Module '"lucide-react"' has no exported member 'Send'.
components/PatientGuideChatbot.tsx(7,3): error TS2305: Module '"lucide-react"' has no exported member 'Bot'.
components/PatientGuideChatbot.tsx(8,3): error TS2305: Module '"lucide-react"' has no exported member 'User'.
components/PatientGuideChatbot.tsx(9,3): error TS2305: Module '"lucide-react"' has no exported member 'ShieldAlert'.
components/PatientGuideChatbot.tsx(10,3): error TS2305: Module '"lucide-react"' has no exported member 'Mic'.
components/PatientGuideChatbot.tsx(11,3): error TS2305: Module '"lucide-react"' has no exported member 'Volume2'.
components/PatientGuideChatbot.tsx(12,3): error TS2305: Module '"lucide-react"' has no exported member 'Square'.
components/PatientQuestionnaire.tsx(23,10): error TS2305: Module '"lucide-react"' has no exported member 'Loader2'.
components/PatientQuestionnaire.tsx(23,19): error TS2305: Module '"lucide-react"' has no exported member 'CheckCircle2'.
components/PatientQuestionnaire.tsx(23,33): error TS2305: Module '"lucide-react"' has no exported member 'Clock'.
components/PatientQuestionnaire.tsx(23,40): error TS2305: Module '"lucide-react"' has no exported member 'Mic'.
components/PatientSidebarGuide.tsx(3,10): error TS2305: Module '"lucide-react"' has no exported member 'HelpCircle'.
components/PatientSidebarGuide.tsx(3,22): error TS2305: Module '"lucide-react"' has no exported member 'Zap'.
components/PatientSidebarGuide.tsx(3,27): error TS2305: Module '"lucide-react"' has no exported member 'Play'.
components/QuestionnaireManagement.tsx(23,3): error TS2305: Module '"lucide-react"' has no exported member 'Loader2'.
components/QuestionnaireManagement.tsx(24,3): error TS2305: Module '"lucide-react"' has no exported member 'FileText'.
components/QuestionnaireManagement.tsx(25,3): error TS2305: Module '"lucide-react"' has no exported member 'Users'.
components/QuestionnaireManagement.tsx(26,3): error TS2305: Module '"lucide-react"' has no exported member 'Calendar'.
components/QuestionnaireManagement.tsx(27,3): error TS2305: Module '"lucide-react"' has no exported member 'Copy'.
components/QuestionnaireManagement.tsx(28,3): error TS2305: Module '"lucide-react"' has no exported member 'Trash2'.
components/QuestionnaireManagement.tsx(29,3): error TS2305: Module '"lucide-react"' has no exported member 'SendIcon'.
components/QuestionnaireManagement.tsx(30,3): error TS2305: Module '"lucide-react"' has no exported member 'Search'.
components/QuestionnaireManagement.tsx(31,3): error TS2305: Module '"lucide-react"' has no exported member 'Eye'.
components/QuestionnaireManagement.tsx(32,3): error TS2305: Module '"lucide-react"' has no exported member 'AlertCircle'.
components/QuestionnaireManagement.tsx(169,48): error TS2802: Type 'Set<string>' can only be iterated through when using the '--downlevelIteration' flag or with a '--target' of 'es2015' or higher.
components/ResponseViewer.tsx(7,10): error TS2305: Module '"lucide-react"' has no exported member 'ArrowLeft'.
components/ResponseViewer.tsx(7,21): error TS2305: Module '"lucide-react"' has no exported member 'Loader2'.
components/ResponseViewer.tsx(7,30): error TS2305: Module '"lucide-react"' has no exported member 'AlertCircle'.
components/ResponseViewer.tsx(7,43): error TS2305: Module '"lucide-react"' has no exported member 'CheckCircle'.
components/SanteConnectIntegration.tsx(4,10): error TS2305: Module '"lucide-react"' has no exported member 'AlertCircle'.
components/SanteConnectIntegration.tsx(4,23): error TS2305: Module '"lucide-react"' has no exported member 'CheckCircle2'.
components/SanteConnectIntegration.tsx(4,37): error TS2305: Module '"lucide-react"' has no exported member 'Loader2'.
components/SanteConnectIntegration.tsx(4,46): error TS2305: Module '"lucide-react"' has no exported member 'Lock'.
components/SanteConnectIntegration.tsx(4,52): error TS2305: Module '"lucide-react"' has no exported member 'Shield'.
components/SituationReportEditor.tsx(5,3): error TS2305: Module '"lucide-react"' has no exported member 'FileText'.
components/SituationReportEditor.tsx(6,3): error TS2305: Module '"lucide-react"' has no exported member 'Plus'.
components/SituationReportEditor.tsx(7,3): error TS2305: Module '"lucide-react"' has no exported member 'Save'.
components/SituationReportEditor.tsx(8,3): error TS2305: Module '"lucide-react"' has no exported member 'Sparkles'.
components/SituationReportEditor.tsx(9,3): error TS2305: Module '"lucide-react"' has no exported member 'Loader2'.
components/SituationReportEditor.tsx(10,3): error TS2305: Module '"lucide-react"' has no exported member 'Edit2'.
components/SituationReportEditor.tsx(11,3): error TS2305: Module '"lucide-react"' has no exported member 'Trash2'.
components/SituationReportEditor.tsx(12,3): error TS2305: Module '"lucide-react"' has no exported member 'Eye'.
components/SituationReportEditor.tsx(13,3): error TS2305: Module '"lucide-react"' has no exported member 'Download'.
components/SituationReportEditor.tsx(14,3): error TS2305: Module '"lucide-react"' has no exported member 'ChevronDown'.
components/SituationReportEditor.tsx(15,3): error TS2305: Module '"lucide-react"' has no exported member 'Send'.
components/superadmin/DeleteConfirmModal.tsx(9,10): error TS2305: Module '"lucide-react"' has no exported member 'X'.
components/superadmin/DeleteConfirmModal.tsx(9,13): error TS2305: Module '"lucide-react"' has no exported member 'AlertTriangle'.
components/superadmin/SuperAdminSidebar.tsx(11,3): error TS2305: Module '"lucide-react"' has no exported member 'LayoutDashboard'.
components/superadmin/SuperAdminSidebar.tsx(12,3): error TS2305: Module '"lucide-react"' has no exported member 'Users'.
components/superadmin/SuperAdminSidebar.tsx(13,3): error TS2305: Module '"lucide-react"' has no exported member 'UserCog'.
components/superadmin/SuperAdminSidebar.tsx(14,3): error TS2305: Module '"lucide-react"' has no exported member 'Stethoscope'.
components/superadmin/SuperAdminSidebar.tsx(15,3): error TS2305: Module '"lucide-react"' has no exported member 'UserCheck'.
components/superadmin/SuperAdminSidebar.tsx(16,3): error TS2305: Module '"lucide-react"' has no exported member 'HeartPulse'.
components/superadmin/SuperAdminSidebar.tsx(17,3): error TS2305: Module '"lucide-react"' has no exported member 'ClipboardList'.
components/superadmin/SuperAdminSidebar.tsx(18,3): error TS2305: Module '"lucide-react"' has no exported member 'ScrollText'.
components/superadmin/SuperAdminSidebar.tsx(19,3): error TS2305: Module '"lucide-react"' has no exported member 'Settings'.
components/superadmin/SuperAdminSidebar.tsx(20,3): error TS2305: Module '"lucide-react"' has no exported member 'ShieldAlert'.
components/superadmin/SuperAdminSidebar.tsx(21,3): error TS2305: Module '"lucide-react"' has no exported member 'LogOut'.
components/superadmin/SuperAdminSidebar.tsx(22,3): error TS2305: Module '"lucide-react"' has no exported member 'ChevronRight'.
components/superadmin/SuperAdminSidebar.tsx(148,17): error TS2322: Type '() => Promise<{ success: boolean; error?: undefined; } | { success: boolean; error: string; }>' is not assignable to type 'string | ((formData: FormData) => void | Promise<void>) | undefined'.
  Type '() => Promise<{ success: boolean; error?: undefined; } | { success: boolean; error: string; }>' is not assignable to type '(formData: FormData) => void | Promise<void>'.
    Type 'Promise<{ success: boolean; error?: undefined; } | { success: boolean; error: string; }>' is not assignable to type 'void | Promise<void>'.
      Type 'Promise<{ success: boolean; error?: undefined; } | { success: boolean; error: string; }>' is not assignable to type 'Promise<void>'.
        Type '{ success: boolean; error?: undefined; } | { success: boolean; error: string; }' is not assignable to type 'void'.
          Type '{ success: boolean; error?: undefined; }' is not assignable to type 'void'.
components/superadmin/SuperAdminUsersTable.tsx(10,3): error TS2305: Module '"lucide-react"' has no exported member 'Search'.
components/superadmin/SuperAdminUsersTable.tsx(11,3): error TS2305: Module '"lucide-react"' has no exported member 'Plus'.
components/superadmin/SuperAdminUsersTable.tsx(12,3): error TS2305: Module '"lucide-react"' has no exported member 'Loader2'.
components/superadmin/SuperAdminUsersTable.tsx(13,3): error TS2305: Module '"lucide-react"' has no exported member 'ShieldOff'.
components/superadmin/SuperAdminUsersTable.tsx(14,3): error TS2305: Module '"lucide-react"' has no exported member 'ShieldCheck'.
components/superadmin/SuperAdminUsersTable.tsx(15,3): error TS2305: Module '"lucide-react"' has no exported member 'Trash2'.
components/superadmin/SuperAdminUsersTable.tsx(16,3): error TS2305: Module '"lucide-react"' has no exported member 'RotateCcw'.
components/superadmin/SuperAdminUsersTable.tsx(17,3): error TS2305: Module '"lucide-react"' has no exported member 'Eye'.
components/superadmin/SuperAdminUsersTable.tsx(18,3): error TS2305: Module '"lucide-react"' has no exported member 'ChevronLeft'.
components/superadmin/SuperAdminUsersTable.tsx(19,3): error TS2305: Module '"lucide-react"' has no exported member 'ChevronRight'.
components/superadmin/SuspendModal.tsx(9,10): error TS2305: Module '"lucide-react"' has no exported member 'X'.
components/superadmin/SuspendModal.tsx(9,13): error TS2305: Module '"lucide-react"' has no exported member 'ShieldOff'.
components/superadmin/UserDetailModal.tsx(8,10): error TS2305: Module '"lucide-react"' has no exported member 'X'.
components/superadmin/UserDetailModal.tsx(8,13): error TS2305: Module '"lucide-react"' has no exported member 'Clock'.
components/superadmin/UserDetailModal.tsx(8,20): error TS2305: Module '"lucide-react"' has no exported member 'ShieldOff'.
components/superadmin/UserDetailModal.tsx(8,31): error TS2305: Module '"lucide-react"' has no exported member 'Edit3'.
components/superadmin/UserFormDrawer.tsx(9,10): error TS2305: Module '"lucide-react"' has no exported member 'X'.
components/superadmin/UserFormDrawer.tsx(9,13): error TS2305: Module '"lucide-react"' has no exported member 'Copy'.
components/superadmin/UserFormDrawer.tsx(9,19): error TS2305: Module '"lucide-react"' has no exported member 'Check'.
components/superadmin/UserFormDrawer.tsx(9,26): error TS2305: Module '"lucide-react"' has no exported member 'RefreshCw'.
components/superadmin/UserFormDrawer.tsx(9,37): error TS2305: Module '"lucide-react"' has no exported member 'Loader2'.
components/table/columns.tsx(47,49): error TS2339: Property 'dateTime' does not exist on type 'string'.
components/table/DataTable.tsx(23,10): error TS2305: Module '"@/lib/utils"' has no exported member 'decryptKey'.
components/ui/checkbox.tsx(4,10): error TS2305: Module '"lucide-react"' has no exported member 'Check'.
components/ui/command.tsx(5,10): error TS2305: Module '"lucide-react"' has no exported member 'Search'.
components/ui/dialog.tsx(4,10): error TS2305: Module '"lucide-react"' has no exported member 'X'.
components/ui/input-otp.tsx(4,10): error TS2305: Module '"lucide-react"' has no exported member 'Dot'.
components/ui/radio-group.tsx(4,10): error TS2305: Module '"lucide-react"' has no exported member 'Circle'.
components/ui/select.tsx(4,10): error TS2305: Module '"lucide-react"' has no exported member 'Check'.
components/ui/select.tsx(4,17): error TS2305: Module '"lucide-react"' has no exported member 'ChevronDown'.
components/ui/select.tsx(4,30): error TS2305: Module '"lucide-react"' has no exported member 'ChevronUp'.
components/VitalModal.tsx(4,10): error TS2305: Module '"lucide-react"' has no exported member 'X'.
components/VitalModal.tsx(4,13): error TS2305: Module '"lucide-react"' has no exported member 'Heart'.
components/VitalModal.tsx(4,20): error TS2305: Module '"lucide-react"' has no exported member 'Activity'.
components/VitalModal.tsx(4,30): error TS2305: Module '"lucide-react"' has no exported member 'Thermometer'.
components/VitalModal.tsx(4,43): error TS2305: Module '"lucide-react"' has no exported member 'Wind'.
components/VitalModal.tsx(4,49): error TS2305: Module '"lucide-react"' has no exported member 'Scale'.
components/VitalsAiAgent.tsx(5,3): error TS2305: Module '"lucide-react"' has no exported member 'Loader2'.
components/VitalsAiAgent.tsx(6,3): error TS2305: Module '"lucide-react"' has no exported member 'Sparkles'.
components/VitalsAiAgent.tsx(7,3): error TS2305: Module '"lucide-react"' has no exported member 'Bot'.
components/VitalsAiAgent.tsx(8,3): error TS2305: Module '"lucide-react"' has no exported member 'User'.
components/VitalsAiAgent.tsx(9,3): error TS2305: Module '"lucide-react"' has no exported member 'Send'.
components/VitalsAiAgent.tsx(10,3): error TS2305: Module '"lucide-react"' has no exported member 'LineChart'.
components/VitalsAiAgent.tsx(11,3): error TS2305: Module '"lucide-react"' has no exported member 'AlertTriangle'.
components/VitalsAiAgent.tsx(12,3): error TS2305: Module '"lucide-react"' has no exported member 'Lightbulb'.
components/VitalsTableActions.tsx(4,10): error TS2305: Module '"lucide-react"' has no exported member 'Pen'.
components/VitalsTableActions.tsx(4,15): error TS2305: Module '"lucide-react"' has no exported member 'Trash2'.
components/VoiceQuestionnaireForm.tsx(4,10): error TS2305: Module '"lucide-react"' has no exported member 'Loader2'.
components/VoiceQuestionnaireForm.tsx(4,19): error TS2305: Module '"lucide-react"' has no exported member 'Mic'.
components/VoiceQuestionnaireForm.tsx(4,24): error TS2305: Module '"lucide-react"' has no exported member 'MicOff'.
components/VoiceQuestionnaireForm.tsx(4,32): error TS2305: Module '"lucide-react"' has no exported member 'Volume2'.
components/VoiceQuestionnaireForm.tsx(4,41): error TS2305: Module '"lucide-react"' has no exported member 'RotateCcw'.
components/VoiceQuestionnaireForm.tsx(4,52): error TS2305: Module '"lucide-react"' has no exported member 'Send'.
components/VoiceVitalsForm.tsx(4,10): error TS2305: Module '"lucide-react"' has no exported member 'Loader2'.
components/VoiceVitalsForm.tsx(4,19): error TS2305: Module '"lucide-react"' has no exported member 'Mic'.
components/VoiceVitalsForm.tsx(4,24): error TS2305: Module '"lucide-react"' has no exported member 'MicOff'.
components/VoiceVitalsForm.tsx(4,32): error TS2305: Module '"lucide-react"' has no exported member 'Volume2'.
components/VoiceVitalsForm.tsx(4,41): error TS2305: Module '"lucide-react"' has no exported member 'RotateCcw'.
components/VoiceVitalsForm.tsx(4,52): error TS2305: Module '"lucide-react"' has no exported member 'Send'.
components/VoiceVitalsForm.tsx(173,7): error TS2322: Type 'number | undefined' is not assignable to type 'number'.
  Type 'undefined' is not assignable to type 'number'.
components/VoiceVitalsForm.tsx(174,7): error TS2322: Type 'number | undefined' is not assignable to type 'number'.
  Type 'undefined' is not assignable to type 'number'.
create-cardio-complete.ts(465,22): error TS2339: Property 'doctorNote' does not exist on type 'PrismaClient<PrismaClientOptions, never, DefaultArgs>'.
create-cardio-demo.ts(403,22): error TS2339: Property 'doctorNote' does not exist on type 'PrismaClient<PrismaClientOptions, never, DefaultArgs>'.
create-coordinator.ts(37,11): error TS2353: Object literal may only specify known properties, and 'isApproved' does not exist in type '(Without<UserCreateInput, UserUncheckedCreateInput> & UserUncheckedCreateInput) | (Without<...> & UserCreateInput)'.
create-patient.ts(39,13): error TS2820: Type '"Male"' is not assignable to type 'Gender'. Did you mean '"MALE"'?
create-patient.ts(40,13): error TS2322: Type '"O+"' is not assignable to type 'BloodType | null | undefined'.
create-patient.ts(61,11): error TS2353: Object literal may only specify known properties, and 'isApproved' does not exist in type '(Without<UserCreateInput, UserUncheckedCreateInput> & UserUncheckedCreateInput) | (Without<...> & UserCreateInput)'.
create-patient.ts(74,11): error TS2820: Type '"Male"' is not assignable to type 'Gender'. Did you mean '"MALE"'?
create-patient.ts(75,11): error TS2322: Type '"O+"' is not assignable to type 'BloodType | null | undefined'.
fix-patient-login.ts(6,7): error TS2451: Cannot redeclare block-scoped variable 'prisma'.
hooks/useNurseBadges.ts(33,53): error TS2345: Argument of type 'string | null' is not assignable to parameter of type 'string'.
  Type 'null' is not assignable to type 'string'.
jest.config.ts(52,3): error TS2353: Object literal may only specify known properties, and 'setupFilesAfterFramework' does not exist in type '{ id?: string | undefined; filter?: string | undefined; automock?: boolean | undefined; bail?: number | boolean | undefined; cache?: boolean | undefined; cacheDirectory?: string | undefined; ... 97 more ...; workerThreads?: boolean | undefined; }'.
lib/actions/admin.actions.ts(450,7): error TS2322: Type 'any' is not assignable to type 'never'.
lib/actions/analysis.actions.ts(33,9): error TS2322: Type 'string' is not assignable to type 'AnalysisType'.
lib/actions/analysis.actions.ts(39,9): error TS2322: Type 'string' is not assignable to type 'AnalysisStatus | undefined'.
lib/actions/analysis.actions.ts(90,9): error TS2322: Type 'string' is not assignable to type 'AnalysisType | EnumAnalysisTypeFieldUpdateOperationsInput | undefined'.
lib/actions/analysis.actions.ts(96,9): error TS2322: Type 'string | undefined' is not assignable to type 'AnalysisStatus | EnumAnalysisStatusFieldUpdateOperationsInput | undefined'.
  Type 'string' is not assignable to type 'AnalysisStatus | EnumAnalysisStatusFieldUpdateOperationsInput | undefined'.
lib/actions/appointment.actions.ts(138,150): error TS2345: Argument of type 'string' is not assignable to parameter of type '"date" | "time" | "datetime" | undefined'.
lib/actions/appointment.actions.ts(138,160): error TS2339: Property 'dateTime' does not exist on type 'string'.
lib/actions/appointment.actions.ts(138,301): error TS2345: Argument of type 'string' is not assignable to parameter of type '"date" | "time" | "datetime" | undefined'.
lib/actions/appointment.actions.ts(138,311): error TS2339: Property 'dateTime' does not exist on type 'string'.
lib/actions/audit.actions.ts(4,10): error TS2305: Module '"@prisma/client"' has no exported member 'AuditAction'.
lib/actions/coordinator.actions.ts(1176,14): error TS1252: Function declarations are not allowed inside blocks in strict mode when targeting 'ES5'. Modules are automatically in strict mode.
lib/actions/coordinator.actions.ts(1412,27): error TS2802: Type 'Set<any>' can only be iterated through when using the '--downlevelIteration' flag or with a '--target' of 'es2015' or higher.
lib/actions/notification.actions.ts(311,7): error TS2353: Object literal may only specify known properties, and 'careTeam' does not exist in type 'PatientInclude<DefaultArgs>'.
lib/actions/notification.actions.ts(337,28): error TS2339: Property 'user' does not exist on type '{ id: string; userId: string; medicalRecordNumber: string; dateOfBirth: Date; gender: Gender; bloodType: BloodType | null; profileImage: string | null; bio: string | null; ... 10 more ...; vitalThresholds: { ...; } | null; }'.
lib/actions/nurse.actions.ts(84,7): error TS2322: Type '{}' is not assignable to type 'never'.
lib/actions/nurse.actions.ts(529,7): error TS2322: Type '{ patient: { include: { user: true; }; }; }' is not assignable to type 'never'.
lib/actions/nurse.actions.ts(539,48): error TS2339: Property 'userId' does not exist on type 'never'.
lib/actions/nurse.actions.ts(553,60): error TS2339: Property 'userId' does not exist on type 'never'.
lib/actions/nurse.actions.ts(570,31): error TS2339: Property 'user' does not exist on type 'never'.
lib/actions/nurse.actions.ts(571,24): error TS2339: Property 'user' does not exist on type 'never'.
lib/actions/nurse.actions.ts(571,56): error TS2339: Property 'user' does not exist on type 'never'.
lib/actions/patient.actions.ts(41,5): error TS2322: Type '({ user: { id: string; isActive: boolean; createdAt: Date; updatedAt: Date; email: string; firstName: string; lastName: string; role: Role; phoneNumber: string | null; lastLogin: Date | null; }; } & { ...; }) | null' is not assignable to type 'PatientWithUser | null'.
  Type '{ user: { id: string; isActive: boolean; createdAt: Date; updatedAt: Date; email: string; firstName: string; lastName: string; role: Role; phoneNumber: string | null; lastLogin: Date | null; }; } & { ...; }' is not assignable to type 'PatientWithUser | null'.
    Type '{ user: { id: string; isActive: boolean; createdAt: Date; updatedAt: Date; email: string; firstName: string; lastName: string; role: Role; phoneNumber: string | null; lastLogin: Date | null; }; } & { ...; }' is not assignable to type 'PatientWithUser'.
      Type '{ user: { id: string; isActive: boolean; createdAt: Date; updatedAt: Date; email: string; firstName: string; lastName: string; role: Role; phoneNumber: string | null; lastLogin: Date | null; }; } & { ...; }' is not assignable to type 'Patient'.
        Types of property 'gender' are incompatible.
          Type 'import("C:/Users/arijm/Music/Esprit-FullStackJs-4twin4-2526-MediFollow/node_modules/.prisma/client/index").$Enums.Gender' is not assignable to type 'import("C:/Users/arijm/Music/Esprit-FullStackJs-4twin4-2526-MediFollow/types/medifollow.types").Gender'.
            Type '"MALE"' is not assignable to type 'Gender'.
lib/actions/patient.actions.ts(75,5): error TS2322: Type '({ user: { id: string; isActive: boolean; createdAt: Date; updatedAt: Date; email: string; firstName: string; lastName: string; role: Role; phoneNumber: string | null; lastLogin: Date | null; }; } & { ...; }) | null' is not assignable to type 'PatientWithUser | null'.
  Type '{ user: { id: string; isActive: boolean; createdAt: Date; updatedAt: Date; email: string; firstName: string; lastName: string; role: Role; phoneNumber: string | null; lastLogin: Date | null; }; } & { ...; }' is not assignable to type 'PatientWithUser | null'.
    Type '{ user: { id: string; isActive: boolean; createdAt: Date; updatedAt: Date; email: string; firstName: string; lastName: string; role: Role; phoneNumber: string | null; lastLogin: Date | null; }; } & { ...; }' is not assignable to type 'PatientWithUser'.
      Type '{ user: { id: string; isActive: boolean; createdAt: Date; updatedAt: Date; email: string; firstName: string; lastName: string; role: Role; phoneNumber: string | null; lastLogin: Date | null; }; } & { ...; }' is not assignable to type 'Patient'.
        Types of property 'gender' are incompatible.
          Type 'import("C:/Users/arijm/Music/Esprit-FullStackJs-4twin4-2526-MediFollow/node_modules/.prisma/client/index").$Enums.Gender' is not assignable to type 'import("C:/Users/arijm/Music/Esprit-FullStackJs-4twin4-2526-MediFollow/types/medifollow.types").Gender'.
            Type '"MALE"' is not assignable to type 'Gender'.
lib/actions/patient.actions.ts(121,5): error TS2322: Type '({ user: { id: string; isActive: boolean; createdAt: Date; updatedAt: Date; email: string; firstName: string; lastName: string; role: Role; phoneNumber: string | null; lastLogin: Date | null; }; vitalRecords: { ...; }[]; symptoms: { ...; }[]; alerts: { ...; }[]; } & { ...; }) | null' is not assignable to type 'PatientWithRelations | null'.
  Type '{ user: { id: string; isActive: boolean; createdAt: Date; updatedAt: Date; email: string; firstName: string; lastName: string; role: Role; phoneNumber: string | null; lastLogin: Date | null; }; vitalRecords: { ...; }[]; symptoms: { ...; }[]; alerts: { ...; }[]; } & { ...; }' is not assignable to type 'PatientWithRelations | null'.
    Type '{ user: { id: string; isActive: boolean; createdAt: Date; updatedAt: Date; email: string; firstName: string; lastName: string; role: Role; phoneNumber: string | null; lastLogin: Date | null; }; vitalRecords: { ...; }[]; symptoms: { ...; }[]; alerts: { ...; }[]; } & { ...; }' is not assignable to type 'PatientWithRelations'.
      Type '{ user: { id: string; isActive: boolean; createdAt: Date; updatedAt: Date; email: string; firstName: string; lastName: string; role: Role; phoneNumber: string | null; lastLogin: Date | null; }; vitalRecords: { ...; }[]; symptoms: { ...; }[]; alerts: { ...; }[]; } & { ...; }' is not assignable to type 'Patient'.
        Types of property 'gender' are incompatible.
          Type 'import("C:/Users/arijm/Music/Esprit-FullStackJs-4twin4-2526-MediFollow/node_modules/.prisma/client/index").$Enums.Gender' is not assignable to type 'import("C:/Users/arijm/Music/Esprit-FullStackJs-4twin4-2526-MediFollow/types/medifollow.types").Gender'.
            Type '"MALE"' is not assignable to type 'Gender'.
lib/actions/patient.actions.ts(166,5): error TS2322: Type '({ user: { id: string; isActive: boolean; createdAt: Date; updatedAt: Date; email: string; firstName: string; lastName: string; role: Role; phoneNumber: string | null; lastLogin: Date | null; }; vitalRecords: { ...; }[]; symptoms: { ...; }[]; alerts: { ...; }[]; } & { ...; })[]' is not assignable to type 'PatientWithUser[]'.
  Type '{ user: { id: string; isActive: boolean; createdAt: Date; updatedAt: Date; email: string; firstName: string; lastName: string; role: Role; phoneNumber: string | null; lastLogin: Date | null; }; vitalRecords: { ...; }[]; symptoms: { ...; }[]; alerts: { ...; }[]; } & { ...; }' is not assignable to type 'PatientWithUser'.
    Type '{ user: { id: string; isActive: boolean; createdAt: Date; updatedAt: Date; email: string; firstName: string; lastName: string; role: Role; phoneNumber: string | null; lastLogin: Date | null; }; vitalRecords: { ...; }[]; symptoms: { ...; }[]; alerts: { ...; }[]; } & { ...; }' is not assignable to type 'Patient'.
      Types of property 'gender' are incompatible.
        Type 'import("C:/Users/arijm/Music/Esprit-FullStackJs-4twin4-2526-MediFollow/node_modules/.prisma/client/index").$Enums.Gender' is not assignable to type 'import("C:/Users/arijm/Music/Esprit-FullStackJs-4twin4-2526-MediFollow/types/medifollow.types").Gender'.
          Type '"MALE"' is not assignable to type 'Gender'.
lib/actions/patient.actions.ts(219,5): error TS2322: Type '({ user: { id: string; isActive: boolean; createdAt: Date; updatedAt: Date; email: string; firstName: string; lastName: string; role: Role; phoneNumber: string | null; lastLogin: Date | null; }; vitalRecords: { ...; }[]; symptoms: { ...; }[]; alerts: { ...; }[]; } & { ...; })[]' is not assignable to type 'PatientWithUser[]'.
  Type '{ user: { id: string; isActive: boolean; createdAt: Date; updatedAt: Date; email: string; firstName: string; lastName: string; role: Role; phoneNumber: string | null; lastLogin: Date | null; }; vitalRecords: { ...; }[]; symptoms: { ...; }[]; alerts: { ...; }[]; } & { ...; }' is not assignable to type 'PatientWithUser'.
    Type '{ user: { id: string; isActive: boolean; createdAt: Date; updatedAt: Date; email: string; firstName: string; lastName: string; role: Role; phoneNumber: string | null; lastLogin: Date | null; }; vitalRecords: { ...; }[]; symptoms: { ...; }[]; alerts: { ...; }[]; } & { ...; }' is not assignable to type 'Patient'.
      Types of property 'gender' are incompatible.
        Type 'import("C:/Users/arijm/Music/Esprit-FullStackJs-4twin4-2526-MediFollow/node_modules/.prisma/client/index").$Enums.Gender' is not assignable to type 'import("C:/Users/arijm/Music/Esprit-FullStackJs-4twin4-2526-MediFollow/types/medifollow.types").Gender'.
          Type '"MALE"' is not assignable to type 'Gender'.
lib/actions/patient.actions.ts(265,9): error TS2322: Type 'InputJsonValue' is not assignable to type '(Without<AddressNullableCreateEnvelopeInput, AddressCreateInput> & AddressCreateInput) | (Without<...> & AddressNullableCreateEnvelopeInput) | null | undefined'.
  Type 'string' is not assignable to type '(Without<AddressNullableCreateEnvelopeInput, AddressCreateInput> & AddressCreateInput) | (Without<...> & AddressNullableCreateEnvelopeInput) | null | undefined'.
lib/actions/patient.actions.ts(266,9): error TS2322: Type 'InputJsonValue' is not assignable to type '(Without<EmergencyContactNullableCreateEnvelopeInput, EmergencyContactCreateInput> & EmergencyContactCreateInput) | (Without<...> & EmergencyContactNullableCreateEnvelopeInput) | null | undefined'.
  Type 'string' is not assignable to type '(Without<EmergencyContactNullableCreateEnvelopeInput, EmergencyContactCreateInput> & EmergencyContactCreateInput) | (Without<...> & EmergencyContactNullableCreateEnvelopeInput) | null | undefined'.
lib/actions/patient.actions.ts(269,9): error TS2322: Type 'InputJsonValue' is not assignable to type '(Without<MedicationListCreateEnvelopeInput, MedicationCreateInput> & MedicationCreateInput) | (Without<...> & MedicationListCreateEnvelopeInput) | MedicationCreateInput[] | undefined'.
  Type 'string' is not assignable to type '(Without<MedicationListCreateEnvelopeInput, MedicationCreateInput> & MedicationCreateInput) | (Without<...> & MedicationListCreateEnvelopeInput) | MedicationCreateInput[] | undefined'.
lib/actions/patient.actions.ts(270,9): error TS2322: Type 'InputJsonValue' is not assignable to type '(Without<VitalThresholdsNullableCreateEnvelopeInput, VitalThresholdsCreateInput> & VitalThresholdsCreateInput) | (Without<...> & VitalThresholdsNullableCreateEnvelopeInput) | null | undefined'.
  Type 'string' is not assignable to type '(Without<VitalThresholdsNullableCreateEnvelopeInput, VitalThresholdsCreateInput> & VitalThresholdsCreateInput) | (Without<...> & VitalThresholdsNullableCreateEnvelopeInput) | null | undefined'.
lib/actions/patient.actions.ts(294,29): error TS2322: Type '{ id: string; userId: string; medicalRecordNumber: string; dateOfBirth: Date; gender: Gender; bloodType: BloodType | null; profileImage: string | null; bio: string | null; ... 10 more ...; vitalThresholds: { ...; } | null; }' is not assignable to type 'PatientWithUser'.
  Type '{ id: string; userId: string; medicalRecordNumber: string; dateOfBirth: Date; gender: Gender; bloodType: BloodType | null; profileImage: string | null; bio: string | null; ... 10 more ...; vitalThresholds: { ...; } | null; }' is not assignable to type 'Patient'.
    Types of property 'gender' are incompatible.
      Type 'import("C:/Users/arijm/Music/Esprit-FullStackJs-4twin4-2526-MediFollow/node_modules/.prisma/client/index").$Enums.Gender' is not assignable to type 'import("C:/Users/arijm/Music/Esprit-FullStackJs-4twin4-2526-MediFollow/types/medifollow.types").Gender'.
        Type '"MALE"' is not assignable to type 'Gender'.
lib/actions/patient.actions.ts(314,7): error TS2322: Type '{ vitalThresholds?: Prisma.InputJsonValue | undefined; medications?: Prisma.InputJsonValue | undefined; diagnosis?: string | undefined; dischargeDate?: Date | undefined; ... 4 more ...; dateOfBirth?: Date | undefined; }' is not assignable to type '(Without<PatientUpdateInput, PatientUncheckedUpdateInput> & PatientUncheckedUpdateInput) | (Without<...> & PatientUpdateInput)'.
  Type '{ vitalThresholds?: Prisma.InputJsonValue | undefined; medications?: Prisma.InputJsonValue | undefined; diagnosis?: string | undefined; dischargeDate?: Date | undefined; ... 4 more ...; dateOfBirth?: Date | undefined; }' is not assignable to type 'Without<PatientUncheckedUpdateInput, PatientUpdateInput> & PatientUpdateInput'.
    Types of property 'address' are incompatible.
      Type 'InputJsonValue | undefined' is not assignable to type '(Without<AddressNullableUpdateEnvelopeInput, AddressCreateInput> & AddressCreateInput) | (Without<...> & AddressNullableUpdateEnvelopeInput) | null | undefined'.
        Type 'string' is not assignable to type '(Without<AddressNullableUpdateEnvelopeInput, AddressCreateInput> & AddressCreateInput) | (Without<...> & AddressNullableUpdateEnvelopeInput) | null | undefined'.
lib/actions/patient.actions.ts(353,29): error TS2322: Type '{ id: string; userId: string; medicalRecordNumber: string; dateOfBirth: Date; gender: Gender; bloodType: BloodType | null; profileImage: string | null; bio: string | null; ... 10 more ...; vitalThresholds: { ...; } | null; }' is not assignable to type 'PatientWithUser'.
  Type '{ id: string; userId: string; medicalRecordNumber: string; dateOfBirth: Date; gender: Gender; bloodType: BloodType | null; profileImage: string | null; bio: string | null; ... 10 more ...; vitalThresholds: { ...; } | null; }' is not assignable to type 'Patient'.
    Types of property 'gender' are incompatible.
      Type 'import("C:/Users/arijm/Music/Esprit-FullStackJs-4twin4-2526-MediFollow/node_modules/.prisma/client/index").$Enums.Gender' is not assignable to type 'import("C:/Users/arijm/Music/Esprit-FullStackJs-4twin4-2526-MediFollow/types/medifollow.types").Gender'.
        Type '"MALE"' is not assignable to type 'Gender'.
lib/actions/patient.actions.ts(424,5): error TS2322: Type '({ user: { id: string; isActive: boolean; createdAt: Date; updatedAt: Date; email: string; firstName: string; lastName: string; role: Role; phoneNumber: string | null; lastLogin: Date | null; }; } & { ...; })[]' is not assignable to type 'PatientWithUser[]'.
  Type '{ user: { id: string; isActive: boolean; createdAt: Date; updatedAt: Date; email: string; firstName: string; lastName: string; role: Role; phoneNumber: string | null; lastLogin: Date | null; }; } & { ...; }' is not assignable to type 'PatientWithUser'.
    Type '{ user: { id: string; isActive: boolean; createdAt: Date; updatedAt: Date; email: string; firstName: string; lastName: string; role: Role; phoneNumber: string | null; lastLogin: Date | null; }; } & { ...; }' is not assignable to type 'Patient'.
      Types of property 'gender' are incompatible.
        Type 'import("C:/Users/arijm/Music/Esprit-FullStackJs-4twin4-2526-MediFollow/node_modules/.prisma/client/index").$Enums.Gender' is not assignable to type 'import("C:/Users/arijm/Music/Esprit-FullStackJs-4twin4-2526-MediFollow/types/medifollow.types").Gender'.
          Type '"MALE"' is not assignable to type 'Gender'.
lib/actions/patient.actions.ts(471,9): error TS2322: Type 'InputJsonValue' is not assignable to type '(Without<AddressNullableCreateEnvelopeInput, AddressCreateInput> & AddressCreateInput) | (Without<...> & AddressNullableCreateEnvelopeInput) | null | undefined'.
  Type 'string' is not assignable to type '(Without<AddressNullableCreateEnvelopeInput, AddressCreateInput> & AddressCreateInput) | (Without<...> & AddressNullableCreateEnvelopeInput) | null | undefined'.
lib/actions/patient.actions.ts(472,9): error TS2322: Type 'InputJsonValue' is not assignable to type '(Without<EmergencyContactNullableCreateEnvelopeInput, EmergencyContactCreateInput> & EmergencyContactCreateInput) | (Without<...> & EmergencyContactNullableCreateEnvelopeInput) | null | undefined'.
  Type 'string' is not assignable to type '(Without<EmergencyContactNullableCreateEnvelopeInput, EmergencyContactCreateInput> & EmergencyContactCreateInput) | (Without<...> & EmergencyContactNullableCreateEnvelopeInput) | null | undefined'.
lib/actions/patient.actions.ts(475,9): error TS2322: Type 'InputJsonValue' is not assignable to type '(Without<MedicationListCreateEnvelopeInput, MedicationCreateInput> & MedicationCreateInput) | (Without<...> & MedicationListCreateEnvelopeInput) | MedicationCreateInput[] | undefined'.
  Type 'string' is not assignable to type '(Without<MedicationListCreateEnvelopeInput, MedicationCreateInput> & MedicationCreateInput) | (Without<...> & MedicationListCreateEnvelopeInput) | MedicationCreateInput[] | undefined'.
lib/actions/patient.actions.ts(476,9): error TS2322: Type 'InputJsonValue' is not assignable to type '(Without<VitalThresholdsNullableCreateEnvelopeInput, VitalThresholdsCreateInput> & VitalThresholdsCreateInput) | (Without<...> & VitalThresholdsNullableCreateEnvelopeInput) | null | undefined'.
  Type 'string' is not assignable to type '(Without<VitalThresholdsNullableCreateEnvelopeInput, VitalThresholdsCreateInput> & VitalThresholdsCreateInput) | (Without<...> & VitalThresholdsNullableCreateEnvelopeInput) | null | undefined'.
lib/actions/patient.actions.ts(505,29): error TS2322: Type '{ id: string; userId: string; medicalRecordNumber: string; dateOfBirth: Date; gender: Gender; bloodType: BloodType | null; profileImage: string | null; bio: string | null; ... 10 more ...; vitalThresholds: { ...; } | null; }' is not assignable to type 'PatientWithUser'.
  Type '{ id: string; userId: string; medicalRecordNumber: string; dateOfBirth: Date; gender: Gender; bloodType: BloodType | null; profileImage: string | null; bio: string | null; ... 10 more ...; vitalThresholds: { ...; } | null; }' is not assignable to type 'Patient'.
    Types of property 'gender' are incompatible.
      Type 'import("C:/Users/arijm/Music/Esprit-FullStackJs-4twin4-2526-MediFollow/node_modules/.prisma/client/index").$Enums.Gender' is not assignable to type 'import("C:/Users/arijm/Music/Esprit-FullStackJs-4twin4-2526-MediFollow/types/medifollow.types").Gender'.
        Type '"MALE"' is not assignable to type 'Gender'.
lib/actions/patient.actions.ts(545,5): error TS2322: Type '({ user: { id: string; isActive: boolean; createdAt: Date; updatedAt: Date; email: string; firstName: string; lastName: string; role: Role; phoneNumber: string | null; lastLogin: Date | null; }; } & { ...; })[]' is not assignable to type 'PatientWithUser[]'.
  Type '{ user: { id: string; isActive: boolean; createdAt: Date; updatedAt: Date; email: string; firstName: string; lastName: string; role: Role; phoneNumber: string | null; lastLogin: Date | null; }; } & { ...; }' is not assignable to type 'PatientWithUser'.
    Type '{ user: { id: string; isActive: boolean; createdAt: Date; updatedAt: Date; email: string; firstName: string; lastName: string; role: Role; phoneNumber: string | null; lastLogin: Date | null; }; } & { ...; }' is not assignable to type 'Patient'.
      Types of property 'gender' are incompatible.
        Type 'import("C:/Users/arijm/Music/Esprit-FullStackJs-4twin4-2526-MediFollow/node_modules/.prisma/client/index").$Enums.Gender' is not assignable to type 'import("C:/Users/arijm/Music/Esprit-FullStackJs-4twin4-2526-MediFollow/types/medifollow.types").Gender'.
          Type '"MALE"' is not assignable to type 'Gender'.
lib/actions/patient.actions.ts(586,29): error TS2322: Type '{ user: { id: string; isActive: boolean; createdAt: Date; updatedAt: Date; email: string; firstName: string; lastName: string; role: Role; phoneNumber: string | null; lastLogin: Date | null; }; } & { ...; }' is not assignable to type 'PatientWithUser | undefined'.
  Type '{ user: { id: string; isActive: boolean; createdAt: Date; updatedAt: Date; email: string; firstName: string; lastName: string; role: Role; phoneNumber: string | null; lastLogin: Date | null; }; } & { ...; }' is not assignable to type 'PatientWithUser'.
    Type '{ user: { id: string; isActive: boolean; createdAt: Date; updatedAt: Date; email: string; firstName: string; lastName: string; role: Role; phoneNumber: string | null; lastLogin: Date | null; }; } & { ...; }' is not assignable to type 'Patient'.
      Types of property 'gender' are incompatible.
        Type 'import("C:/Users/arijm/Music/Esprit-FullStackJs-4twin4-2526-MediFollow/node_modules/.prisma/client/index").$Enums.Gender' is not assignable to type 'import("C:/Users/arijm/Music/Esprit-FullStackJs-4twin4-2526-MediFollow/types/medifollow.types").Gender'.
          Type '"MALE"' is not assignable to type 'Gender'.
lib/actions/patient.actions.ts(1145,7): error TS2322: Type '{ profileImage?: string | undefined; gender?: any; dateOfBirth?: Date | undefined; emergencyContact?: Prisma.InputJsonValue | undefined; address?: Prisma.InputJsonValue | undefined; bloodType?: any; bio?: string | undefined; }' is not assignable to type '(Without<PatientUpdateInput, PatientUncheckedUpdateInput> & PatientUncheckedUpdateInput) | (Without<...> & PatientUpdateInput)'.
  Type '{ profileImage?: string | undefined; gender?: any; dateOfBirth?: Date | undefined; emergencyContact?: Prisma.InputJsonValue | undefined; address?: Prisma.InputJsonValue | undefined; bloodType?: any; bio?: string | undefined; }' is not assignable to type 'Without<PatientUncheckedUpdateInput, PatientUpdateInput> & PatientUpdateInput'.
    Types of property 'address' are incompatible.
      Type 'InputJsonValue | undefined' is not assignable to type '(Without<AddressNullableUpdateEnvelopeInput, AddressCreateInput> & AddressCreateInput) | (Without<...> & AddressNullableUpdateEnvelopeInput) | null | undefined'.
        Type 'string' is not assignable to type '(Without<AddressNullableUpdateEnvelopeInput, AddressCreateInput> & AddressCreateInput) | (Without<...> & AddressNullableUpdateEnvelopeInput) | null | undefined'.
lib/actions/patient.actions.ts(1219,7): error TS2322: Type '({ user: { id: string; isActive: boolean; createdAt: Date; updatedAt: Date; email: string; firstName: string; lastName: string; role: Role; phoneNumber: string | null; lastLogin: Date | null; }; } & { ...; })[]' is not assignable to type 'PatientWithUser[]'.
  Type '{ user: { id: string; isActive: boolean; createdAt: Date; updatedAt: Date; email: string; firstName: string; lastName: string; role: Role; phoneNumber: string | null; lastLogin: Date | null; }; } & { ...; }' is not assignable to type 'PatientWithUser'.
    Type '{ user: { id: string; isActive: boolean; createdAt: Date; updatedAt: Date; email: string; firstName: string; lastName: string; role: Role; phoneNumber: string | null; lastLogin: Date | null; }; } & { ...; }' is not assignable to type 'Patient'.
      Types of property 'gender' are incompatible.
        Type 'import("C:/Users/arijm/Music/Esprit-FullStackJs-4twin4-2526-MediFollow/node_modules/.prisma/client/index").$Enums.Gender' is not assignable to type 'import("C:/Users/arijm/Music/Esprit-FullStackJs-4twin4-2526-MediFollow/types/medifollow.types").Gender'.
          Type '"MALE"' is not assignable to type 'Gender'.
lib/actions/patient.actions.ts(1266,5): error TS2322: Type '({ user: { id: string; isActive: boolean; createdAt: Date; updatedAt: Date; email: string; firstName: string; lastName: string; role: Role; phoneNumber: string | null; lastLogin: Date | null; }; } & { ...; })[]' is not assignable to type 'PatientWithUser[]'.
  Type '{ user: { id: string; isActive: boolean; createdAt: Date; updatedAt: Date; email: string; firstName: string; lastName: string; role: Role; phoneNumber: string | null; lastLogin: Date | null; }; } & { ...; }' is not assignable to type 'PatientWithUser'.
    Type '{ user: { id: string; isActive: boolean; createdAt: Date; updatedAt: Date; email: string; firstName: string; lastName: string; role: Role; phoneNumber: string | null; lastLogin: Date | null; }; } & { ...; }' is not assignable to type 'Patient'.
      Types of property 'gender' are incompatible.
        Type 'import("C:/Users/arijm/Music/Esprit-FullStackJs-4twin4-2526-MediFollow/node_modules/.prisma/client/index").$Enums.Gender' is not assignable to type 'import("C:/Users/arijm/Music/Esprit-FullStackJs-4twin4-2526-MediFollow/types/medifollow.types").Gender'.
          Type '"MALE"' is not assignable to type 'Gender'.
lib/actions/patient.actions.ts(1303,7): error TS2322: Type '({ user: { id: string; isActive: boolean; createdAt: Date; updatedAt: Date; email: string; firstName: string; lastName: string; role: Role; phoneNumber: string | null; lastLogin: Date | null; }; vitalRecords: { ...; }[]; } & { ...; })[]' is not assignable to type '(Patient & { user: SafeUser; vitalRecords?: VitalRecord[] | undefined; alerts?: Alert[] | undefined; symptoms?: Symptom[] | undefined; } & { ...; })[]'.
  Type '{ user: { id: string; isActive: boolean; createdAt: Date; updatedAt: Date; email: string; firstName: string; lastName: string; role: Role; phoneNumber: string | null; lastLogin: Date | null; }; vitalRecords: { ...; }[]; } & { ...; }' is not assignable to type 'Patient & { user: SafeUser; vitalRecords?: VitalRecord[] | undefined; alerts?: Alert[] | undefined; symptoms?: Symptom[] | undefined; } & { ...; }'.
    Type '{ user: { id: string; isActive: boolean; createdAt: Date; updatedAt: Date; email: string; firstName: string; lastName: string; role: Role; phoneNumber: string | null; lastLogin: Date | null; }; vitalRecords: { ...; }[]; } & { ...; }' is not assignable to type 'Patient'.
      Types of property 'gender' are incompatible.
        Type 'import("C:/Users/arijm/Music/Esprit-FullStackJs-4twin4-2526-MediFollow/node_modules/.prisma/client/index").$Enums.Gender' is not assignable to type 'import("C:/Users/arijm/Music/Esprit-FullStackJs-4twin4-2526-MediFollow/types/medifollow.types").Gender'.
          Type '"MALE"' is not assignable to type 'Gender'.
lib/actions/santeconnect.actions.ts(37,33): error TS2339: Property 'wearableDevice' does not exist on type 'PrismaClient<PrismaClientOptions, never, DefaultArgs>'.
lib/actions/santeconnect.actions.ts(90,34): error TS2339: Property 'wearableDevice' does not exist on type 'PrismaClient<PrismaClientOptions, never, DefaultArgs>'.
lib/actions/santeconnect.actions.ts(144,33): error TS2339: Property 'wearableDevice' does not exist on type 'PrismaClient<PrismaClientOptions, never, DefaultArgs>'.
lib/actions/santeconnect.actions.ts(159,18): error TS2339: Property 'wearableDevice' does not exist on type 'PrismaClient<PrismaClientOptions, never, DefaultArgs>'.
lib/actions/situation-reports.actions.ts(24,33): error TS2339: Property 'situationReport' does not exist on type 'PrismaClient<PrismaClientOptions, never, DefaultArgs>'.
lib/actions/situation-reports.actions.ts(73,33): error TS2339: Property 'situationReport' does not exist on type 'PrismaClient<PrismaClientOptions, never, DefaultArgs>'.
lib/actions/situation-reports.actions.ts(83,20): error TS2339: Property 'situationReportVersion' does not exist on type 'PrismaClient<PrismaClientOptions, never, DefaultArgs>'.
lib/actions/situation-reports.actions.ts(93,40): error TS2339: Property 'situationReport' does not exist on type 'PrismaClient<PrismaClientOptions, never, DefaultArgs>'.
lib/actions/situation-reports.actions.ts(132,33): error TS2339: Property 'situationReport' does not exist on type 'PrismaClient<PrismaClientOptions, never, DefaultArgs>'.
lib/actions/situation-reports.actions.ts(208,18): error TS2339: Property 'situationReport' does not exist on type 'PrismaClient<PrismaClientOptions, never, DefaultArgs>'.
lib/actions/situation-reports.actions.ts(231,33): error TS2339: Property 'situationReport' does not exist on type 'PrismaClient<PrismaClientOptions, never, DefaultArgs>'.
lib/actions/situation-reports.actions.ts(286,34): error TS2339: Property 'situationReport' does not exist on type 'PrismaClient<PrismaClientOptions, never, DefaultArgs>'.
lib/actions/situation-reports.actions.ts(321,33): error TS2339: Property 'situationReport' does not exist on type 'PrismaClient<PrismaClientOptions, never, DefaultArgs>'.
lib/actions/situation-reports.actions.ts(364,33): error TS2339: Property 'situationReport' does not exist on type 'PrismaClient<PrismaClientOptions, never, DefaultArgs>'.
lib/actions/situation-reports.actions.ts(372,18): error TS2339: Property 'situationReport' does not exist on type 'PrismaClient<PrismaClientOptions, never, DefaultArgs>'.
lib/actions/situation-reports.actions.ts(394,33): error TS2339: Property 'situationReport' does not exist on type 'PrismaClient<PrismaClientOptions, never, DefaultArgs>'.
lib/actions/situation-reports.actions.ts(402,36): error TS2339: Property 'situationReport' does not exist on type 'PrismaClient<PrismaClientOptions, never, DefaultArgs>'.
lib/actions/vital.actions.ts(92,54): error TS2345: Argument of type '{ systolicBP: { min: number; max: number; }; diastolicBP: { min: number; max: number; }; heartRate: { min: number; max: number; }; temperature: { min: number; max: number; }; oxygenSaturation: { min: number; max: number; }; weight: { ...; } | null; } | VitalThresholds' is not assignable to parameter of type 'VitalThresholds'.
  Type '{ systolicBP: { min: number; max: number; }; diastolicBP: { min: number; max: number; }; heartRate: { min: number; max: number; }; temperature: { min: number; max: number; }; oxygenSaturation: { min: number; max: number; }; weight: { ...; } | null; }' is not assignable to type 'VitalThresholds'.
    Types of property 'weight' are incompatible.
      Type '{ min: number; max: number; } | null' is not assignable to type 'VitalRange | undefined'.
        Type 'null' is not assignable to type 'VitalRange | undefined'.
lib/actions/wearable.actions.ts(37,18): error TS2353: Object literal may only specify known properties, and 'wearableDevices' does not exist in type 'PatientInclude<DefaultArgs>'.
lib/actions/wearable.actions.ts(48,28): error TS2339: Property 'wearableDevices' does not exist on type '{ id: string; userId: string; medicalRecordNumber: string; dateOfBirth: Date; gender: Gender; bloodType: BloodType | null; profileImage: string | null; bio: string | null; ... 10 more ...; vitalThresholds: { ...; } | null; }'.
lib/actions/wearable.actions.ts(49,8): error TS7006: Parameter 'd' implicitly has an 'any' type.
lib/actions/wearable.actions.ts(106,18): error TS2339: Property 'wearableSyncLog' does not exist on type 'PrismaClient<PrismaClientOptions, never, DefaultArgs>'.
lib/actions/wearable.actions.ts(112,37): error TS2339: Property 'data' does not exist on type '{ success: boolean; message: string; vitalRecord: { patient: { user: { id: string; isActive: boolean; createdAt: Date; updatedAt: Date; email: string; passwordHash: string; firstName: string; ... 24 more ...; profilePhoto: string | null; }; } & { ...; }; } & { ...; }; error?: undefined; } | { ...; }'.
  Property 'data' does not exist on type '{ success: boolean; message: string; vitalRecord: { patient: { user: { id: string; isActive: boolean; createdAt: Date; updatedAt: Date; email: string; passwordHash: string; firstName: string; ... 24 more ...; profilePhoto: string | null; }; } & { ...; }; } & { ...; }; error?: undefined; }'.
lib/actions/wearable.actions.ts(119,20): error TS2339: Property 'data' does not exist on type '{ success: boolean; message: string; vitalRecord: { patient: { user: { id: string; isActive: boolean; createdAt: Date; updatedAt: Date; email: string; passwordHash: string; firstName: string; ... 24 more ...; profilePhoto: string | null; }; } & { ...; }; } & { ...; }; error?: undefined; } | { ...; }'.
  Property 'data' does not exist on type '{ success: boolean; message: string; vitalRecord: { patient: { user: { id: string; isActive: boolean; createdAt: Date; updatedAt: Date; email: string; passwordHash: string; firstName: string; ... 24 more ...; profilePhoto: string | null; }; } & { ...; }; } & { ...; }; error?: undefined; }'.
lib/actions/wearable.actions.ts(127,20): error TS2339: Property 'wearableSyncLog' does not exist on type 'PrismaClient<PrismaClientOptions, never, DefaultArgs>'.
lib/actions/wearable.actions.ts(157,33): error TS2339: Property 'wearableDevice' does not exist on type 'PrismaClient<PrismaClientOptions, never, DefaultArgs>'.
lib/actions/wearable.actions.ts(187,34): error TS2339: Property 'wearableDevice' does not exist on type 'PrismaClient<PrismaClientOptions, never, DefaultArgs>'.
lib/actions/wearable.actions.ts(219,35): error TS2339: Property 'wearableSyncLog' does not exist on type 'PrismaClient<PrismaClientOptions, never, DefaultArgs>'.
lib/examples/blockchain-explorer-examples.ts(34,34): error TS7006: Parameter 'tx' implicitly has an 'any' type.
lib/examples/blockchain-explorer-examples.ts(133,25): error TS18047: 'stats' is possibly 'null'.
lib/examples/blockchain-explorer-examples.ts(134,25): error TS18047: 'stats' is possibly 'null'.
lib/examples/blockchain-explorer-examples.ts(135,25): error TS18047: 'stats' is possibly 'null'.
lib/examples/blockchain-explorer-examples.ts(136,25): error TS18047: 'stats' is possibly 'null'.
lib/examples/blockchain-explorer-examples.ts(137,20): error TS18047: 'stats' is possibly 'null'.
lib/examples/blockchain-explorer-examples.ts(138,30): error TS18047: 'stats' is possibly 'null'.
lib/examples/blockchain-explorer-examples.ts(139,32): error TS18047: 'stats' is possibly 'null'.
lib/examples/blockchain-explorer-examples.ts(156,13): error TS18047: 'tx' is possibly 'null'.
lib/examples/blockchain-explorer-examples.ts(157,15): error TS18047: 'tx' is possibly 'null'.
lib/examples/blockchain-explorer-examples.ts(158,15): error TS18047: 'tx' is possibly 'null'.
lib/examples/blockchain-explorer-examples.ts(159,20): error TS18047: 'tx' is possibly 'null'.
lib/examples/blockchain-explorer-examples.ts(160,16): error TS18047: 'tx' is possibly 'null'.
lib/examples/blockchain-explorer-examples.ts(161,20): error TS18047: 'tx' is possibly 'null'.
lib/examples/blockchain-explorer-examples.ts(162,18): error TS18047: 'tx' is possibly 'null'.
lib/examples/blockchain-explorer-examples.ts(163,16): error TS18047: 'tx' is possibly 'null'.
lib/examples/blockchain-explorer-examples.ts(181,34): error TS7006: Parameter 'tx' implicitly has an 'any' type.
lib/examples/blockchain-explorer-examples.ts(269,10): error TS7006: Parameter 't' implicitly has an 'any' type.
lib/examples/blockchain-explorer-examples.ts(272,10): error TS7006: Parameter 't' implicitly has an 'any' type.
lib/examples/blockchain-explorer-examples.ts(274,43): error TS7006: Parameter 't' implicitly has an 'any' type.
lib/examples/blockchain-explorer-examples.ts(315,9): error TS18047: 'stats' is possibly 'null'.
lib/examples/blockchain-explorer-examples.ts(315,29): error TS18047: 'stats' is possibly 'null'.
lib/examples/blockchain-explorer-examples.ts(317,47): error TS18047: 'stats' is possibly 'null'.
lib/examples/blockchain-explorer-examples.ts(317,67): error TS18047: 'stats' is possibly 'null'.
lib/examples/blockchain-explorer-examples.ts(323,7): error TS18047: 'stats' is possibly 'null'.
lib/examples/blockchain-explorer-examples.ts(324,39): error TS18047: 'stats' is possibly 'null'.
lib/examples/blockchain-explorer-examples.ts(331,9): error TS18047: 'stats' is possibly 'null'.
lib/examples/blockchain-explorer-examples.ts(331,30): error TS18047: 'stats' is possibly 'null'.
lib/examples/blockchain-explorer-examples.ts(352,34): error TS7006: Parameter 'tx' implicitly has an 'any' type.
lib/hooks/useBlockchainAPI.ts(30,38): error TS2559: Type 'string' has no properties in common with type '{ skip?: number | undefined; take?: number | undefined; action?: string | undefined; userId?: string | undefined; dateFrom?: Date | undefined; dateTo?: Date | undefined; }'.
lib/hooks/useBlockchainAPI.ts(31,23): error TS2339: Property 'ok' does not exist on type 'BlockchainTransactionsResponse'.
lib/hooks/useBlockchainAPI.ts(32,51): error TS2339: Property 'status' does not exist on type 'BlockchainTransactionsResponse'.
lib/hooks/useBlockchainAPI.ts(35,69): error TS2339: Property 'json' does not exist on type 'BlockchainTransactionsResponse'.
lib/hooks/useBlockchainAPI.ts(63,36): error TS2554: Expected 0 arguments, but got 1.
lib/hooks/useBlockchainAPI.ts(64,21): error TS2339: Property 'ok' does not exist on type 'BlockchainStats'.
lib/hooks/useBlockchainAPI.ts(65,49): error TS2339: Property 'status' does not exist on type 'BlockchainStats'.
lib/hooks/useBlockchainAPI.ts(68,52): error TS2339: Property 'json' does not exist on type 'BlockchainStats'.
lib/hooks/useBlockchainAPI.ts(98,38): error TS2559: Type 'string' has no properties in common with type '{ months?: number | undefined; }'.
lib/hooks/useBlockchainAPI.ts(99,23): error TS2339: Property 'ok' does not exist on type 'BlockchainHistoryResponse'.
lib/hooks/useBlockchainAPI.ts(100,51): error TS2339: Property 'status' does not exist on type 'BlockchainHistoryResponse'.
lib/hooks/useBlockchainAPI.ts(103,64): error TS2339: Property 'json' does not exist on type 'BlockchainHistoryResponse'.
lib/services/audit.service.ts(2,10): error TS2305: Module '"@prisma/client"' has no exported member 'AuditAction'.
lib/services/audit.service.ts(624,3): error TS1042: 'private' modifier cannot be used here.
lib/services/audit.service.ts(624,3): error TS1184: Modifiers cannot appear here.
lib/services/notification.service.ts(201,11): error TS2322: Type '"SYSTEM" | "ALERT" | "REMINDER" | "MESSAGE" | "APPOINTMENT" | "VITAL_REVIEW"' is not assignable to type 'NotificationType'.
  Type '"APPOINTMENT"' is not assignable to type 'NotificationType'.
lib/services/notification.service.ts(231,19): error TS2339: Property 'user' does not exist on type '{ id: string; userId: string; medicalRecordNumber: string; dateOfBirth: Date; gender: Gender; bloodType: BloodType | null; profileImage: string | null; bio: string | null; ... 10 more ...; vitalThresholds: { ...; } | null; }'.
lib/services/notification.service.ts(276,52): error TS2339: Property 'user' does not exist on type '{ id: string; userId: string; medicalRecordNumber: string; dateOfBirth: Date; gender: Gender; bloodType: BloodType | null; profileImage: string | null; bio: string | null; ... 10 more ...; vitalThresholds: { ...; } | null; }'.
lib/services/notification.service.ts(276,90): error TS2339: Property 'user' does not exist on type '{ id: string; userId: string; medicalRecordNumber: string; dateOfBirth: Date; gender: Gender; bloodType: BloodType | null; profileImage: string | null; bio: string | null; ... 10 more ...; vitalThresholds: { ...; } | null; }'.
lib/utils.ts(86,9): error TS2739: Type '{ PATIENT: string; DOCTOR: string; ADMIN: string; }' is missing the following properties from type 'Record<Role, string>': NURSE, COORDINATOR
lib/utils/vitalValidation.ts(81,52): error TS2345: Argument of type '{ systolicBP: { min: number; max: number; }; diastolicBP: { min: number; max: number; }; heartRate: { min: number; max: number; }; temperature: { min: number; max: number; }; oxygenSaturation: { min: number; max: number; }; weight: { ...; } | null; } | VitalThresholds' is not assignable to parameter of type 'VitalThresholds'.
  Type '{ systolicBP: { min: number; max: number; }; diastolicBP: { min: number; max: number; }; heartRate: { min: number; max: number; }; temperature: { min: number; max: number; }; oxygenSaturation: { min: number; max: number; }; weight: { ...; } | null; }' is not assignable to type 'VitalThresholds'.
    Types of property 'weight' are incompatible.
      Type '{ min: number; max: number; } | null' is not assignable to type 'VitalRange | undefined'.
        Type 'null' is not assignable to type 'VitalRange | undefined'.
lib/utils/vitalValidation.ts(179,9): error TS2322: Type '{ min?: number | undefined; max?: number | undefined; }' is not assignable to type 'VitalRange'.
  Types of property 'min' are incompatible.
    Type 'number | undefined' is not assignable to type 'number'.
      Type 'undefined' is not assignable to type 'number'.
lib/utils/vitalValidation.ts(307,7): error TS2322: Type '{ violations: { abnormal: string[]; critical: string[]; triggeredRules: Array<{ field: string; value: number; range: VitalRange; severity: string; }>; }; vitalRecordId: string; }' is not assignable to type 'InputJsonValue | null | undefined'.
  Types of property 'violations' are incompatible.
    Type '{ abnormal: string[]; critical: string[]; triggeredRules: { field: string; value: number; range: VitalRange; severity: string; }[]; }' is not assignable to type 'InputJsonValue | null | undefined'.
      Type '{ abnormal: string[]; critical: string[]; triggeredRules: { field: string; value: number; range: VitalRange; severity: string; }[]; }' is not assignable to type 'InputJsonObject'.
        Property 'triggeredRules' is incompatible with index signature.
          Type '{ field: string; value: number; range: VitalRange; severity: string; }[]' is not assignable to type 'InputJsonValue | null | undefined'.
            Type '{ field: string; value: number; range: VitalRange; severity: string; }[]' is not assignable to type 'InputJsonObject'.
              Index signature for type 'string' is missing in type '{ field: string; value: number; range: VitalRange; severity: string; }[]'.
libl/actions/admin.actions.ts(249,33): error TS2353: Object literal may only specify known properties, and 'isApproved' does not exist in type 'UserWhereInput'.
libl/actions/admin.actions.ts(264,15): error TS2353: Object literal may only specify known properties, and 'isApproved' does not exist in type '(Without<UserUpdateInput, UserUncheckedUpdateInput> & UserUncheckedUpdateInput) | (Without<...> & UserUpdateInput)'.
libl/actions/admin.actions.ts(286,32): error TS2353: Object literal may only specify known properties, and 'isApproved' does not exist in type '(Without<UserUpdateInput, UserUncheckedUpdateInput> & UserUncheckedUpdateInput) | (Without<...> & UserUpdateInput)'.
libl/actions/alert.actions.ts(11,27): error TS2307: Cannot find module '@/lib/mongodb' or its corresponding type declarations.
libl/actions/appointment.actions.ts(138,150): error TS2345: Argument of type 'string' is not assignable to parameter of type '"date" | "time" | "datetime" | undefined'.
libl/actions/appointment.actions.ts(138,160): error TS2339: Property 'dateTime' does not exist on type 'string'.
libl/actions/appointment.actions.ts(138,301): error TS2345: Argument of type 'string' is not assignable to parameter of type '"date" | "time" | "datetime" | undefined'.
libl/actions/appointment.actions.ts(138,311): error TS2339: Property 'dateTime' does not exist on type 'string'.
libl/actions/auth.actions.ts(16,10): error TS2305: Module '"@/lib/actions/audit.actions"' has no exported member 'createAuditLog'.
libl/actions/auth.actions.ts(150,9): error TS2353: Object literal may only specify known properties, and 'isApproved' does not exist in type '(Without<UserCreateInput, UserUncheckedCreateInput> & UserUncheckedCreateInput) | (Without<...> & UserCreateInput)'.
libl/actions/notification.actions.ts(236,7): error TS2353: Object literal may only specify known properties, and 'careTeam' does not exist in type 'PatientInclude<DefaultArgs>'.
libl/actions/notification.actions.ts(253,28): error TS2339: Property 'user' does not exist on type '{ id: string; userId: string; medicalRecordNumber: string; dateOfBirth: Date; gender: Gender; bloodType: BloodType | null; profileImage: string | null; bio: string | null; ... 10 more ...; vitalThresholds: { ...; } | null; }'.
libl/actions/patient.actions.ts(41,5): error TS2322: Type '({ user: { id: string; isActive: boolean; createdAt: Date; updatedAt: Date; email: string; firstName: string; lastName: string; role: Role; phoneNumber: string | null; lastLogin: Date | null; }; } & { ...; }) | null' is not assignable to type 'PatientWithUser | null'.
  Type '{ user: { id: string; isActive: boolean; createdAt: Date; updatedAt: Date; email: string; firstName: string; lastName: string; role: Role; phoneNumber: string | null; lastLogin: Date | null; }; } & { ...; }' is not assignable to type 'PatientWithUser | null'.
    Type '{ user: { id: string; isActive: boolean; createdAt: Date; updatedAt: Date; email: string; firstName: string; lastName: string; role: Role; phoneNumber: string | null; lastLogin: Date | null; }; } & { ...; }' is not assignable to type 'PatientWithUser'.
      Type '{ user: { id: string; isActive: boolean; createdAt: Date; updatedAt: Date; email: string; firstName: string; lastName: string; role: Role; phoneNumber: string | null; lastLogin: Date | null; }; } & { ...; }' is not assignable to type 'Patient'.
        Types of property 'gender' are incompatible.
          Type 'import("C:/Users/arijm/Music/Esprit-FullStackJs-4twin4-2526-MediFollow/node_modules/.prisma/client/index").$Enums.Gender' is not assignable to type 'import("C:/Users/arijm/Music/Esprit-FullStackJs-4twin4-2526-MediFollow/types/medifollow.types").Gender'.
            Type '"MALE"' is not assignable to type 'Gender'.
libl/actions/patient.actions.ts(75,5): error TS2322: Type '({ user: { id: string; isActive: boolean; createdAt: Date; updatedAt: Date; email: string; firstName: string; lastName: string; role: Role; phoneNumber: string | null; lastLogin: Date | null; }; } & { ...; }) | null' is not assignable to type 'PatientWithUser | null'.
  Type '{ user: { id: string; isActive: boolean; createdAt: Date; updatedAt: Date; email: string; firstName: string; lastName: string; role: Role; phoneNumber: string | null; lastLogin: Date | null; }; } & { ...; }' is not assignable to type 'PatientWithUser | null'.
    Type '{ user: { id: string; isActive: boolean; createdAt: Date; updatedAt: Date; email: string; firstName: string; lastName: string; role: Role; phoneNumber: string | null; lastLogin: Date | null; }; } & { ...; }' is not assignable to type 'PatientWithUser'.
      Type '{ user: { id: string; isActive: boolean; createdAt: Date; updatedAt: Date; email: string; firstName: string; lastName: string; role: Role; phoneNumber: string | null; lastLogin: Date | null; }; } & { ...; }' is not assignable to type 'Patient'.
        Types of property 'gender' are incompatible.
          Type 'import("C:/Users/arijm/Music/Esprit-FullStackJs-4twin4-2526-MediFollow/node_modules/.prisma/client/index").$Enums.Gender' is not assignable to type 'import("C:/Users/arijm/Music/Esprit-FullStackJs-4twin4-2526-MediFollow/types/medifollow.types").Gender'.
            Type '"MALE"' is not assignable to type 'Gender'.
libl/actions/patient.actions.ts(121,5): error TS2322: Type '({ user: { id: string; isActive: boolean; createdAt: Date; updatedAt: Date; email: string; firstName: string; lastName: string; role: Role; phoneNumber: string | null; lastLogin: Date | null; }; vitalRecords: { ...; }[]; symptoms: { ...; }[]; alerts: { ...; }[]; } & { ...; }) | null' is not assignable to type 'PatientWithRelations | null'.
  Type '{ user: { id: string; isActive: boolean; createdAt: Date; updatedAt: Date; email: string; firstName: string; lastName: string; role: Role; phoneNumber: string | null; lastLogin: Date | null; }; vitalRecords: { ...; }[]; symptoms: { ...; }[]; alerts: { ...; }[]; } & { ...; }' is not assignable to type 'PatientWithRelations | null'.
    Type '{ user: { id: string; isActive: boolean; createdAt: Date; updatedAt: Date; email: string; firstName: string; lastName: string; role: Role; phoneNumber: string | null; lastLogin: Date | null; }; vitalRecords: { ...; }[]; symptoms: { ...; }[]; alerts: { ...; }[]; } & { ...; }' is not assignable to type 'PatientWithRelations'.
      Type '{ user: { id: string; isActive: boolean; createdAt: Date; updatedAt: Date; email: string; firstName: string; lastName: string; role: Role; phoneNumber: string | null; lastLogin: Date | null; }; vitalRecords: { ...; }[]; symptoms: { ...; }[]; alerts: { ...; }[]; } & { ...; }' is not assignable to type 'Patient'.
        Types of property 'gender' are incompatible.
          Type 'import("C:/Users/arijm/Music/Esprit-FullStackJs-4twin4-2526-MediFollow/node_modules/.prisma/client/index").$Enums.Gender' is not assignable to type 'import("C:/Users/arijm/Music/Esprit-FullStackJs-4twin4-2526-MediFollow/types/medifollow.types").Gender'.
            Type '"MALE"' is not assignable to type 'Gender'.
libl/actions/patient.actions.ts(157,5): error TS2322: Type '({ user: { id: string; isActive: boolean; createdAt: Date; updatedAt: Date; email: string; firstName: string; lastName: string; role: Role; phoneNumber: string | null; lastLogin: Date | null; }; } & { ...; })[]' is not assignable to type 'PatientWithUser[]'.
  Type '{ user: { id: string; isActive: boolean; createdAt: Date; updatedAt: Date; email: string; firstName: string; lastName: string; role: Role; phoneNumber: string | null; lastLogin: Date | null; }; } & { ...; }' is not assignable to type 'PatientWithUser'.
    Type '{ user: { id: string; isActive: boolean; createdAt: Date; updatedAt: Date; email: string; firstName: string; lastName: string; role: Role; phoneNumber: string | null; lastLogin: Date | null; }; } & { ...; }' is not assignable to type 'Patient'.
      Types of property 'gender' are incompatible.
        Type 'import("C:/Users/arijm/Music/Esprit-FullStackJs-4twin4-2526-MediFollow/node_modules/.prisma/client/index").$Enums.Gender' is not assignable to type 'import("C:/Users/arijm/Music/Esprit-FullStackJs-4twin4-2526-MediFollow/types/medifollow.types").Gender'.
          Type '"MALE"' is not assignable to type 'Gender'.
libl/actions/patient.actions.ts(203,9): error TS2322: Type 'InputJsonValue' is not assignable to type '(Without<AddressNullableCreateEnvelopeInput, AddressCreateInput> & AddressCreateInput) | (Without<...> & AddressNullableCreateEnvelopeInput) | null | undefined'.
  Type 'string' is not assignable to type '(Without<AddressNullableCreateEnvelopeInput, AddressCreateInput> & AddressCreateInput) | (Without<...> & AddressNullableCreateEnvelopeInput) | null | undefined'.
libl/actions/patient.actions.ts(204,9): error TS2322: Type 'InputJsonValue' is not assignable to type '(Without<EmergencyContactNullableCreateEnvelopeInput, EmergencyContactCreateInput> & EmergencyContactCreateInput) | (Without<...> & EmergencyContactNullableCreateEnvelopeInput) | null | undefined'.
  Type 'string' is not assignable to type '(Without<EmergencyContactNullableCreateEnvelopeInput, EmergencyContactCreateInput> & EmergencyContactCreateInput) | (Without<...> & EmergencyContactNullableCreateEnvelopeInput) | null | undefined'.
libl/actions/patient.actions.ts(207,9): error TS2322: Type 'InputJsonValue' is not assignable to type '(Without<MedicationListCreateEnvelopeInput, MedicationCreateInput> & MedicationCreateInput) | (Without<...> & MedicationListCreateEnvelopeInput) | MedicationCreateInput[] | undefined'.
  Type 'string' is not assignable to type '(Without<MedicationListCreateEnvelopeInput, MedicationCreateInput> & MedicationCreateInput) | (Without<...> & MedicationListCreateEnvelopeInput) | MedicationCreateInput[] | undefined'.
libl/actions/patient.actions.ts(208,9): error TS2322: Type 'InputJsonValue' is not assignable to type '(Without<VitalThresholdsNullableCreateEnvelopeInput, VitalThresholdsCreateInput> & VitalThresholdsCreateInput) | (Without<...> & VitalThresholdsNullableCreateEnvelopeInput) | null | undefined'.
  Type 'string' is not assignable to type '(Without<VitalThresholdsNullableCreateEnvelopeInput, VitalThresholdsCreateInput> & VitalThresholdsCreateInput) | (Without<...> & VitalThresholdsNullableCreateEnvelopeInput) | null | undefined'.
libl/actions/patient.actions.ts(232,29): error TS2322: Type '{ id: string; userId: string; medicalRecordNumber: string; dateOfBirth: Date; gender: Gender; bloodType: BloodType | null; profileImage: string | null; bio: string | null; ... 10 more ...; vitalThresholds: { ...; } | null; }' is not assignable to type 'PatientWithUser'.
  Type '{ id: string; userId: string; medicalRecordNumber: string; dateOfBirth: Date; gender: Gender; bloodType: BloodType | null; profileImage: string | null; bio: string | null; ... 10 more ...; vitalThresholds: { ...; } | null; }' is not assignable to type 'Patient'.
    Types of property 'gender' are incompatible.
      Type 'import("C:/Users/arijm/Music/Esprit-FullStackJs-4twin4-2526-MediFollow/node_modules/.prisma/client/index").$Enums.Gender' is not assignable to type 'import("C:/Users/arijm/Music/Esprit-FullStackJs-4twin4-2526-MediFollow/types/medifollow.types").Gender'.
        Type '"MALE"' is not assignable to type 'Gender'.
libl/actions/patient.actions.ts(252,7): error TS2322: Type '{ vitalThresholds?: Prisma.InputJsonValue | undefined; medications?: Prisma.InputJsonValue | undefined; diagnosis?: string | undefined; dischargeDate?: Date | undefined; ... 4 more ...; dateOfBirth?: Date | undefined; }' is not assignable to type '(Without<PatientUpdateInput, PatientUncheckedUpdateInput> & PatientUncheckedUpdateInput) | (Without<...> & PatientUpdateInput)'.
  Type '{ vitalThresholds?: Prisma.InputJsonValue | undefined; medications?: Prisma.InputJsonValue | undefined; diagnosis?: string | undefined; dischargeDate?: Date | undefined; ... 4 more ...; dateOfBirth?: Date | undefined; }' is not assignable to type 'Without<PatientUncheckedUpdateInput, PatientUpdateInput> & PatientUpdateInput'.
    Types of property 'address' are incompatible.
      Type 'InputJsonValue | undefined' is not assignable to type '(Without<AddressNullableUpdateEnvelopeInput, AddressCreateInput> & AddressCreateInput) | (Without<...> & AddressNullableUpdateEnvelopeInput) | null | undefined'.
        Type 'string' is not assignable to type '(Without<AddressNullableUpdateEnvelopeInput, AddressCreateInput> & AddressCreateInput) | (Without<...> & AddressNullableUpdateEnvelopeInput) | null | undefined'.
libl/actions/patient.actions.ts(291,29): error TS2322: Type '{ id: string; userId: string; medicalRecordNumber: string; dateOfBirth: Date; gender: Gender; bloodType: BloodType | null; profileImage: string | null; bio: string | null; ... 10 more ...; vitalThresholds: { ...; } | null; }' is not assignable to type 'PatientWithUser'.
  Type '{ id: string; userId: string; medicalRecordNumber: string; dateOfBirth: Date; gender: Gender; bloodType: BloodType | null; profileImage: string | null; bio: string | null; ... 10 more ...; vitalThresholds: { ...; } | null; }' is not assignable to type 'Patient'.
    Types of property 'gender' are incompatible.
      Type 'import("C:/Users/arijm/Music/Esprit-FullStackJs-4twin4-2526-MediFollow/node_modules/.prisma/client/index").$Enums.Gender' is not assignable to type 'import("C:/Users/arijm/Music/Esprit-FullStackJs-4twin4-2526-MediFollow/types/medifollow.types").Gender'.
        Type '"MALE"' is not assignable to type 'Gender'.
libl/actions/patient.actions.ts(363,5): error TS2322: Type '({ user: { id: string; isActive: boolean; createdAt: Date; updatedAt: Date; email: string; firstName: string; lastName: string; role: Role; phoneNumber: string | null; lastLogin: Date | null; }; } & { ...; })[]' is not assignable to type 'PatientWithUser[]'.
  Type '{ user: { id: string; isActive: boolean; createdAt: Date; updatedAt: Date; email: string; firstName: string; lastName: string; role: Role; phoneNumber: string | null; lastLogin: Date | null; }; } & { ...; }' is not assignable to type 'PatientWithUser'.
    Type '{ user: { id: string; isActive: boolean; createdAt: Date; updatedAt: Date; email: string; firstName: string; lastName: string; role: Role; phoneNumber: string | null; lastLogin: Date | null; }; } & { ...; }' is not assignable to type 'Patient'.
      Types of property 'gender' are incompatible.
        Type 'import("C:/Users/arijm/Music/Esprit-FullStackJs-4twin4-2526-MediFollow/node_modules/.prisma/client/index").$Enums.Gender' is not assignable to type 'import("C:/Users/arijm/Music/Esprit-FullStackJs-4twin4-2526-MediFollow/types/medifollow.types").Gender'.
          Type '"MALE"' is not assignable to type 'Gender'.
libl/actions/patient.actions.ts(493,9): error TS2353: Object literal may only specify known properties, and 'reportedAt' does not exist in type 'SymptomWhereInput'.
libl/actions/questionnaire.actions.ts(206,9): error TS2322: Type 'QuestionInput[]' is not assignable to type 'QuestionnaireQuestionUncheckedCreateNestedManyWithoutTemplateInput | QuestionnaireQuestionCreateNestedManyWithoutTemplateInput | undefined'.
libl/actions/questionnaire.actions.ts(358,18): error TS2353: Object literal may only specify known properties, and 'assignedServiceIds' does not exist in type 'QuestionnaireTemplateWhereInput'.
libl/actions/questionnaire.actions.ts(388,15): error TS2322: Type 'QuestionInput[]' is not assignable to type 'QuestionnaireQuestionUncheckedUpdateManyWithoutTemplateNestedInput | QuestionnaireQuestionUpdateManyWithoutTemplateNestedInput | undefined'.
libl/actions/questionnaire.actions.ts(392,40): error TS2339: Property 'assignedServiceIds' does not exist on type '{ id: string; isActive: boolean; createdAt: Date; updatedAt: Date; specialty: string | null; title: string; description: string | null; doctorId: string | null; }'.
libl/actions/questionnaire.actions.ts(409,15): error TS2322: Type 'QuestionInput[]' is not assignable to type 'QuestionnaireQuestionUncheckedCreateNestedManyWithoutTemplateInput | QuestionnaireQuestionCreateNestedManyWithoutTemplateInput | undefined'.
libl/ai/admin-intelligence.ts(466,11): error TS2322: Type '{ status: AlertStatus.OPEN; NOT: { readonly AND: readonly [{ readonly alertType: AlertType.SYSTEM; }, { readonly severity: AlertSeverity.LOW; }, { readonly message: { readonly contains: "collection 'alerts'"; readonly mode: "insensitive"; }; }]; }; }' is not assignable to type 'AlertWhereInput'.
  Types of property 'NOT' are incompatible.
    Type '{ readonly AND: readonly [{ readonly alertType: AlertType.SYSTEM; }, { readonly severity: AlertSeverity.LOW; }, { readonly message: { readonly contains: "collection 'alerts'"; readonly mode: "insensitive"; }; }]; }' is not assignable to type 'AlertWhereInput | AlertWhereInput[] | undefined'.
      Type '{ readonly AND: readonly [{ readonly alertType: AlertType.SYSTEM; }, { readonly severity: AlertSeverity.LOW; }, { readonly message: { readonly contains: "collection 'alerts'"; readonly mode: "insensitive"; }; }]; }' is not assignable to type 'AlertWhereInput'.
        Types of property 'AND' are incompatible.
          Type 'readonly [{ readonly alertType: AlertType.SYSTEM; }, { readonly severity: AlertSeverity.LOW; }, { readonly message: { readonly contains: "collection 'alerts'"; readonly mode: "insensitive"; }; }]' is not assignable to type 'AlertWhereInput | AlertWhereInput[] | undefined'.
            The type 'readonly [{ readonly alertType: AlertType.SYSTEM; }, { readonly severity: AlertSeverity.LOW; }, { readonly message: { readonly contains: "collection 'alerts'"; readonly mode: "insensitive"; }; }]' is 'readonly' and cannot be assigned to the mutable type 'AlertWhereInput[]'.
libl/ai/admin-intelligence.ts(469,11): error TS2322: Type '{ severity: AlertSeverity.CRITICAL; status: AlertStatus.OPEN; NOT: { readonly AND: readonly [{ readonly alertType: AlertType.SYSTEM; }, { readonly severity: AlertSeverity.LOW; }, { ...; }]; }; }' is not assignable to type 'AlertWhereInput'.
  Types of property 'NOT' are incompatible.
    Type '{ readonly AND: readonly [{ readonly alertType: AlertType.SYSTEM; }, { readonly severity: AlertSeverity.LOW; }, { readonly message: { readonly contains: "collection 'alerts'"; readonly mode: "insensitive"; }; }]; }' is not assignable to type 'AlertWhereInput | AlertWhereInput[] | undefined'.
      Type '{ readonly AND: readonly [{ readonly alertType: AlertType.SYSTEM; }, { readonly severity: AlertSeverity.LOW; }, { readonly message: { readonly contains: "collection 'alerts'"; readonly mode: "insensitive"; }; }]; }' is not assignable to type 'AlertWhereInput'.
        Types of property 'AND' are incompatible.
          Type 'readonly [{ readonly alertType: AlertType.SYSTEM; }, { readonly severity: AlertSeverity.LOW; }, { readonly message: { readonly contains: "collection 'alerts'"; readonly mode: "insensitive"; }; }]' is not assignable to type 'AlertWhereInput | AlertWhereInput[] | undefined'.
            The type 'readonly [{ readonly alertType: AlertType.SYSTEM; }, { readonly severity: AlertSeverity.LOW; }, { readonly message: { readonly contains: "collection 'alerts'"; readonly mode: "insensitive"; }; }]' is 'readonly' and cannot be assigned to the mutable type 'AlertWhereInput[]'.
libl/ai/admin-intelligence.ts(527,9): error TS2322: Type '{ severity: AlertSeverity.CRITICAL; status: { in: (AlertStatus.OPEN | AlertStatus.ACKNOWLEDGED)[]; }; createdAt: { gte: Date; lte: Date; }; NOT: { readonly AND: readonly [{ readonly alertType: AlertType.SYSTEM; }, { ...; }, { ...; }]; }; }' is not assignable to type 'AlertWhereInput'.
  Types of property 'NOT' are incompatible.
    Type '{ readonly AND: readonly [{ readonly alertType: AlertType.SYSTEM; }, { readonly severity: AlertSeverity.LOW; }, { readonly message: { readonly contains: "collection 'alerts'"; readonly mode: "insensitive"; }; }]; }' is not assignable to type 'AlertWhereInput | AlertWhereInput[] | undefined'.
      Type '{ readonly AND: readonly [{ readonly alertType: AlertType.SYSTEM; }, { readonly severity: AlertSeverity.LOW; }, { readonly message: { readonly contains: "collection 'alerts'"; readonly mode: "insensitive"; }; }]; }' is not assignable to type 'AlertWhereInput'.
        Types of property 'AND' are incompatible.
          Type 'readonly [{ readonly alertType: AlertType.SYSTEM; }, { readonly severity: AlertSeverity.LOW; }, { readonly message: { readonly contains: "collection 'alerts'"; readonly mode: "insensitive"; }; }]' is not assignable to type 'AlertWhereInput | AlertWhereInput[] | undefined'.
            The type 'readonly [{ readonly alertType: AlertType.SYSTEM; }, { readonly severity: AlertSeverity.LOW; }, { readonly message: { readonly contains: "collection 'alerts'"; readonly mode: "insensitive"; }; }]' is 'readonly' and cannot be assigned to the mutable type 'AlertWhereInput[]'.
libl/ai/admin-intelligence.ts(615,9): error TS2322: Type '{ status: AlertStatus.OPEN; NOT: { readonly AND: readonly [{ readonly alertType: AlertType.SYSTEM; }, { readonly severity: AlertSeverity.LOW; }, { readonly message: { readonly contains: "collection 'alerts'"; readonly mode: "insensitive"; }; }]; }; }' is not assignable to type 'AlertWhereInput'.
  Types of property 'NOT' are incompatible.
    Type '{ readonly AND: readonly [{ readonly alertType: AlertType.SYSTEM; }, { readonly severity: AlertSeverity.LOW; }, { readonly message: { readonly contains: "collection 'alerts'"; readonly mode: "insensitive"; }; }]; }' is not assignable to type 'AlertWhereInput | AlertWhereInput[] | undefined'.
      Type '{ readonly AND: readonly [{ readonly alertType: AlertType.SYSTEM; }, { readonly severity: AlertSeverity.LOW; }, { readonly message: { readonly contains: "collection 'alerts'"; readonly mode: "insensitive"; }; }]; }' is not assignable to type 'AlertWhereInput'.
        Types of property 'AND' are incompatible.
          Type 'readonly [{ readonly alertType: AlertType.SYSTEM; }, { readonly severity: AlertSeverity.LOW; }, { readonly message: { readonly contains: "collection 'alerts'"; readonly mode: "insensitive"; }; }]' is not assignable to type 'AlertWhereInput | AlertWhereInput[] | undefined'.
            The type 'readonly [{ readonly alertType: AlertType.SYSTEM; }, { readonly severity: AlertSeverity.LOW; }, { readonly message: { readonly contains: "collection 'alerts'"; readonly mode: "insensitive"; }; }]' is 'readonly' and cannot be assigned to the mutable type 'AlertWhereInput[]'.
libl/ai/admin-intelligence.ts(618,9): error TS2322: Type '{ severity: AlertSeverity.CRITICAL; status: AlertStatus.OPEN; NOT: { readonly AND: readonly [{ readonly alertType: AlertType.SYSTEM; }, { readonly severity: AlertSeverity.LOW; }, { ...; }]; }; }' is not assignable to type 'AlertWhereInput'.
  Types of property 'NOT' are incompatible.
    Type '{ readonly AND: readonly [{ readonly alertType: AlertType.SYSTEM; }, { readonly severity: AlertSeverity.LOW; }, { readonly message: { readonly contains: "collection 'alerts'"; readonly mode: "insensitive"; }; }]; }' is not assignable to type 'AlertWhereInput | AlertWhereInput[] | undefined'.
      Type '{ readonly AND: readonly [{ readonly alertType: AlertType.SYSTEM; }, { readonly severity: AlertSeverity.LOW; }, { readonly message: { readonly contains: "collection 'alerts'"; readonly mode: "insensitive"; }; }]; }' is not assignable to type 'AlertWhereInput'.
        Types of property 'AND' are incompatible.
          Type 'readonly [{ readonly alertType: AlertType.SYSTEM; }, { readonly severity: AlertSeverity.LOW; }, { readonly message: { readonly contains: "collection 'alerts'"; readonly mode: "insensitive"; }; }]' is not assignable to type 'AlertWhereInput | AlertWhereInput[] | undefined'.
            The type 'readonly [{ readonly alertType: AlertType.SYSTEM; }, { readonly severity: AlertSeverity.LOW; }, { readonly message: { readonly contains: "collection 'alerts'"; readonly mode: "insensitive"; }; }]' is 'readonly' and cannot be assigned to the mutable type 'AlertWhereInput[]'.
libl/mongodb.ts(4,49): error TS2307: Cannot find module 'mongodb' or its corresponding type declarations.
libl/utils.ts(86,9): error TS2739: Type '{ PATIENT: string; DOCTOR: string; ADMIN: string; }' is missing the following properties from type 'Record<Role, string>': NURSE, COORDINATOR
scratch/test-action.ts(1,37): error TS2307: Cannot find module './lib/actions/coordinator.actions' or its corresponding type declarations.
scratch/test-action.ts(2,20): error TS2307: Cannot find module './lib/prisma' or its corresponding type declarations.
scratch/verify-enhanced-patients.ts(1,48): error TS2307: Cannot find module './lib/actions/coordinator.actions' or its corresponding type declarations.
scratch/verify-enhanced-patients.ts(2,20): error TS2307: Cannot find module './lib/prisma' or its corresponding type declarations.
scripts/create-access-grant.ts(123,37): error TS2353: Object literal may only specify known properties, and 'updatedAt' does not exist in type '(Without<AccessGrantUpdateInput, AccessGrantUncheckedUpdateInput> & AccessGrantUncheckedUpdateInput) | (Without<...> & AccessGrantUpdateInput)'.
scripts/create-access-grant.ts(170,30): error TS7006: Parameter 'code' implicitly has an 'any' type.
scripts/create-test-nurse.ts(42,9): error TS2353: Object literal may only specify known properties, and 'mustChangePassword' does not exist in type '(Without<UserCreateInput, UserUncheckedCreateInput> & UserUncheckedCreateInput) | (Without<...> & UserCreateInput)'.
scripts/create-test-nurse.ts(55,9): error TS2353: Object literal may only specify known properties, and 'licenseNumber' does not exist in type 'Without<NurseProfileCreateInput, NurseProfileUncheckedCreateInput> & NurseProfileUncheckedCreateInput'.
scripts/create-test-nurse.ts(65,45): error TS2339: Property 'licenseNumber' does not exist on type '{ id: string; userId: string; profileImage: string | null; createdAt: Date; updatedAt: Date; phone: string | null; shift: string | null; department: string | null; }'.
scripts/create-test-nurse.ts(66,52): error TS2339: Property 'specialization' does not exist on type '{ id: string; userId: string; profileImage: string | null; createdAt: Date; updatedAt: Date; phone: string | null; shift: string | null; department: string | null; }'.
scripts/create-test-nurse.ts(81,37): error TS2339: Property 'patientReminder' does not exist on type 'PrismaClient<PrismaClientOptions, never, DefaultArgs>'.
scripts/create-test-nurse.ts(110,11): error TS2322: Type 'string' is not assignable to type 'AlertSeverity'.
scripts/reset-password.ts(8,20): error TS7016: Could not find a declaration file for module 'bcrypt'. 'C:/Users/arijm/Music/Esprit-FullStackJs-4twin4-2526-MediFollow/node_modules/bcrypt/bcrypt.js' implicitly has an 'any' type.
  Try `npm i --save-dev @types/bcrypt` if it exists or add a new declaration (.d.ts) file containing `declare module 'bcrypt';`
test-blockchain.ts(56,36): error TS18048: 'details.grantedAt' is possibly 'undefined'.
test-blockchain.ts(57,36): error TS18048: 'details.expiresAt' is possibly 'undefined'.
